Archive member included to satisfy reference by file (symbol)

app/libapp.a(main.c.obj)      (--whole-archive)
app/libapp.a(adc.c.obj)       (--whole-archive)
zephyr/libzephyr.a(heap.c.obj)
                              (--whole-archive)
zephyr/libzephyr.a(cbprintf_packaged.c.obj)
                              (--whole-archive)
zephyr/libzephyr.a(printk.c.obj)
                              (--whole-archive)
zephyr/libzephyr.a(sem.c.obj)
                              (--whole-archive)
zephyr/libzephyr.a(thread_entry.c.obj)
                              (--whole-archive)
zephyr/libzephyr.a(cbprintf_complete.c.obj)
                              (--whole-archive)
zephyr/libzephyr.a(assert.c.obj)
                              (--whole-archive)
zephyr/libzephyr.a(mpsc_pbuf.c.obj)
                              (--whole-archive)
zephyr/libzephyr.a(dec.c.obj)
                              (--whole-archive)
zephyr/libzephyr.a(hex.c.obj)
                              (--whole-archive)
zephyr/libzephyr.a(rb.c.obj)  (--whole-archive)
zephyr/libzephyr.a(timeutil.c.obj)
                              (--whole-archive)
zephyr/libzephyr.a(bitarray.c.obj)
                              (--whole-archive)
zephyr/libzephyr.a(onoff.c.obj)
                              (--whole-archive)
zephyr/libzephyr.a(notify.c.obj)
                              (--whole-archive)
zephyr/libzephyr.a(ring_buffer.c.obj)
                              (--whole-archive)
zephyr/libzephyr.a(last_section_id.c.obj)
                              (--whole-archive)
zephyr/libzephyr.a(configs.c.obj)
                              (--whole-archive)
zephyr/libzephyr.a(log_core.c.obj)
                              (--whole-archive)
zephyr/libzephyr.a(log_mgmt.c.obj)
                              (--whole-archive)
zephyr/libzephyr.a(log_cache.c.obj)
                              (--whole-archive)
zephyr/libzephyr.a(log_msg.c.obj)
                              (--whole-archive)
zephyr/libzephyr.a(log_output.c.obj)
                              (--whole-archive)
zephyr/libzephyr.a(log_backend_uart.c.obj)
                              (--whole-archive)
zephyr/libzephyr.a(mem_attr.c.obj)
                              (--whole-archive)
zephyr/libzephyr.a(tracing_none.c.obj)
                              (--whole-archive)
zephyr/libzephyr.a(banner.c.obj)
                              (--whole-archive)
zephyr/libzephyr.a(flash_map_partition_manager.c.obj)
                              (--whole-archive)
zephyr/arch/common/libarch__common.a(sw_isr_common.c.obj)
                              (--whole-archive)
zephyr/arch/arch/arm/core/libarch__arm__core.a(fatal.c.obj)
                              (--whole-archive)
zephyr/arch/arch/arm/core/libarch__arm__core.a(nmi.c.obj)
                              (--whole-archive)
zephyr/arch/arch/arm/core/libarch__arm__core.a(nmi_on_reset.S.obj)
                              (--whole-archive)
zephyr/arch/arch/arm/core/libarch__arm__core.a(tls.c.obj)
                              (--whole-archive)
zephyr/arch/arch/arm/core/cortex_m/libarch__arm__core__cortex_m.a(exc_exit.c.obj)
                              (--whole-archive)
zephyr/arch/arch/arm/core/cortex_m/libarch__arm__core__cortex_m.a(fault.c.obj)
                              (--whole-archive)
zephyr/arch/arch/arm/core/cortex_m/libarch__arm__core__cortex_m.a(fault_s.S.obj)
                              (--whole-archive)
zephyr/arch/arch/arm/core/cortex_m/libarch__arm__core__cortex_m.a(fpu.c.obj)
                              (--whole-archive)
zephyr/arch/arch/arm/core/cortex_m/libarch__arm__core__cortex_m.a(reset.S.obj)
                              (--whole-archive)
zephyr/arch/arch/arm/core/cortex_m/libarch__arm__core__cortex_m.a(scb.c.obj)
                              (--whole-archive)
zephyr/arch/arch/arm/core/cortex_m/libarch__arm__core__cortex_m.a(thread_abort.c.obj)
                              (--whole-archive)
zephyr/arch/arch/arm/core/cortex_m/libarch__arm__core__cortex_m.a(vector_table.S.obj)
                              (--whole-archive)
zephyr/arch/arch/arm/core/cortex_m/libarch__arm__core__cortex_m.a(swap_helper.S.obj)
                              (--whole-archive)
zephyr/arch/arch/arm/core/cortex_m/libarch__arm__core__cortex_m.a(irq_manage.c.obj)
                              (--whole-archive)
zephyr/arch/arch/arm/core/cortex_m/libarch__arm__core__cortex_m.a(prep_c.c.obj)
                              (--whole-archive)
zephyr/arch/arch/arm/core/cortex_m/libarch__arm__core__cortex_m.a(thread.c.obj)
                              (--whole-archive)
zephyr/arch/arch/arm/core/cortex_m/libarch__arm__core__cortex_m.a(cpu_idle.c.obj)
                              (--whole-archive)
zephyr/arch/arch/arm/core/cortex_m/libarch__arm__core__cortex_m.a(irq_init.c.obj)
                              (--whole-archive)
zephyr/arch/arch/arm/core/cortex_m/libarch__arm__core__cortex_m.a(isr_wrapper.c.obj)
                              (--whole-archive)
[...]
Memory Configuration

Name             Origin             Length             Attributes
FLASH            0x0000000000008000 0x00000000000f8000 xr
RAM              0x0000000020008000 0x0000000000068000 xw
IDT_LIST         0x00000000ffff7fff 0x0000000000008000 xw
*default*        0x0000000000000000 0xffffffffffffffff

Linker script and memory map

                0x000000000000f0ec                vfprintf = __l_vfprintf
                0x0000000000000000                vfscanf = __l_vfscanf
LOAD zephyr/CMakeFiles/zephyr_final.dir/misc/empty_file.c.obj
LOAD zephyr/CMakeFiles/zephyr_final.dir/isr_tables.c.obj
LOAD zephyr/CMakeFiles/offsets.dir/./arch/arm/core/offsets/offsets.c.obj
LOAD tfm/api_ns/interface/lib/s_veneers.o
LOAD app/libapp.a
LOAD zephyr/libzephyr.a
LOAD zephyr/arch/common/libarch__common.a
LOAD zephyr/arch/arch/arm/core/libarch__arm__core.a
LOAD zephyr/arch/arch/arm/core/cortex_m/libarch__arm__core__cortex_m.a
LOAD zephyr/arch/arch/arm/core/cortex_m/cmse/libarch__arm__core__cortex_m__cmse.a
LOAD zephyr/arch/arch/arm/core/mpu/libarch__arm__core__mpu.a
LOAD zephyr/lib/libc/picolibc/liblib__libc__picolibc.a
LOAD zephyr/lib/libc/common/liblib__libc__common.a
LOAD zephyr/soc/soc/nrf5340/libsoc__nordic.a
LOAD zephyr/drivers/adc/libdrivers__adc.a
LOAD zephyr/drivers/clock_control/libdrivers__clock_control.a
LOAD zephyr/drivers/console/libdrivers__console.a
LOAD zephyr/drivers/gpio/libdrivers__gpio.a
LOAD zephyr/drivers/pinctrl/libdrivers__pinctrl.a
LOAD zephyr/drivers/serial/libdrivers__serial.a
LOAD zephyr/drivers/timer/libdrivers__timer.a
LOAD modules/nrf/lib/dk_buttons_and_leds/lib..__nrf__lib__dk_buttons_and_leds.a
LOAD modules/nrf/subsys/nrf_security/src/zephyr/libmbedtls_zephyr.a
LOAD modules/nrf/modules/trusted-firmware-m/lib..__nrf__modules__trusted-firmware-m.a
LOAD modules/nrf/modules/trusted-firmware-m/libtfm_api_nrf.a
LOAD modules/trusted-firmware-m/libtfm_api.a
LOAD modules/hal_nordic/modules/hal_nordic/nrfx/libmodules__hal_nordic__nrfx.a
LOAD zephyr/kernel/libkernel.a
LOAD modules/nrf/subsys/nrf_security/src/libmbedcrypto.a
LOAD modules/nrf/subsys/nrf_security/src/libmbedcrypto_base.a
LOAD modules/nrf/subsys/nrf_security/src/libnrf_security_utils.a
LOAD zephyr/kernel/libkernel.a
LOAD C:/ncs/v3.1.1/nrfxlib/crypto/nrf_oberon/lib/cortex-m33/soft-float/liboberon_mbedtls_3.0.17.a
LOAD C:/ncs/v3.1.1/nrfxlib/crypto/nrf_oberon/lib/cortex-m33/soft-float/liboberon_3.0.17.a
LOAD zephyr/arch/common/libisr_tables.a
LOAD c:\ncs\toolchains\b8b84efebd\opt\zephyr-sdk\arm-zephyr-eabi\bin\../lib/gcc/../../picolibc/arm-zephyr-eabi/lib/thumb/v8-m.main/nofp\libc.a
LOAD c:/ncs/toolchains/b8b84efebd/opt/zephyr-sdk/arm-zephyr-eabi/bin/../lib/gcc/arm-zephyr-eabi/12.2.0/thumb/v8-m.main/nofp\libgcc.a
                0x0000000000000020                _region_min_align = 0x20

.rel.plt        0x0000000000008000        0x0
 *(SORT_BY_ALIGNMENT(.rel.plt))
                [!provide]                        PROVIDE (__rel_iplt_start = .)
 *(SORT_BY_ALIGNMENT(.rel.iplt))
 .rel.iplt      0x0000000000008000        0x0 zephyr/CMakeFiles/zephyr_final.dir/isr_tables.c.obj
                [!provide]                        PROVIDE (__rel_iplt_end = .)

.rela.plt       0x0000000000000000        0x0
 *(SORT_BY_ALIGNMENT(.rela.plt))
                [!provide]                        PROVIDE (__rela_iplt_start = .)
 *(SORT_BY_ALIGNMENT(.rela.iplt))
                [!provide]                        PROVIDE (__rela_iplt_end = .)

.rel.dyn
 *(SORT_BY_ALIGNMENT(.rel.*))

.rela.dyn
 *(SORT_BY_ALIGNMENT(.rela.*))

/DISCARD/
 *(SORT_BY_ALIGNMENT(.plt))

/DISCARD/
 *(SORT_BY_ALIGNMENT(.iplt))
                0x0000000000008000                __rom_region_start = 0x8000

rom_start       0x0000000000008000      0x154
                0x0000000000008000                __rom_start_address = .
 FILL mask 0x00
                0x0000000000008000                . = (. + (0x0 - (. - __rom_start_address)))
                0x0000000000008000                . = ALIGN (0x4)
                0x0000000000008000                . = ALIGN (0x80)
                0x0000000000008000                . = ALIGN (0x200)
                0x0000000000008000                _vector_start = .
 *(SORT_BY_ALIGNMENT(.exc_vector_table))
 *(SORT_BY_ALIGNMENT(.exc_vector_table.*))
 .exc_vector_table._vector_table_section
                0x0000000000008000       0x40 zephyr/arch/arch/arm/core/cortex_m/libarch__arm__core__cortex_m.a(vector_table.S.obj)
                0x0000000000008000                _vector_table
 *(SORT_BY_ALIGNMENT(.vectors))
                0x0000000000008154                _vector_end = .
                0x0000000000008040                . = ALIGN (0x4)
 *(SORT_BY_ALIGNMENT(.gnu.linkonce.irq_vector_table*))
 .gnu.linkonce.irq_vector_table
                0x0000000000008040      0x114 zephyr/CMakeFiles/zephyr_final.dir/isr_tables.c.obj
                0x0000000000008040                _irq_vector_table
                0x0000000000008154                _vector_end = .

text            0x0000000000008154     0x8ba0
                0x0000000000008154                __text_region_start = .
 *(SORT_BY_ALIGNMENT(.text))
 .text          0x0000000000008154       0x30 c:/ncs/toolchains/b8b84efebd/opt/zephyr-sdk/arm-zephyr-eabi/bin/../lib/gcc/arm-zephyr-eabi/12.2.0/thumb/v8-m.main/nofp\libgcc.a(_aeabi_uldivmod.o)
                0x0000000000008154                __aeabi_uldivmod
 .text          0x0000000000008184        0x4 c:/ncs/toolchains/b8b84efebd/opt/zephyr-sdk/arm-zephyr-eabi/bin/../lib/gcc/arm-zephyr-eabi/12.2.0/thumb/v8-m.main/nofp\libgcc.a(_dvmd_tls.o)
                0x0000000000008184                __aeabi_idiv0
                0x0000000000008184                __aeabi_ldiv0
 .text          0x0000000000008188       0x10 c:\ncs\toolchains\b8b84efebd\opt\zephyr-sdk\arm-zephyr-eabi\bin\../lib/gcc/../../picolibc/arm-zephyr-eabi/lib/thumb/v8-m.main/nofp\libc.a(strlen.S.o)
                0x0000000000008188                strlen
 .text          0x0000000000008198      0x29c c:/ncs/toolchains/b8b84efebd/opt/zephyr-sdk/arm-zephyr-eabi/bin/../lib/gcc/arm-zephyr-eabi/12.2.0/thumb/v8-m.main/nofp\libgcc.a(_udivmoddi4.o)
                0x0000000000008198                __udivmoddi4
 *(SORT_BY_ALIGNMENT(.text.*))
 .text.button_changed
                0x0000000000008434       0x54 app/libapp.a(main.c.obj)
 .text.main     0x0000000000008488       0xb4 app/libapp.a(main.c.obj)
                0x0000000000008488                main
 .text.initializeADC
                0x000000000000853c       0x5c app/libapp.a(adc.c.obj)
                0x000000000000853c                initializeADC
 .text.readADCValue
                0x0000000000008598      0x10c app/libapp.a(adc.c.obj)
                0x0000000000008598                readADCValue
 .text.cbvprintf_package
                0x00000000000086a4      0x3a4 zephyr/libzephyr.a(cbprintf_packaged.c.obj)
                0x00000000000086a4                cbvprintf_package
 .text.cbprintf_package_convert
                0x0000000000008a48      0x3cc zephyr/libzephyr.a(cbprintf_packaged.c.obj)
                0x0000000000008a48                cbprintf_package_convert
 .text.__printk_hook_install
                0x0000000000008e14        0xc zephyr/libzephyr.a(printk.c.obj)
                0x0000000000008e14                __printk_hook_install
 .text.z_thread_entry
                0x0000000000008e20       0x34 zephyr/libzephyr.a(thread_entry.c.obj)
                0x0000000000008e20                z_thread_entry
 .text.process_event
                0x0000000000008e54      0x21c zephyr/libzephyr.a(onoff.c.obj)
 .text.activate_foreach_backend
                0x0000000000009070       0x64 zephyr/libzephyr.a(log_core.c.obj)
 .text.enable_logger
                0x00000000000090d4       0x5c zephyr/libzephyr.a(log_core.c.obj)
 .text.log_process_thread_timer_expiry_fn
                0x0000000000009130        0xc zephyr/libzephyr.a(log_core.c.obj)
 .text.z_log_init
                0x000000000000913c       0x98 zephyr/libzephyr.a(log_core.c.obj)
 .text.log_format_func_t_get
                0x00000000000091d4        0xc zephyr/libzephyr.a(log_core.c.obj)
                0x00000000000091d4                log_format_func_t_get
 .text.log_set_timestamp_func
                0x00000000000091e0       0x20 zephyr/libzephyr.a(log_core.c.obj)
                0x00000000000091e0                log_set_timestamp_func
 .text.z_log_notify_backend_enabled
                0x0000000000009200       0x1c zephyr/libzephyr.a(log_core.c.obj)
                0x0000000000009200                z_log_notify_backend_enabled
 .text.z_log_dropped
                0x000000000000921c       0x3c zephyr/libzephyr.a(log_core.c.obj)
                0x000000000000921c                z_log_dropped
 .text.z_log_dropped_read_and_clear
                0x0000000000009258       0x18 zephyr/libzephyr.a(log_core.c.obj)
                0x0000000000009258                z_log_dropped_read_and_clear
 .text.dropped_notify
                0x0000000000009270       0x30 zephyr/libzephyr.a(log_core.c.obj)
                0x0000000000009270                dropped_notify
 .text.z_log_msg_init
                0x00000000000092a0       0x20 zephyr/libzephyr.a(log_core.c.obj)
                0x00000000000092a0                z_log_msg_init
 .text.log_core_init
                0x00000000000092c0       0x50 zephyr/libzephyr.a(log_core.c.obj)
                0x00000000000092c0                log_core_init
 .text.z_log_msg_alloc
                0x0000000000009310       0x10 zephyr/libzephyr.a(log_core.c.obj)
                0x0000000000009310                z_log_msg_alloc
 .text.z_log_msg_local_claim
                0x0000000000009320        0xc zephyr/libzephyr.a(log_core.c.obj)
                0x0000000000009320                z_log_msg_local_claim
 .text.z_log_msg_free
                0x000000000000932c       0x10 zephyr/libzephyr.a(log_core.c.obj)
                0x000000000000932c                z_log_msg_free
 .text.z_log_msg_pending
                0x000000000000933c        0xc zephyr/libzephyr.a(log_core.c.obj)
                0x000000000000933c                z_log_msg_pending
 .text.z_impl_log_process
                0x0000000000009348       0xb8 zephyr/libzephyr.a(log_core.c.obj)
                0x0000000000009348                z_impl_log_process
 .text.z_impl_log_panic
                0x0000000000009400       0x44 zephyr/libzephyr.a(log_core.c.obj)
                0x0000000000009400                z_impl_log_panic
 .text.log_process_thread_func
                0x0000000000009444       0xa4 zephyr/libzephyr.a(log_core.c.obj)
 .text.z_log_msg_post_finalize
                0x00000000000094e8       0x78 zephyr/libzephyr.a(log_core.c.obj)
 .text.z_log_msg_commit
                0x0000000000009560       0x24 zephyr/libzephyr.a(log_core.c.obj)
                0x0000000000009560                z_log_msg_commit
 .text.log_source_name_get
                0x0000000000009584       0x1c zephyr/libzephyr.a(log_mgmt.c.obj)
                0x0000000000009584                log_source_name_get
 .text.z_impl_z_log_msg_static_create
                0x00000000000095a0      0x108 zephyr/libzephyr.a(log_msg.c.obj)
                0x00000000000095a0                z_impl_z_log_msg_static_create
 .text.z_log_msg_runtime_vcreate
                0x00000000000096a8       0xa0 zephyr/libzephyr.a(log_msg.c.obj)
                0x00000000000096a8                z_log_msg_runtime_vcreate
 .text.log_msg_get_source_id
                0x0000000000009748       0x18 zephyr/libzephyr.a(log_msg.c.obj)
                0x0000000000009748                log_msg_get_source_id
 .text.print_formatted
                0x0000000000009760       0x24 zephyr/libzephyr.a(log_output.c.obj)
 .text.newline_print
                0x0000000000009784       0x1c zephyr/libzephyr.a(log_output.c.obj)
 .text.log_output_process
                0x00000000000097a0      0x2d4 zephyr/libzephyr.a(log_output.c.obj)
                0x00000000000097a0                log_output_process
 .text.log_output_dropped_process
                0x0000000000009a74       0x58 zephyr/libzephyr.a(log_output.c.obj)
                0x0000000000009a74                log_output_dropped_process
 .text.log_output_timestamp_freq_set
                0x0000000000009acc       0x2c zephyr/libzephyr.a(log_output.c.obj)
                0x0000000000009acc                log_output_timestamp_freq_set
 .text.char_out
                0x0000000000009af8       0x24 zephyr/libzephyr.a(log_backend_uart.c.obj)
 .text.mem_attr_get_regions
                0x0000000000009b1c        0xc zephyr/libzephyr.a(mem_attr.c.obj)
                0x0000000000009b1c                mem_attr_get_regions
 .text.boot_banner
                0x0000000000009b28       0x1c zephyr/libzephyr.a(banner.c.obj)
                0x0000000000009b28                boot_banner
 .text.z_arm_fatal_error
                0x0000000000009b44       0xb8 zephyr/arch/arch/arm/core/libarch__arm__core.a(fatal.c.obj)
                0x0000000000009b44                z_arm_fatal_error
 .text.z_SysNmiOnReset
                0x0000000000009bfc        0x8 zephyr/arch/arch/arm/core/libarch__arm__core.a(nmi_on_reset.S.obj)
                0x0000000000009bfc                z_SysNmiOnReset
 .text.arch_tls_stack_setup
                0x0000000000009c04       0x40 zephyr/arch/arch/arm/core/libarch__arm__core.a(tls.c.obj)
                0x0000000000009c04                arch_tls_stack_setup
 .text._HandlerModeExit
                0x0000000000009c44       0x20 zephyr/arch/arch/arm/core/cortex_m/libarch__arm__core__cortex_m.a(exc_exit.c.obj)
                0x0000000000009c44                z_arm_int_exit
                0x0000000000009c44                z_arm_exc_exit
 .text.mem_manage_fault.constprop.0
                0x0000000000009c64       0xd0 zephyr/arch/arch/arm/core/cortex_m/libarch__arm__core__cortex_m.a(fault.c.obj)
 .text.usage_fault.constprop.0
                0x0000000000009d34       0xbc zephyr/arch/arch/arm/core/cortex_m/libarch__arm__core__cortex_m.a(fault.c.obj)
 .text.bus_fault.constprop.0
                0x0000000000009df0       0xd0 zephyr/arch/arch/arm/core/cortex_m/libarch__arm__core__cortex_m.a(fault.c.obj)
 .text.z_arm_fault
                0x0000000000009ec0      0x1e0 zephyr/arch/arch/arm/core/cortex_m/libarch__arm__core__cortex_m.a(fault.c.obj)
                0x0000000000009ec0                z_arm_fault
 .text.z_arm_fault_init
                0x000000000000a0a0       0x20 zephyr/arch/arch/arm/core/cortex_m/libarch__arm__core__cortex_m.a(fault.c.obj)
                0x000000000000a0a0                z_arm_fault_init
 .text.__fault  0x000000000000a0c0       0x14 zephyr/arch/arch/arm/core/cortex_m/libarch__arm__core__cortex_m.a(fault_s.S.obj)
                0x000000000000a0c0                z_arm_usage_fault
                0x000000000000a0c0                z_arm_mpu_fault
                0x000000000000a0c0                z_arm_exc_spurious
                0x000000000000a0c0                z_arm_debug_monitor
                0x000000000000a0c0                z_arm_hard_fault
                0x000000000000a0c0                z_arm_bus_fault
 .text._reset_section
                0x000000000000a0d4       0x60 zephyr/arch/arch/arm/core/cortex_m/libarch__arm__core__cortex_m.a(reset.S.obj)
                0x000000000000a0d4                __start
                0x000000000000a0d4                z_arm_reset
 .text.z_arm_clear_arm_mpu_config
                0x000000000000a134       0x24 zephyr/arch/arch/arm/core/cortex_m/libarch__arm__core__cortex_m.a(scb.c.obj)
                0x000000000000a134                z_arm_clear_arm_mpu_config
 .text.z_arm_init_arch_hw_at_boot
                0x000000000000a158       0x4c zephyr/arch/arch/arm/core/cortex_m/libarch__arm__core__cortex_m.a(scb.c.obj)
                0x000000000000a158                z_arm_init_arch_hw_at_boot
 .text.z_impl_k_thread_abort
                0x000000000000a1a4       0x2c zephyr/arch/arch/arm/core/cortex_m/libarch__arm__core__cortex_m.a(thread_abort.c.obj)
                0x000000000000a1a4                z_impl_k_thread_abort
 .text.z_arm_pendsv
                0x000000000000a1d0       0x68 zephyr/arch/arch/arm/core/cortex_m/libarch__arm__core__cortex_m.a(swap_helper.S.obj)
                0x000000000000a1d0                z_arm_pendsv
 .text.z_arm_svc
                0x000000000000a238       0x24 zephyr/arch/arch/arm/core/cortex_m/libarch__arm__core__cortex_m.a(swap_helper.S.obj)
                0x000000000000a238                z_arm_svc
 .text.arm_irq_enable
                0x000000000000a25c       0x1c zephyr/arch/arch/arm/core/cortex_m/libarch__arm__core__cortex_m.a(irq_manage.c.obj)
                0x000000000000a25c                arm_irq_enable
 .text.arm_irq_is_enabled
                0x000000000000a278       0x1c zephyr/arch/arch/arm/core/cortex_m/libarch__arm__core__cortex_m.a(irq_manage.c.obj)
                0x000000000000a278                arm_irq_is_enabled
 .text.arm_irq_priority_set
                0x000000000000a294       0x2c zephyr/arch/arch/arm/core/cortex_m/libarch__arm__core__cortex_m.a(irq_manage.c.obj)
                0x000000000000a294                arm_irq_priority_set
 .text.relocate_vector_table
                0x000000000000a2c0       0x1c zephyr/arch/arch/arm/core/cortex_m/libarch__arm__core__cortex_m.a(prep_c.c.obj)
                0x000000000000a2c0                relocate_vector_table
 .text.z_prep_c
                0x000000000000a2dc       0x28 zephyr/arch/arch/arm/core/cortex_m/libarch__arm__core__cortex_m.a(prep_c.c.obj)
                0x000000000000a2dc                z_prep_c
 .text.arch_new_thread
                0x000000000000a304       0x3c zephyr/arch/arch/arm/core/cortex_m/libarch__arm__core__cortex_m.a(thread.c.obj)
                0x000000000000a304                arch_new_thread
 .text.arch_switch_to_main_thread
                0x000000000000a340       0x40 zephyr/arch/arch/arm/core/cortex_m/libarch__arm__core__cortex_m.a(thread.c.obj)
                0x000000000000a340                arch_switch_to_main_thread
 .text.z_arm_cpu_idle_init
                0x000000000000a380        0xc zephyr/arch/arch/arm/core/cortex_m/libarch__arm__core__cortex_m.a(cpu_idle.c.obj)
                0x000000000000a380                z_arm_cpu_idle_init
 .text.z_arm_interrupt_init
                0x000000000000a38c       0x18 zephyr/arch/arch/arm/core/cortex_m/libarch__arm__core__cortex_m.a(irq_init.c.obj)
                0x000000000000a38c                z_arm_interrupt_init
 .text._isr_wrapper
                0x000000000000a3a4       0x24 zephyr/arch/arch/arm/core/cortex_m/libarch__arm__core__cortex_m.a(isr_wrapper.c.obj)
                0x000000000000a3a4                _isr_wrapper
 .text.z_arm_configure_static_mpu_regions
                0x000000000000a3c8       0x38 zephyr/arch/arch/arm/core/mpu/libarch__arm__core__mpu.a(arm_core_mpu.c.obj)
                0x000000000000a3c8                z_arm_configure_static_mpu_regions
 .text.region_init
                0x000000000000a400       0x34 zephyr/arch/arch/arm/core/mpu/libarch__arm__core__mpu.a(arm_mpu.c.obj)
 .text.region_allocate_and_init
                0x000000000000a434       0x38 zephyr/arch/arch/arm/core/mpu/libarch__arm__core__mpu.a(arm_mpu.c.obj)
 .text.mpu_configure_regions_and_partition.constprop.0
                0x000000000000a46c      0x164 zephyr/arch/arch/arm/core/mpu/libarch__arm__core__mpu.a(arm_mpu.c.obj)
 .text.arm_core_mpu_enable
                0x000000000000a5d0       0x18 zephyr/arch/arch/arm/core/mpu/libarch__arm__core__mpu.a(arm_mpu.c.obj)
                0x000000000000a5d0                arm_core_mpu_enable
 .text.arm_core_mpu_disable
                0x000000000000a5e8       0x14 zephyr/arch/arch/arm/core/mpu/libarch__arm__core__mpu.a(arm_mpu.c.obj)
                0x000000000000a5e8                arm_core_mpu_disable
 .text.arm_core_mpu_configure_static_mpu_regions
                0x000000000000a5fc       0x14 zephyr/arch/arch/arm/core/mpu/libarch__arm__core__mpu.a(arm_mpu.c.obj)
                0x000000000000a5fc                arm_core_mpu_configure_static_mpu_regions
 .text.arm_core_mpu_mark_areas_for_dynamic_regions
                0x000000000000a610       0xb8 zephyr/arch/arch/arm/core/mpu/libarch__arm__core__mpu.a(arm_mpu.c.obj)
                0x000000000000a610                arm_core_mpu_mark_areas_for_dynamic_regions
 .text.z_arm_mpu_init
                0x000000000000a6c8      0x11c zephyr/arch/arch/arm/core/mpu/libarch__arm__core__mpu.a(arm_mpu.c.obj)
                0x000000000000a6c8                z_arm_mpu_init
 .text.cbvprintf
                0x000000000000a7e4       0x38 zephyr/lib/libc/picolibc/liblib__libc__picolibc.a(cbprintf.c.obj)
                0x000000000000a7e4                cbvprintf
 .text.z_impl_zephyr_fputc
                0x000000000000a81c       0x10 zephyr/lib/libc/picolibc/liblib__libc__picolibc.a(stdio.c.obj)
                0x000000000000a81c                z_impl_zephyr_fputc
 .text.__stdout_hook_install
                0x000000000000a82c       0x18 zephyr/lib/libc/picolibc/liblib__libc__picolibc.a(stdio.c.obj)
                0x000000000000a82c                __stdout_hook_install
 .text.malloc_prepare
                0x000000000000a844       0x24 zephyr/lib/libc/common/liblib__libc__common.a(malloc.c.obj)
 .text.z_arm_on_enter_cpu_idle
                0x000000000000a868       0x68 zephyr/soc/soc/nrf5340/libsoc__nordic.a(soc.c.obj)
                0x000000000000a868                z_arm_on_enter_cpu_idle
 .text.soc_late_init_hook
                0x000000000000a8d0       0x58 zephyr/soc/soc/nrf5340/libsoc__nordic.a(soc.c.obj)
                0x000000000000a8d0                soc_late_init_hook
 .text.arch_busy_wait
                0x000000000000a928       0x24 zephyr/soc/soc/nrf5340/libsoc__nordic.a(soc.c.obj)
                0x000000000000a928                arch_busy_wait
 .text.onoff_stop
                0x000000000000a94c       0x24 zephyr/soc/soc/nrf5340/libsoc__nordic.a(nrf53_cpunet_mgmt.c.obj)
 .text.onoff_start
                0x000000000000a970       0x70 zephyr/soc/soc/nrf5340/libsoc__nordic.a(nrf53_cpunet_mgmt.c.obj)
 .text.nrf53_cpunet_mgmt_init
                0x000000000000a9e0       0x10 zephyr/soc/soc/nrf5340/libsoc__nordic.a(nrf53_cpunet_mgmt.c.obj)
                0x000000000000a9e0                nrf53_cpunet_mgmt_init
 .text.adc_gain_invert
                0x000000000000a9f0       0x2c zephyr/drivers/adc/libdrivers__adc.a(adc_common.c.obj)
                0x000000000000a9f0                adc_gain_invert
 .text.adc_context_start_sampling.part.0.constprop.0
                0x000000000000aa1c       0x3c zephyr/drivers/adc/libdrivers__adc.a(adc_nrfx_saadc.c.obj)
 .text.adc_context_start_sampling.constprop.0
                0x000000000000aa58       0x1c zephyr/drivers/adc/libdrivers__adc.a(adc_nrfx_saadc.c.obj)
 .text.adc_context_on_timer_expired
                0x000000000000aa74       0x24 zephyr/drivers/adc/libdrivers__adc.a(adc_nrfx_saadc.c.obj)
 .text.init_saadc.part.0.isra.0
                0x000000000000aa98       0x3c zephyr/drivers/adc/libdrivers__adc.a(adc_nrfx_saadc.c.obj)
 .text.init_saadc
                0x000000000000aad4       0x50 zephyr/drivers/adc/libdrivers__adc.a(adc_nrfx_saadc.c.obj)
 .text.event_handler
                0x000000000000ab24      0x17c zephyr/drivers/adc/libdrivers__adc.a(adc_nrfx_saadc.c.obj)
 .text.adc_nrfx_channel_setup
                0x000000000000aca0      0x190 zephyr/drivers/adc/libdrivers__adc.a(adc_nrfx_saadc.c.obj)
 .text.adc_nrfx_read
                0x000000000000ae30      0x24c zephyr/drivers/adc/libdrivers__adc.a(adc_nrfx_saadc.c.obj)
 .text.onoff_stop
                0x000000000000b07c       0x30 zephyr/drivers/clock_control/libdrivers__clock_control.a(clock_control_nrf.c.obj)
 .text.onoff_start
                0x000000000000b0ac       0x44 zephyr/drivers/clock_control/libdrivers__clock_control.a(clock_control_nrf.c.obj)
 .text.generic_hfclk_stop
                0x000000000000b0f0       0x34 zephyr/drivers/clock_control/libdrivers__clock_control.a(clock_control_nrf.c.obj)
 .text.clk_init
                0x000000000000b124       0x64 zephyr/drivers/clock_control/libdrivers__clock_control.a(clock_control_nrf.c.obj)
 .text.api_blocking_start
                0x000000000000b188       0x34 zephyr/drivers/clock_control/libdrivers__clock_control.a(clock_control_nrf.c.obj)
 .text.clkstarted_handle.constprop.0
                0x000000000000b1bc       0x4c zephyr/drivers/clock_control/libdrivers__clock_control.a(clock_control_nrf.c.obj)
 .text.generic_hfclk_start
                0x000000000000b208       0x7c zephyr/drivers/clock_control/libdrivers__clock_control.a(clock_control_nrf.c.obj)
 .text.clock_event_handler
                0x000000000000b284       0x34 zephyr/drivers/clock_control/libdrivers__clock_control.a(clock_control_nrf.c.obj)
 .text.z_nrf_clock_control_lf_on
                0x000000000000b2b8       0xf4 zephyr/drivers/clock_control/libdrivers__clock_control.a(clock_control_nrf.c.obj)
                0x000000000000b2b8                z_nrf_clock_control_lf_on
 .text.uart_console_init
                0x000000000000b3ac       0x28 zephyr/drivers/console/libdrivers__console.a(uart_console.c.obj)
 .text.console_out
                0x000000000000b3d4       0x28 zephyr/drivers/console/libdrivers__console.a(uart_console.c.obj)
 .text.gpio_nrfx_pin_interrupt_configure
                0x000000000000b3fc      0x120 zephyr/drivers/gpio/libdrivers__gpio.a(gpio_nrfx.c.obj)
 .text.nrfx_gpio_handler
                0x000000000000b51c       0x4c zephyr/drivers/gpio/libdrivers__gpio.a(gpio_nrfx.c.obj)
 .text.gpio_nrfx_init
                0x000000000000b568       0x48 zephyr/drivers/gpio/libdrivers__gpio.a(gpio_nrfx.c.obj)
 .text.gpio_nrfx_pin_configure
                0x000000000000b5b0      0x18c zephyr/drivers/gpio/libdrivers__gpio.a(gpio_nrfx.c.obj)
 .text.nrf_gpio_pin_port_decode
                0x000000000000b73c       0x24 zephyr/drivers/pinctrl/libdrivers__pinctrl.a(pinctrl_nrf.c.obj)
 .text.pinctrl_configure_pins
                0x000000000000b760      0x1a0 zephyr/drivers/pinctrl/libdrivers__pinctrl.a(pinctrl_nrf.c.obj)
                0x000000000000b760                pinctrl_configure_pins
 .text.uarte_nrfx_poll_out
                0x000000000000b900       0xb4 zephyr/drivers/serial/libdrivers__serial.a(uart_nrfx_uarte.c.obj)
 .text.uarte_0_init
                0x000000000000b9b4      0x11c zephyr/drivers/serial/libdrivers__serial.a(uart_nrfx_uarte.c.obj)
 .text.compare_int_lock
                0x000000000000bad0       0x40 zephyr/drivers/timer/libdrivers__timer.a(nrf_rtc_timer.c.obj)
 .text.sys_clock_timeout_handler
                0x000000000000bb10       0x48 zephyr/drivers/timer/libdrivers__timer.a(nrf_rtc_timer.c.obj)
 .text.compare_int_unlock
                0x000000000000bb58       0x4c zephyr/drivers/timer/libdrivers__timer.a(nrf_rtc_timer.c.obj)
 .text.z_nrf_rtc_timer_read
                0x000000000000bba4       0x44 zephyr/drivers/timer/libdrivers__timer.a(nrf_rtc_timer.c.obj)
                0x000000000000bba4                z_nrf_rtc_timer_read
 .text.compare_set
                0x000000000000bbe8      0x124 zephyr/drivers/timer/libdrivers__timer.a(nrf_rtc_timer.c.obj)
 .text.sys_clock_driver_init
                0x000000000000bd0c       0x90 zephyr/drivers/timer/libdrivers__timer.a(nrf_rtc_timer.c.obj)
 .text.rtc_nrf_isr
                0x000000000000bd9c       0xd0 zephyr/drivers/timer/libdrivers__timer.a(nrf_rtc_timer.c.obj)
                0x000000000000bd9c                rtc_nrf_isr
 .text.sys_clock_set_timeout
                0x000000000000be6c       0x5c zephyr/drivers/timer/libdrivers__timer.a(nrf_rtc_timer.c.obj)
                0x000000000000be6c                sys_clock_set_timeout
 .text.sys_clock_elapsed
                0x000000000000bec8       0x14 zephyr/drivers/timer/libdrivers__timer.a(nrf_rtc_timer.c.obj)
                0x000000000000bec8                sys_clock_elapsed
 .text.dk_set_led.part.0
                0x000000000000bedc       0x18 modules/nrf/lib/dk_buttons_and_leds/lib..__nrf__lib__dk_buttons_and_leds.a(dk_buttons_and_leds.c.obj)
 .text.get_buttons.part.0
                0x000000000000bef4       0x18 modules/nrf/lib/dk_buttons_and_leds/lib..__nrf__lib__dk_buttons_and_leds.a(dk_buttons_and_leds.c.obj)
 .text.get_buttons
                0x000000000000bf0c       0x5c modules/nrf/lib/dk_buttons_and_leds/lib..__nrf__lib__dk_buttons_and_leds.a(dk_buttons_and_leds.c.obj)
 .text.dk_set_leds_state.part.0
                0x000000000000bf68       0x58 modules/nrf/lib/dk_buttons_and_leds/lib..__nrf__lib__dk_buttons_and_leds.a(dk_buttons_and_leds.c.obj)
 .text.callback_ctrl
                0x000000000000bfc0       0xa4 modules/nrf/lib/dk_buttons_and_leds/lib..__nrf__lib__dk_buttons_and_leds.a(dk_buttons_and_leds.c.obj)
 .text.button_pressed
                0x000000000000c064       0x6c modules/nrf/lib/dk_buttons_and_leds/lib..__nrf__lib__dk_buttons_and_leds.a(dk_buttons_and_leds.c.obj)
 .text.buttons_scan_fn
                0x000000000000c0d0      0x104 modules/nrf/lib/dk_buttons_and_leds/lib..__nrf__lib__dk_buttons_and_leds.a(dk_buttons_and_leds.c.obj)
 .text.dk_leds_init
                0x000000000000c1d4       0x40 modules/nrf/lib/dk_buttons_and_leds/lib..__nrf__lib__dk_buttons_and_leds.a(dk_buttons_and_leds.c.obj)
                0x000000000000c1d4                dk_leds_init
 .text.dk_read_buttons
                0x000000000000c214       0x20 modules/nrf/lib/dk_buttons_and_leds/lib..__nrf__lib__dk_buttons_and_leds.a(dk_buttons_and_leds.c.obj)
                0x000000000000c214                dk_read_buttons
 .text.dk_buttons_init
                0x000000000000c234      0x11c modules/nrf/lib/dk_buttons_and_leds/lib..__nrf__lib__dk_buttons_and_leds.a(dk_buttons_and_leds.c.obj)
                0x000000000000c234                dk_buttons_init
 .text.dk_set_led
                0x000000000000c350       0x3c modules/nrf/lib/dk_buttons_and_leds/lib..__nrf__lib__dk_buttons_and_leds.a(dk_buttons_and_leds.c.obj)
                0x000000000000c350                dk_set_led
 .text.ns_fault_init
                0x000000000000c38c       0x30 modules/nrf/modules/trusted-firmware-m/lib..__nrf__modules__trusted-firmware-m.a(fault.c.obj)
 .text.arm_fault
                0x000000000000c3bc      0x24c modules/nrf/modules/trusted-firmware-m/lib..__nrf__modules__trusted-firmware-m.a(fault.c.obj)
                0x000000000000c3bc                arm_fault
 .text.tfm_ns_fault_handler_callback
                0x000000000000c608       0x48 modules/nrf/modules/trusted-firmware-m/lib..__nrf__modules__trusted-firmware-m.a(fault.c.obj)
                0x000000000000c608                tfm_ns_fault_handler_callback
 .text.tfm_ns_interface_dispatch
                0x000000000000c650       0x64 modules/trusted-firmware-m/libtfm_api.a(interface.c.obj)
                0x000000000000c650                tfm_ns_interface_dispatch
 .text.tfm_platform_ioctl
                0x000000000000c6b4       0x4c modules/trusted-firmware-m/libtfm_api.a(tfm_platform_api.c.obj)
                0x000000000000c6b4                tfm_platform_ioctl
 .text.psa_call
                0x000000000000c700       0x34 modules/trusted-firmware-m/libtfm_api.a(tfm_tz_psa_ns_api.c.obj)
                0x000000000000c700                psa_call
 .text.nrfx_flag32_alloc
                0x000000000000c734       0x40 modules/hal_nordic/modules/hal_nordic/nrfx/libmodules__hal_nordic__nrfx.a(nrfx_flag32_allocator.c.obj)
                0x000000000000c734                nrfx_flag32_alloc
 .text.nrfx_flag32_free
                0x000000000000c774       0x38 modules/hal_nordic/modules/hal_nordic/nrfx/libmodules__hal_nordic__nrfx.a(nrfx_flag32_allocator.c.obj)
                0x000000000000c774                nrfx_flag32_free
 .text.nrfx_gppi_channels_enable
                0x000000000000c7ac        0xc modules/hal_nordic/modules/hal_nordic/nrfx/libmodules__hal_nordic__nrfx.a(nrfx_gppi_dppi.c.obj)
                0x000000000000c7ac                nrfx_gppi_channels_enable
 .text.nrfx_gppi_channel_alloc
                0x000000000000c7b8        0xc modules/hal_nordic/modules/hal_nordic/nrfx/libmodules__hal_nordic__nrfx.a(nrfx_gppi_dppi.c.obj)
                0x000000000000c7b8                nrfx_gppi_channel_alloc
 .text.clock_stop
                0x000000000000c7c4       0xfc modules/hal_nordic/modules/hal_nordic/nrfx/libmodules__hal_nordic__nrfx.a(nrfx_clock.c.obj)
 .text.nrfx_clock_init
                0x000000000000c8c0       0x20 modules/hal_nordic/modules/hal_nordic/nrfx/libmodules__hal_nordic__nrfx.a(nrfx_clock.c.obj)
                0x000000000000c8c0                nrfx_clock_init
 .text.nrfx_clock_enable
                0x000000000000c8e0       0x30 modules/hal_nordic/modules/hal_nordic/nrfx/libmodules__hal_nordic__nrfx.a(nrfx_clock.c.obj)
                0x000000000000c8e0                nrfx_clock_enable
 .text.nrfx_clock_start
                0x000000000000c910       0xd8 modules/hal_nordic/modules/hal_nordic/nrfx/libmodules__hal_nordic__nrfx.a(nrfx_clock.c.obj)
                0x000000000000c910                nrfx_clock_start
 .text.nrfx_power_clock_irq_handler
                0x000000000000c9e8       0x74 modules/hal_nordic/modules/hal_nordic/nrfx/libmodules__hal_nordic__nrfx.a(nrfx_clock.c.obj)
                0x000000000000c9e8                nrfx_power_clock_irq_handler
 .text.nrfx_dppi_channel_alloc
                0x000000000000ca5c       0x10 modules/hal_nordic/modules/hal_nordic/nrfx/libmodules__hal_nordic__nrfx.a(nrfx_dppi.c.obj)
                0x000000000000ca5c                nrfx_dppi_channel_alloc
 .text.nrf_gpio_pin_port_decode
                0x000000000000ca6c       0x24 modules/hal_nordic/modules/hal_nordic/nrfx/libmodules__hal_nordic__nrfx.a(nrfx_gpiote.c.obj)
 .text.get_pin_idx
                0x000000000000ca90       0x14 modules/hal_nordic/modules/hal_nordic/nrfx/libmodules__hal_nordic__nrfx.a(nrfx_gpiote.c.obj)
 .text.call_handler.constprop.0
                0x000000000000caa4       0x40 modules/hal_nordic/modules/hal_nordic/nrfx/libmodules__hal_nordic__nrfx.a(nrfx_gpiote.c.obj)
 .text.pin_te_get.constprop.0
                0x000000000000cae4       0x18 modules/hal_nordic/modules/hal_nordic/nrfx/libmodules__hal_nordic__nrfx.a(nrfx_gpiote.c.obj)
 .text.pin_is_output.constprop.0
                0x000000000000cafc       0x18 modules/hal_nordic/modules/hal_nordic/nrfx/libmodules__hal_nordic__nrfx.a(nrfx_gpiote.c.obj)
 .text.pin_in_use_by_te.constprop.0
                0x000000000000cb14       0x18 modules/hal_nordic/modules/hal_nordic/nrfx/libmodules__hal_nordic__nrfx.a(nrfx_gpiote.c.obj)
 .text.latch_pending_read_and_check
                0x000000000000cb2c       0x3c modules/hal_nordic/modules/hal_nordic/nrfx/libmodules__hal_nordic__nrfx.a(nrfx_gpiote.c.obj)
 .text.release_handler.isra.0
                0x000000000000cb68       0x58 modules/hal_nordic/modules/hal_nordic/nrfx/libmodules__hal_nordic__nrfx.a(nrfx_gpiote.c.obj)
 .text.__nrfy_internal_gpiote_events_process.constprop.0
                0x000000000000cbc0       0x64 modules/hal_nordic/modules/hal_nordic/nrfx/libmodules__hal_nordic__nrfx.a(nrfx_gpiote.c.obj)
 .text.pin_uninit
                0x000000000000cc24       0x84 modules/hal_nordic/modules/hal_nordic/nrfx/libmodules__hal_nordic__nrfx.a(nrfx_gpiote.c.obj)
 .text.nrfx_gpiote_input_configure
                0x000000000000cca8      0x180 modules/hal_nordic/modules/hal_nordic/nrfx/libmodules__hal_nordic__nrfx.a(nrfx_gpiote.c.obj)
                0x000000000000cca8                nrfx_gpiote_input_configure
 .text.nrfx_gpiote_output_configure
                0x000000000000ce28      0x104 modules/hal_nordic/modules/hal_nordic/nrfx/libmodules__hal_nordic__nrfx.a(nrfx_gpiote.c.obj)
                0x000000000000ce28                nrfx_gpiote_output_configure
 .text.nrfx_gpiote_global_callback_set
                0x000000000000cf2c        0xc modules/hal_nordic/modules/hal_nordic/nrfx/libmodules__hal_nordic__nrfx.a(nrfx_gpiote.c.obj)
                0x000000000000cf2c                nrfx_gpiote_global_callback_set
 .text.nrfx_gpiote_channel_get
                0x000000000000cf38       0x34 modules/hal_nordic/modules/hal_nordic/nrfx/libmodules__hal_nordic__nrfx.a(nrfx_gpiote.c.obj)
                0x000000000000cf38                nrfx_gpiote_channel_get
 .text.nrfx_gpiote_init
                0x000000000000cf6c       0x48 modules/hal_nordic/modules/hal_nordic/nrfx/libmodules__hal_nordic__nrfx.a(nrfx_gpiote.c.obj)
                0x000000000000cf6c                nrfx_gpiote_init
 .text.nrfx_gpiote_init_check
                0x000000000000cfb4       0x14 modules/hal_nordic/modules/hal_nordic/nrfx/libmodules__hal_nordic__nrfx.a(nrfx_gpiote.c.obj)
                0x000000000000cfb4                nrfx_gpiote_init_check
 .text.nrfx_gpiote_channel_free
                0x000000000000cfc8       0x10 modules/hal_nordic/modules/hal_nordic/nrfx/libmodules__hal_nordic__nrfx.a(nrfx_gpiote.c.obj)
                0x000000000000cfc8                nrfx_gpiote_channel_free
 .text.nrfx_gpiote_channel_alloc
                0x000000000000cfd8       0x10 modules/hal_nordic/modules/hal_nordic/nrfx/libmodules__hal_nordic__nrfx.a(nrfx_gpiote.c.obj)
                0x000000000000cfd8                nrfx_gpiote_channel_alloc
 .text.nrfx_gpiote_trigger_enable
                0x000000000000cfe8       0xa8 modules/hal_nordic/modules/hal_nordic/nrfx/libmodules__hal_nordic__nrfx.a(nrfx_gpiote.c.obj)
                0x000000000000cfe8                nrfx_gpiote_trigger_enable
 .text.nrfx_gpiote_1_irq_handler
                0x000000000000d090      0x1a8 modules/hal_nordic/modules/hal_nordic/nrfx/libmodules__hal_nordic__nrfx.a(nrfx_gpiote.c.obj)
                0x000000000000d090                nrfx_gpiote_1_irq_handler
 .text.saadc_channel_count_get
                0x000000000000d238       0x38 modules/hal_nordic/modules/hal_nordic/nrfx/libmodules__hal_nordic__nrfx.a(nrfx_saadc.c.obj)
 .text.saadc_busy_check
                0x000000000000d270       0x1c modules/hal_nordic/modules/hal_nordic/nrfx/libmodules__hal_nordic__nrfx.a(nrfx_saadc.c.obj)
 .text.saadc_pre_calibration_state_restore
                0x000000000000d28c       0x64 modules/hal_nordic/modules/hal_nordic/nrfx/libmodules__hal_nordic__nrfx.a(nrfx_saadc.c.obj)
 .text.saadc_channels_deconfig
                0x000000000000d2f0       0x3c modules/hal_nordic/modules/hal_nordic/nrfx/libmodules__hal_nordic__nrfx.a(nrfx_saadc.c.obj)
 .text.__nrfy_internal_saadc_events_process.constprop.0
                0x000000000000d32c       0x8c modules/hal_nordic/modules/hal_nordic/nrfx/libmodules__hal_nordic__nrfx.a(nrfx_saadc.c.obj)
 .text.saadc_channel_config
                0x000000000000d3b8       0x7c modules/hal_nordic/modules/hal_nordic/nrfx/libmodules__hal_nordic__nrfx.a(nrfx_saadc.c.obj)
 .text.saadc_generic_mode_set
                0x000000000000d434       0xc0 modules/hal_nordic/modules/hal_nordic/nrfx/libmodules__hal_nordic__nrfx.a(nrfx_saadc.c.obj)
 .text.nrfx_saadc_init
                0x000000000000d4f4       0x94 modules/hal_nordic/modules/hal_nordic/nrfx/libmodules__hal_nordic__nrfx.a(nrfx_saadc.c.obj)
                0x000000000000d4f4                nrfx_saadc_init
 .text.nrfx_saadc_channel_config
                0x000000000000d588       0x20 modules/hal_nordic/modules/hal_nordic/nrfx/libmodules__hal_nordic__nrfx.a(nrfx_saadc.c.obj)
                0x000000000000d588                nrfx_saadc_channel_config
 .text.nrfx_saadc_channels_configured_get
                0x000000000000d5a8        0xc modules/hal_nordic/modules/hal_nordic/nrfx/libmodules__hal_nordic__nrfx.a(nrfx_saadc.c.obj)
                0x000000000000d5a8                nrfx_saadc_channels_configured_get
 .text.nrfx_saadc_simple_mode_set
                0x000000000000d5b4       0x60 modules/hal_nordic/modules/hal_nordic/nrfx/libmodules__hal_nordic__nrfx.a(nrfx_saadc.c.obj)
                0x000000000000d5b4                nrfx_saadc_simple_mode_set
 .text.nrfx_saadc_advanced_mode_set
                0x000000000000d614       0xb4 modules/hal_nordic/modules/hal_nordic/nrfx/libmodules__hal_nordic__nrfx.a(nrfx_saadc.c.obj)
                0x000000000000d614                nrfx_saadc_advanced_mode_set
 .text.nrfx_saadc_buffer_set
                0x000000000000d6c8       0x8c modules/hal_nordic/modules/hal_nordic/nrfx/libmodules__hal_nordic__nrfx.a(nrfx_saadc.c.obj)
                0x000000000000d6c8                nrfx_saadc_buffer_set
 .text.nrfx_saadc_mode_trigger
                0x000000000000d754      0x160 modules/hal_nordic/modules/hal_nordic/nrfx/libmodules__hal_nordic__nrfx.a(nrfx_saadc.c.obj)
                0x000000000000d754                nrfx_saadc_mode_trigger
 .text.nrfx_saadc_offset_calibrate
                0x000000000000d8b4       0xc8 modules/hal_nordic/modules/hal_nordic/nrfx/libmodules__hal_nordic__nrfx.a(nrfx_saadc.c.obj)
                0x000000000000d8b4                nrfx_saadc_offset_calibrate
 .text.nrfx_saadc_irq_handler
                0x000000000000d97c      0x1a0 modules/hal_nordic/modules/hal_nordic/nrfx/libmodules__hal_nordic__nrfx.a(nrfx_saadc.c.obj)
                0x000000000000d97c                nrfx_saadc_irq_handler
 .text.k_sys_fatal_error_handler
                0x000000000000db1c       0x20 zephyr/kernel/libkernel.a(fatal.c.obj)
                0x000000000000db1c                k_sys_fatal_error_handler
 .text.z_fatal_error
                0x000000000000db3c       0xe8 zephyr/kernel/libkernel.a(fatal.c.obj)
                0x000000000000db3c                z_fatal_error
 .text.z_sys_init_run_level
                0x000000000000dc24       0x30 zephyr/kernel/libkernel.a(init.c.obj)
 .text.bg_thread_main
                0x000000000000dc54       0xc4 zephyr/kernel/libkernel.a(init.c.obj)
 .text.z_bss_zero
                0x000000000000dd18       0x18 zephyr/kernel/libkernel.a(init.c.obj)
                0x000000000000dd18                z_bss_zero
 .text.z_init_cpu
                0x000000000000dd30       0x68 zephyr/kernel/libkernel.a(init.c.obj)
                0x000000000000dd30                z_init_cpu
 .text.z_cstart
                0x000000000000dd98       0xd8 zephyr/kernel/libkernel.a(init.c.obj)
                0x000000000000dd98                z_cstart
 .text.z_impl_k_mutex_lock
                0x000000000000de70       0xf0 zephyr/kernel/libkernel.a(mutex.c.obj)
                0x000000000000de70                z_impl_k_mutex_lock
 .text.z_impl_k_mutex_unlock
                0x000000000000df60       0xa0 zephyr/kernel/libkernel.a(mutex.c.obj)
                0x000000000000df60                z_impl_k_mutex_unlock
 .text.z_impl_k_sem_give
                0x000000000000e000       0x68 zephyr/kernel/libkernel.a(sem.c.obj)
                0x000000000000e000                z_impl_k_sem_give
 .text.z_impl_k_sem_take
                0x000000000000e068       0x4c zephyr/kernel/libkernel.a(sem.c.obj)
                0x000000000000e068                z_impl_k_sem_take
 .text.work_queue_main
                0x000000000000e0b4      0x14c zephyr/kernel/libkernel.a(work.c.obj)
 .text.submit_to_queue_locked
                0x000000000000e200       0xb8 zephyr/kernel/libkernel.a(work.c.obj)
 .text.k_work_queue_start
                0x000000000000e2b8       0x80 zephyr/kernel/libkernel.a(work.c.obj)
                0x000000000000e2b8                k_work_queue_start
 .text.k_work_schedule_for_queue
                0x000000000000e338       0x54 zephyr/kernel/libkernel.a(work.c.obj)
                0x000000000000e338                k_work_schedule_for_queue
 .text.k_work_schedule
                0x000000000000e38c        0xc zephyr/kernel/libkernel.a(work.c.obj)
                0x000000000000e38c                k_work_schedule
 .text.k_work_reschedule_for_queue
                0x000000000000e398       0x5c zephyr/kernel/libkernel.a(work.c.obj)
                0x000000000000e398                k_work_reschedule_for_queue
 .text.k_work_reschedule
                0x000000000000e3f4        0xc zephyr/kernel/libkernel.a(work.c.obj)
                0x000000000000e3f4                k_work_reschedule
 .text.z_setup_new_thread
                0x000000000000e400       0x7c zephyr/kernel/libkernel.a(thread.c.obj)
                0x000000000000e400                z_setup_new_thread
 .text.z_impl_k_thread_create
                0x000000000000e47c       0x58 zephyr/kernel/libkernel.a(thread.c.obj)
                0x000000000000e47c                z_impl_k_thread_create
 .text.z_dummy_thread_init
                0x000000000000e4d4       0x18 zephyr/kernel/libkernel.a(thread.c.obj)
                0x000000000000e4d4                z_dummy_thread_init
 .text.z_swap_irqlock
                0x000000000000e4ec       0x30 zephyr/kernel/libkernel.a(sched.c.obj)
 .text.ready_thread
                0x000000000000e51c       0x84 zephyr/kernel/libkernel.a(sched.c.obj)
 .text.unready_thread
                0x000000000000e5a0       0x54 zephyr/kernel/libkernel.a(sched.c.obj)
 .text.add_thread_timeout
                0x000000000000e5f4       0x1c zephyr/kernel/libkernel.a(sched.c.obj)
 .text.move_thread_to_end_of_prio_q
                0x000000000000e610       0x90 zephyr/kernel/libkernel.a(sched.c.obj)
                0x000000000000e610                move_thread_to_end_of_prio_q
 .text.z_pend_curr
                0x000000000000e6a0       0x44 zephyr/kernel/libkernel.a(sched.c.obj)
                0x000000000000e6a0                z_pend_curr
 .text.z_thread_prio_set
                0x000000000000e6e4       0xe4 zephyr/kernel/libkernel.a(sched.c.obj)
                0x000000000000e6e4                z_thread_prio_set
 .text.z_reschedule
                0x000000000000e7c8       0x24 zephyr/kernel/libkernel.a(sched.c.obj)
                0x000000000000e7c8                z_reschedule
 .text.z_reschedule_irqlock
                0x000000000000e7ec       0x28 zephyr/kernel/libkernel.a(sched.c.obj)
                0x000000000000e7ec                z_reschedule_irqlock
 .text.k_sched_lock
                0x000000000000e814       0x28 zephyr/kernel/libkernel.a(sched.c.obj)
                0x000000000000e814                k_sched_lock
 .text.k_sched_unlock
                0x000000000000e83c       0x68 zephyr/kernel/libkernel.a(sched.c.obj)
                0x000000000000e83c                k_sched_unlock
 .text.z_sched_init
                0x000000000000e8a4       0x10 zephyr/kernel/libkernel.a(sched.c.obj)
                0x000000000000e8a4                z_sched_init
 .text.z_impl_k_yield
                0x000000000000e8b4       0x88 zephyr/kernel/libkernel.a(sched.c.obj)
                0x000000000000e8b4                z_impl_k_yield
 .text.z_tick_sleep
                0x000000000000e93c       0x78 zephyr/kernel/libkernel.a(sched.c.obj)
 .text.z_impl_k_wakeup
                0x000000000000e9b4       0x48 zephyr/kernel/libkernel.a(sched.c.obj)
                0x000000000000e9b4                z_impl_k_wakeup
 .text.z_impl_k_sched_current_thread_query
                0x000000000000e9fc        0xc zephyr/kernel/libkernel.a(sched.c.obj)
                0x000000000000e9fc                z_impl_k_sched_current_thread_query
 .text.z_thread_abort
                0x000000000000ea08      0x138 zephyr/kernel/libkernel.a(sched.c.obj)
                0x000000000000ea08                z_thread_abort
 .text.z_sched_wait
                0x000000000000eb40       0x24 zephyr/kernel/libkernel.a(sched.c.obj)
                0x000000000000eb40                z_sched_wait
 .text.slice_timeout
                0x000000000000eb64       0x20 zephyr/kernel/libkernel.a(timeslicing.c.obj)
 .text.thread_is_sliceable
                0x000000000000eb84       0x3c zephyr/kernel/libkernel.a(timeslicing.c.obj)
                0x000000000000eb84                thread_is_sliceable
 .text.z_reset_time_slice
                0x000000000000ebc0       0x50 zephyr/kernel/libkernel.a(timeslicing.c.obj)
                0x000000000000ebc0                z_reset_time_slice
 .text.z_time_slice
                0x000000000000ec10       0x60 zephyr/kernel/libkernel.a(timeslicing.c.obj)
                0x000000000000ec10                z_time_slice
 .text.z_data_copy
                0x000000000000ec70       0x38 zephyr/kernel/libkernel.a(xip.c.obj)
                0x000000000000ec70                z_data_copy
 .text.first    0x000000000000eca8       0x10 zephyr/kernel/libkernel.a(timeout.c.obj)
 .text.elapsed  0x000000000000ecb8       0x14 zephyr/kernel/libkernel.a(timeout.c.obj)
 .text.remove_timeout
                0x000000000000eccc       0x38 zephyr/kernel/libkernel.a(timeout.c.obj)
 .text.z_add_timeout
                0x000000000000ed04      0x124 zephyr/kernel/libkernel.a(timeout.c.obj)
                0x000000000000ed04                z_add_timeout
 .text.sys_clock_announce
                0x000000000000ee28       0xbc zephyr/kernel/libkernel.a(timeout.c.obj)
                0x000000000000ee28                sys_clock_announce
 .text.sys_clock_tick_get
                0x000000000000eee4       0x30 zephyr/kernel/libkernel.a(timeout.c.obj)
                0x000000000000eee4                sys_clock_tick_get
 .text.z_timer_expiration_handler
                0x000000000000ef14       0xe0 zephyr/kernel/libkernel.a(timer.c.obj)
                0x000000000000ef14                z_timer_expiration_handler
 .text.z_impl_k_timer_start
                0x000000000000eff4       0x74 zephyr/kernel/libkernel.a(timer.c.obj)
                0x000000000000eff4                z_impl_k_timer_start
 .text.k_sys_work_q_init
                0x000000000000f068       0x2c zephyr/kernel/libkernel.a(system_work_q.c.obj)
 .text.snprintf
                0x000000000000f094       0x58 c:\ncs\toolchains\b8b84efebd\opt\zephyr-sdk\arm-zephyr-eabi\bin\../lib/gcc/../../picolibc/arm-zephyr-eabi/lib/thumb/v8-m.main/nofp\libc.a(libc_tinystdio_snprintf.c.o)
                0x000000000000f094                snprintf
 .text.__l_vfprintf
                0x000000000000f0ec      0x4b4 c:\ncs\toolchains\b8b84efebd\opt\zephyr-sdk\arm-zephyr-eabi\bin\../lib/gcc/../../picolibc/arm-zephyr-eabi/lib/thumb/v8-m.main/nofp\libc.a(libc_tinystdio_vflprintf.c.o)
                0x000000000000f0ec                __l_vfprintf
 .text._OffsetAbsSyms
                0x000000000000f5a0        0x2 zephyr/CMakeFiles/offsets.dir/./arch/arm/core/offsets/offsets.c.obj
                0x000000000000f5a0                _OffsetAbsSyms
 .text.chunk_field
                0x000000000000f5a2       0x16 zephyr/libzephyr.a(heap.c.obj)
 .text.chunk_set
                0x000000000000f5b8       0x16 zephyr/libzephyr.a(heap.c.obj)
 .text.chunk_size
                0x000000000000f5ce        0xc zephyr/libzephyr.a(heap.c.obj)
 .text.set_chunk_used
                0x000000000000f5da       0x30 zephyr/libzephyr.a(heap.c.obj)
 .text.set_chunk_size
                0x000000000000f60a        0x8 zephyr/libzephyr.a(heap.c.obj)
 .text.bucket_idx.isra.0
                0x000000000000f612       0x1c zephyr/libzephyr.a(heap.c.obj)
 .text.free_list_add
                0x000000000000f62e       0x84 zephyr/libzephyr.a(heap.c.obj)
 .text.sys_heap_init
                0x000000000000f6b2       0xb0 zephyr/libzephyr.a(heap.c.obj)
                0x000000000000f6b2                sys_heap_init
 .text.cbpprintf_external
                0x000000000000f762       0x62 zephyr/libzephyr.a(cbprintf_packaged.c.obj)
                0x000000000000f762                cbpprintf_external
 .text.is_ptr   0x000000000000f7c4       0x4a zephyr/libzephyr.a(cbprintf_packaged.c.obj)
                0x000000000000f7c4                is_ptr
 .text.arch_printk_char_out
                0x000000000000f80e        0x4 zephyr/libzephyr.a(printk.c.obj)
                0x000000000000f80e                arch_printk_char_out
 .text.printk   0x000000000000f812       0x1a zephyr/libzephyr.a(printk.c.obj)
                0x000000000000f812                printk
 .text.free_space
                0x000000000000f82c       0x26 zephyr/libzephyr.a(mpsc_pbuf.c.obj)
 .text.get_usage
                0x000000000000f852       0x22 zephyr/libzephyr.a(mpsc_pbuf.c.obj)
 .text.idx_inc  0x000000000000f874       0x1c zephyr/libzephyr.a(mpsc_pbuf.c.obj)
 .text.rd_idx_inc
                0x000000000000f890       0x18 zephyr/libzephyr.a(mpsc_pbuf.c.obj)
 .text.add_skip_item
                0x000000000000f8a8       0x3e zephyr/libzephyr.a(mpsc_pbuf.c.obj)
 .text.drop_item_locked
                0x000000000000f8e6      0x100 zephyr/libzephyr.a(mpsc_pbuf.c.obj)
 .text.post_drop_action
                0x000000000000f9e6       0x36 zephyr/libzephyr.a(mpsc_pbuf.c.obj)
 .text.max_utilization_update
                0x000000000000fa1c       0x1a zephyr/libzephyr.a(mpsc_pbuf.c.obj)
 .text.mpsc_pbuf_init
                0x000000000000fa36       0x42 zephyr/libzephyr.a(mpsc_pbuf.c.obj)
                0x000000000000fa36                mpsc_pbuf_init
 .text.mpsc_pbuf_alloc
                0x000000000000fa78       0xfe zephyr/libzephyr.a(mpsc_pbuf.c.obj)
                0x000000000000fa78                mpsc_pbuf_alloc
 .text.mpsc_pbuf_commit
                0x000000000000fb76       0x3e zephyr/libzephyr.a(mpsc_pbuf.c.obj)
                0x000000000000fb76                mpsc_pbuf_commit
 .text.mpsc_pbuf_claim
                0x000000000000fbb4       0xa8 zephyr/libzephyr.a(mpsc_pbuf.c.obj)
                0x000000000000fbb4                mpsc_pbuf_claim
 .text.mpsc_pbuf_free
                0x000000000000fc5c       0x76 zephyr/libzephyr.a(mpsc_pbuf.c.obj)
                0x000000000000fc5c                mpsc_pbuf_free
 .text.mpsc_pbuf_is_pending
                0x000000000000fcd2       0x32 zephyr/libzephyr.a(mpsc_pbuf.c.obj)
                0x000000000000fcd2                mpsc_pbuf_is_pending
 .text.process_recheck
                0x000000000000fd04       0x38 zephyr/libzephyr.a(onoff.c.obj)
 .text.validate_args
                0x000000000000fd3c       0x20 zephyr/libzephyr.a(onoff.c.obj)
 .text.notify_one
                0x000000000000fd5c       0x2c zephyr/libzephyr.a(onoff.c.obj)
 .text.transition_complete
                0x000000000000fd88       0x1a zephyr/libzephyr.a(onoff.c.obj)
 .text.onoff_manager_init
                0x000000000000fda2       0x26 zephyr/libzephyr.a(onoff.c.obj)
                0x000000000000fda2                onoff_manager_init
 .text.onoff_request
                0x000000000000fdc8       0xae zephyr/libzephyr.a(onoff.c.obj)
                0x000000000000fdc8                onoff_request
 .text.sys_notify_validate
                0x000000000000fe76       0x22 zephyr/libzephyr.a(notify.c.obj)
                0x000000000000fe76                sys_notify_validate
 .text.sys_notify_finalize
                0x000000000000fe98       0x1a zephyr/libzephyr.a(notify.c.obj)
                0x000000000000fe98                sys_notify_finalize
 .text._ConfigAbsSyms
                0x000000000000feb2        0x2 zephyr/libzephyr.a(configs.c.obj)
                0x000000000000feb2                _ConfigAbsSyms
 .text.log_msg_generic_get_wlen
                0x000000000000feb4       0x20 zephyr/libzephyr.a(log_core.c.obj)
 .text.dummy_timestamp
                0x000000000000fed4        0x4 zephyr/libzephyr.a(log_core.c.obj)
 .text.default_get_timestamp
                0x000000000000fed8        0x4 zephyr/libzephyr.a(log_core.c.obj)
 .text.atomic_inc
                0x000000000000fedc       0x12 zephyr/libzephyr.a(log_core.c.obj)
 .text.z_log_vprintk
                0x000000000000feee       0x1c zephyr/libzephyr.a(log_core.c.obj)
                0x000000000000feee                z_log_vprintk
 .text.z_log_notify_drop
                0x000000000000ff0a        0x6 zephyr/libzephyr.a(log_core.c.obj)
 .text.z_log_get_tag
                0x000000000000ff10        0x4 zephyr/libzephyr.a(log_core.c.obj)
                0x000000000000ff10                z_log_get_tag
 .text.log_backend_enable
                0x000000000000ff14       0x12 zephyr/libzephyr.a(log_mgmt.c.obj)
                0x000000000000ff14                log_backend_enable
 .text.z_cbprintf_cpy
                0x000000000000ff26       0x2c zephyr/libzephyr.a(log_msg.c.obj)
 .text.z_log_msg_finalize
                0x000000000000ff52       0x32 zephyr/libzephyr.a(log_msg.c.obj)
                0x000000000000ff52                z_log_msg_finalize
 .text.z_log_msg_simple_create
                0x000000000000ff84       0x6e zephyr/libzephyr.a(log_msg.c.obj)
 .text.z_impl_z_log_msg_simple_create_0
                0x000000000000fff2       0x12 zephyr/libzephyr.a(log_msg.c.obj)
                0x000000000000fff2                z_impl_z_log_msg_simple_create_0
 .text.z_impl_z_log_msg_simple_create_1
                0x0000000000010004       0x14 zephyr/libzephyr.a(log_msg.c.obj)
                0x0000000000010004                z_impl_z_log_msg_simple_create_1
 .text.z_impl_z_log_msg_simple_create_2
                0x0000000000010018       0x18 zephyr/libzephyr.a(log_msg.c.obj)
                0x0000000000010018                z_impl_z_log_msg_simple_create_2
 .text.log_output_write
                0x0000000000010030       0x1c zephyr/libzephyr.a(log_output.c.obj)
 .text.log_output_flush
                0x000000000001004c       0x1a zephyr/libzephyr.a(log_output.c.obj)
 .text.out_func
                0x0000000000010066       0x2e zephyr/libzephyr.a(log_output.c.obj)
 .text.cr_out_func
                0x0000000000010094       0x1c zephyr/libzephyr.a(log_output.c.obj)
 .text.log_output_msg_process
                0x00000000000100b0       0x6a zephyr/libzephyr.a(log_output.c.obj)
                0x00000000000100b0                log_output_msg_process
 .text.format_set
                0x000000000001011a        0xc zephyr/libzephyr.a(log_backend_uart.c.obj)
 .text.log_backend_uart_init
                0x0000000000010126        0xc zephyr/libzephyr.a(log_backend_uart.c.obj)
 .text.panic    0x0000000000010132       0x32 zephyr/libzephyr.a(log_backend_uart.c.obj)
 .text.dropped  0x0000000000010164        0xa zephyr/libzephyr.a(log_backend_uart.c.obj)
 .text.process  0x000000000001016e       0x1e zephyr/libzephyr.a(log_backend_uart.c.obj)
 .text.z_do_kernel_oops
                0x000000000001018c        0x8 zephyr/arch/arch/arm/core/libarch__arm__core.a(fatal.c.obj)
                0x000000000001018c                z_do_kernel_oops
 .text.z_arm_nmi
                0x0000000000010194        0xe zephyr/arch/arch/arm/core/libarch__arm__core.a(nmi.c.obj)
                0x0000000000010194                z_arm_nmi
 .text.z_log_msg_simple_create_0.constprop.0
                0x00000000000101a2        0x8 zephyr/arch/arch/arm/core/cortex_m/libarch__arm__core__cortex_m.a(fault.c.obj)
 .text.z_arm_save_fp_context
                0x00000000000101aa        0x2 zephyr/arch/arch/arm/core/cortex_m/libarch__arm__core__cortex_m.a(fpu.c.obj)
                0x00000000000101aa                z_arm_save_fp_context
 .text.z_arm_restore_fp_context
                0x00000000000101ac        0x2 zephyr/arch/arch/arm/core/cortex_m/libarch__arm__core__cortex_m.a(fpu.c.obj)
                0x00000000000101ac                z_arm_restore_fp_context
 .text.z_irq_spurious
                0x00000000000101ae        0x8 zephyr/arch/arch/arm/core/cortex_m/libarch__arm__core__cortex_m.a(irq_manage.c.obj)
                0x00000000000101ae                z_irq_spurious
 .text.configure_builtin_stack_guard
                0x00000000000101b6        0x8 zephyr/arch/arch/arm/core/cortex_m/libarch__arm__core__cortex_m.a(thread.c.obj)
                0x00000000000101b6                configure_builtin_stack_guard
 .text.arch_irq_unlock_outlined
                0x00000000000101be        0xe zephyr/arch/arch/arm/core/cortex_m/libarch__arm__core__cortex_m.a(thread.c.obj)
                0x00000000000101be                arch_irq_unlock_outlined
 .text.arch_cpu_idle
                0x00000000000101cc       0x32 zephyr/arch/arch/arm/core/cortex_m/libarch__arm__core__cortex_m.a(cpu_idle.c.obj)
                0x00000000000101cc                arch_cpu_idle
 .text.arch_cpu_atomic_idle
                0x00000000000101fe       0x38 zephyr/arch/arch/arm/core/cortex_m/libarch__arm__core__cortex_m.a(cpu_idle.c.obj)
                0x00000000000101fe                arch_cpu_atomic_idle
 .text.arm_cmse_mpu_region_get
                0x0000000000010236       0x12 zephyr/arch/arch/arm/core/cortex_m/cmse/libarch__arm__core__cortex_m__cmse.a(arm_core_cmse.c.obj)
                0x0000000000010236                arm_cmse_mpu_region_get
 .text.mpu_configure_region
                0x0000000000010248       0x32 zephyr/arch/arch/arm/core/mpu/libarch__arm__core__mpu.a(arm_mpu.c.obj)
 .text.cbputc   0x000000000001027a        0xc zephyr/lib/libc/picolibc/liblib__libc__picolibc.a(cbprintf.c.obj)
 .text.picolibc_put
                0x0000000000010286        0xa zephyr/lib/libc/picolibc/liblib__libc__picolibc.a(stdio.c.obj)
 .text.soc_early_init_hook
                0x0000000000010290       0x1c zephyr/soc/soc/nrf5340/libsoc__nordic.a(soc.c.obj)
                0x0000000000010290                soc_early_init_hook
 .text.assign_pins
                0x00000000000102ac       0x28 zephyr/soc/soc/nrf5340/libsoc__nordic.a(nrf53_cpunet_mgmt.c.obj)
 .text.soc_secure_gpio_pin_mcu_select
                0x00000000000102d4        0xe zephyr/soc/soc/nrf5340/libsoc__nordic.a(soc_secure.c.obj)
                0x00000000000102d4                soc_secure_gpio_pin_mcu_select
 .text.k_sem_give
                0x00000000000102e2        0x4 zephyr/drivers/adc/libdrivers__adc.a(adc_nrfx_saadc.c.obj)
 .text.get_status
                0x00000000000102e6       0x12 zephyr/drivers/clock_control/libdrivers__clock_control.a(clock_control_nrf.c.obj)
 .text.stop     0x00000000000102f8       0x50 zephyr/drivers/clock_control/libdrivers__clock_control.a(clock_control_nrf.c.obj)
 .text.api_stop
                0x0000000000010348        0x6 zephyr/drivers/clock_control/libdrivers__clock_control.a(clock_control_nrf.c.obj)
 .text.async_start
                0x000000000001034e       0x5a zephyr/drivers/clock_control/libdrivers__clock_control.a(clock_control_nrf.c.obj)
 .text.api_start
                0x00000000000103a8        0xe zephyr/drivers/clock_control/libdrivers__clock_control.a(clock_control_nrf.c.obj)
 .text.onoff_started_callback
                0x00000000000103b6       0x12 zephyr/drivers/clock_control/libdrivers__clock_control.a(clock_control_nrf.c.obj)
 .text.hfclkaudio_start
                0x00000000000103c8        0x6 zephyr/drivers/clock_control/libdrivers__clock_control.a(clock_control_nrf.c.obj)
 .text.hfclk192m_start
                0x00000000000103ce        0x6 zephyr/drivers/clock_control/libdrivers__clock_control.a(clock_control_nrf.c.obj)
 .text.lfclk_start
                0x00000000000103d4        0x6 zephyr/drivers/clock_control/libdrivers__clock_control.a(clock_control_nrf.c.obj)
 .text.hfclkaudio_stop
                0x00000000000103da        0x6 zephyr/drivers/clock_control/libdrivers__clock_control.a(clock_control_nrf.c.obj)
 .text.hfclk192m_stop
                0x00000000000103e0        0x6 zephyr/drivers/clock_control/libdrivers__clock_control.a(clock_control_nrf.c.obj)
 .text.lfclk_stop
                0x00000000000103e6        0x6 zephyr/drivers/clock_control/libdrivers__clock_control.a(clock_control_nrf.c.obj)
 .text.blocking_start_callback
                0x00000000000103ec        0x6 zephyr/drivers/clock_control/libdrivers__clock_control.a(clock_control_nrf.c.obj)
 .text.gpio_nrfx_port_get_raw
                0x00000000000103f2        0xc zephyr/drivers/gpio/libdrivers__gpio.a(gpio_nrfx.c.obj)
 .text.gpio_nrfx_port_set_masked_raw
                0x00000000000103fe       0x14 zephyr/drivers/gpio/libdrivers__gpio.a(gpio_nrfx.c.obj)
 .text.gpio_nrfx_port_set_bits_raw
                0x0000000000010412        0xa zephyr/drivers/gpio/libdrivers__gpio.a(gpio_nrfx.c.obj)
 .text.gpio_nrfx_port_clear_bits_raw
                0x000000000001041c        0xa zephyr/drivers/gpio/libdrivers__gpio.a(gpio_nrfx.c.obj)
 .text.gpio_nrfx_port_toggle_bits
                0x0000000000010426       0x14 zephyr/drivers/gpio/libdrivers__gpio.a(gpio_nrfx.c.obj)
 .text.gpio_nrfx_manage_callback
                0x000000000001043a       0x52 zephyr/drivers/gpio/libdrivers__gpio.a(gpio_nrfx.c.obj)
 .text.pinctrl_lookup_state
                0x000000000001048c       0x26 zephyr/drivers/pinctrl/libdrivers__pinctrl.a(common.c.obj)
                0x000000000001048c                pinctrl_lookup_state
 .text.uarte_nrfx_err_check
                0x00000000000104b2        0xe zephyr/drivers/serial/libdrivers__serial.a(uart_nrfx_uarte.c.obj)
 .text.uarte_nrfx_poll_in
                0x00000000000104c0       0x26 zephyr/drivers/serial/libdrivers__serial.a(uart_nrfx_uarte.c.obj)
 .text.is_tx_ready.isra.0
                0x00000000000104e6       0x20 zephyr/drivers/serial/libdrivers__serial.a(uart_nrfx_uarte.c.obj)
 .text.uarte_nrfx_isr_int
                0x0000000000010506       0x42 zephyr/drivers/serial/libdrivers__serial.a(uart_nrfx_uarte.c.obj)
 .text.pinctrl_apply_state.isra.0
                0x0000000000010548       0x1e zephyr/drivers/serial/libdrivers__serial.a(uart_nrfx_uarte.c.obj)
 .text.event_clear
                0x0000000000010566       0x18 zephyr/drivers/timer/libdrivers__timer.a(nrf_rtc_timer.c.obj)
 .text.sys_clock_cycle_get_32
                0x000000000001057e        0x8 zephyr/drivers/timer/libdrivers__timer.a(nrf_rtc_timer.c.obj)
                0x000000000001057e                sys_clock_cycle_get_32
 .text.gpio_pin_configure_dt
                0x0000000000010586       0x2a modules/nrf/lib/dk_buttons_and_leds/lib..__nrf__lib__dk_buttons_and_leds.a(dk_buttons_and_leds.c.obj)
 .text.gpio_pin_set
                0x00000000000105b0       0x20 modules/nrf/lib/dk_buttons_and_leds/lib..__nrf__lib__dk_buttons_and_leds.a(dk_buttons_and_leds.c.obj)
 .text.z_log_msg_simple_create_0.constprop.0
                0x00000000000105d0        0x8 modules/nrf/lib/dk_buttons_and_leds/lib..__nrf__lib__dk_buttons_and_leds.a(dk_buttons_and_leds.c.obj)
 .text.dk_set_led_on
                0x00000000000105d8        0x6 modules/nrf/lib/dk_buttons_and_leds/lib..__nrf__lib__dk_buttons_and_leds.a(dk_buttons_and_leds.c.obj)
                0x00000000000105d8                dk_set_led_on
 .text.dk_set_led_off
                0x00000000000105de        0x6 modules/nrf/lib/dk_buttons_and_leds/lib..__nrf__lib__dk_buttons_and_leds.a(dk_buttons_and_leds.c.obj)
                0x00000000000105de                dk_set_led_off
 .text._psa_crypto_init
                0x00000000000105e4       0x1e modules/nrf/subsys/nrf_security/src/zephyr/libmbedtls_zephyr.a(psa_crypto_init.c.obj)
 .text.z_log_msg_simple_create_0.constprop.0
                0x0000000000010602        0x8 modules/nrf/modules/trusted-firmware-m/lib..__nrf__modules__trusted-firmware-m.a(fault.c.obj)
 .text.tfm_platform_ns_fault_set_handler
                0x000000000001060a       0x4e modules/nrf/modules/trusted-firmware-m/libtfm_api_nrf.a(tfm_ioctl_ns_api.c.obj)
                0x000000000001060a                tfm_platform_ns_fault_set_handler
 .text.ns_interface_init
                0x0000000000010658        0x4 modules/trusted-firmware-m/libtfm_api.a(interface.c.obj)
 .text.psa_crypto_init
                0x000000000001065c        0x4 modules/trusted-firmware-m/libtfm_api.a(tfm_crypto_api.c.obj)
                0x000000000001065c                psa_crypto_init
 .text.tfm_platform_gpio_pin_mcu_select
                0x0000000000010660       0x32 modules/trusted-firmware-m/libtfm_api.a(tfm_ioctl_core_ns_api.c.obj)
                0x0000000000010660                tfm_platform_gpio_pin_mcu_select
 .text.SystemInit
                0x0000000000010692        0x2 modules/hal_nordic/modules/hal_nordic/nrfx/libmodules__hal_nordic__nrfx.a(system_nrf5340_application.c.obj)
                0x0000000000010692                SystemInit
 .text.nrfx_isr
                0x0000000000010694        0x2 modules/hal_nordic/modules/hal_nordic/nrfx/libmodules__hal_nordic__nrfx.a(nrfx_glue.c.obj)
                0x0000000000010694                nrfx_isr
 .text.nrfx_busy_wait
                0x0000000000010696        0x4 modules/hal_nordic/modules/hal_nordic/nrfx/libmodules__hal_nordic__nrfx.a(nrfx_glue.c.obj)
                0x0000000000010696                nrfx_busy_wait
 .text.nrfx_gppi_event_endpoint_setup
                0x000000000001069a        0xa modules/hal_nordic/modules/hal_nordic/nrfx/libmodules__hal_nordic__nrfx.a(nrfx_gppi_dppi.c.obj)
                0x000000000001069a                nrfx_gppi_event_endpoint_setup
 .text.nrfx_gppi_task_endpoint_setup
                0x00000000000106a4        0xa modules/hal_nordic/modules/hal_nordic/nrfx/libmodules__hal_nordic__nrfx.a(nrfx_gppi_dppi.c.obj)
                0x00000000000106a4                nrfx_gppi_task_endpoint_setup
 .text.nrfx_gppi_channel_endpoints_setup
                0x00000000000106ae        0xe modules/hal_nordic/modules/hal_nordic/nrfx/libmodules__hal_nordic__nrfx.a(nrfx_gppi_dppi.c.obj)
                0x00000000000106ae                nrfx_gppi_channel_endpoints_setup
 .text.nrfx_clock_stop
                0x00000000000106bc        0x4 modules/hal_nordic/modules/hal_nordic/nrfx/libmodules__hal_nordic__nrfx.a(nrfx_clock.c.obj)
                0x00000000000106bc                nrfx_clock_stop
 .text.nrf_gpio_reconfigure
                0x00000000000106c0       0x92 modules/hal_nordic/modules/hal_nordic/nrfx/libmodules__hal_nordic__nrfx.a(nrfx_gpiote.c.obj)
 .text.nrf_gpio_cfg_sense_set
                0x0000000000010752       0x1e modules/hal_nordic/modules/hal_nordic/nrfx/libmodules__hal_nordic__nrfx.a(nrfx_gpiote.c.obj)
 .text.pin_trigger_disable
                0x0000000000010770       0x48 modules/hal_nordic/modules/hal_nordic/nrfx/libmodules__hal_nordic__nrfx.a(nrfx_gpiote.c.obj)
 .text.nrfx_gpiote_pin_uninit
                0x00000000000107b8        0x4 modules/hal_nordic/modules/hal_nordic/nrfx/libmodules__hal_nordic__nrfx.a(nrfx_gpiote.c.obj)
                0x00000000000107b8                nrfx_gpiote_pin_uninit
 .text.nrfx_gpiote_trigger_disable
                0x00000000000107bc        0x4 modules/hal_nordic/modules/hal_nordic/nrfx/libmodules__hal_nordic__nrfx.a(nrfx_gpiote.c.obj)
                0x00000000000107bc                nrfx_gpiote_trigger_disable
 .text.__nrfy_internal_saadc_event_handle.constprop.0
                0x00000000000107c0       0x2e modules/hal_nordic/modules/hal_nordic/nrfx/libmodules__hal_nordic__nrfx.a(nrfx_saadc.c.obj)
 .text.__nrfy_internal_saadc_buffer_latch.part.0.constprop.0
                0x00000000000107ee       0x10 modules/hal_nordic/modules/hal_nordic/nrfx/libmodules__hal_nordic__nrfx.a(nrfx_saadc.c.obj)
 .text.z_impl_k_busy_wait
                0x00000000000107fe        0x8 zephyr/kernel/libkernel.a(busy_wait.c.obj)
                0x00000000000107fe                z_impl_k_busy_wait
 .text.z_device_state_init
                0x0000000000010806        0x2 zephyr/kernel/libkernel.a(device.c.obj)
                0x0000000000010806                z_device_state_init
 .text.z_impl_device_is_ready
                0x0000000000010808       0x16 zephyr/kernel/libkernel.a(device.c.obj)
                0x0000000000010808                z_impl_device_is_ready
 .text.arch_system_halt
                0x000000000001081e       0x10 zephyr/kernel/libkernel.a(fatal.c.obj)
                0x000000000001081e                arch_system_halt
 .text.do_device_init
                0x000000000001082e       0x2e zephyr/kernel/libkernel.a(init.c.obj)
 .text.z_early_memset
                0x000000000001085c        0x4 zephyr/kernel/libkernel.a(init.c.obj)
                0x000000000001085c                z_early_memset
 .text.z_early_memcpy
                0x0000000000010860        0x4 zephyr/kernel/libkernel.a(init.c.obj)
                0x0000000000010860                z_early_memcpy
 .text.idle     0x0000000000010864       0x16 zephyr/kernel/libkernel.a(idle.c.obj)
                0x0000000000010864                idle
 .text.adjust_owner_prio.isra.0
                0x000000000001087a       0x10 zephyr/kernel/libkernel.a(mutex.c.obj)
 .text.z_impl_k_mutex_init
                0x000000000001088a        0xe zephyr/kernel/libkernel.a(mutex.c.obj)
                0x000000000001088a                z_impl_k_mutex_init
 .text.z_impl_k_sem_init
                0x0000000000010898       0x18 zephyr/kernel/libkernel.a(sem.c.obj)
                0x0000000000010898                z_impl_k_sem_init
 .text.flag_test_and_clear
                0x00000000000108b0       0x16 zephyr/kernel/libkernel.a(work.c.obj)
 .text.unschedule_locked
                0x00000000000108c6       0x1e zephyr/kernel/libkernel.a(work.c.obj)
 .text.notify_queue_locked.isra.0
                0x00000000000108e4        0xe zephyr/kernel/libkernel.a(work.c.obj)
 .text.work_timeout
                0x00000000000108f2       0x3c zephyr/kernel/libkernel.a(work.c.obj)
 .text.k_work_init_delayable
                0x000000000001092e       0x18 zephyr/kernel/libkernel.a(work.c.obj)
                0x000000000001092e                k_work_init_delayable
 .text.k_is_in_isr
                0x0000000000010946        0xc zephyr/kernel/libkernel.a(thread.c.obj)
                0x0000000000010946                k_is_in_isr
 .text.z_impl_k_thread_name_set
                0x0000000000010952        0x6 zephyr/kernel/libkernel.a(thread.c.obj)
                0x0000000000010952                z_impl_k_thread_name_set
 .text.k_thread_name_get
                0x0000000000010958        0x4 zephyr/kernel/libkernel.a(thread.c.obj)
                0x0000000000010958                k_thread_name_get
 .text.sys_dlist_remove
                0x000000000001095c       0x10 zephyr/kernel/libkernel.a(sched.c.obj)
 .text.unpend_thread_no_timeout
                0x000000000001096c       0x14 zephyr/kernel/libkernel.a(sched.c.obj)
 .text.add_to_waitq_locked
                0x0000000000010980       0x50 zephyr/kernel/libkernel.a(sched.c.obj)
 .text.z_ready_thread
                0x00000000000109d0       0x1e zephyr/kernel/libkernel.a(sched.c.obj)
                0x00000000000109d0                z_ready_thread
 .text.z_unpend_thread_no_timeout
                0x00000000000109ee       0x22 zephyr/kernel/libkernel.a(sched.c.obj)
                0x00000000000109ee                z_unpend_thread_no_timeout
 .text.z_sched_wake_thread
                0x0000000000010a10       0x3a zephyr/kernel/libkernel.a(sched.c.obj)
                0x0000000000010a10                z_sched_wake_thread
 .text.z_thread_timeout
                0x0000000000010a4a        0x8 zephyr/kernel/libkernel.a(sched.c.obj)
                0x0000000000010a4a                z_thread_timeout
 .text.z_unpend1_no_timeout
                0x0000000000010a52       0x2c zephyr/kernel/libkernel.a(sched.c.obj)
                0x0000000000010a52                z_unpend1_no_timeout
 .text.z_impl_k_sleep
                0x0000000000010a7e       0x4e zephyr/kernel/libkernel.a(sched.c.obj)
                0x0000000000010a7e                z_impl_k_sleep
 .text.z_sched_wake
                0x0000000000010acc       0x44 zephyr/kernel/libkernel.a(sched.c.obj)
                0x0000000000010acc                z_sched_wake
 .text.next_timeout
                0x0000000000010b10       0x2e zephyr/kernel/libkernel.a(timeout.c.obj)
 .text.z_abort_timeout
                0x0000000000010b3e       0x50 zephyr/kernel/libkernel.a(timeout.c.obj)
                0x0000000000010b3e                z_abort_timeout
 .text.sys_clock_tick_get_32
                0x0000000000010b8e        0x8 zephyr/kernel/libkernel.a(timeout.c.obj)
                0x0000000000010b8e                sys_clock_tick_get_32
 .text.z_impl_k_uptime_ticks
                0x0000000000010b96        0x4 zephyr/kernel/libkernel.a(timeout.c.obj)
                0x0000000000010b96                z_impl_k_uptime_ticks
 .text.k_timer_init
                0x0000000000010b9a       0x18 zephyr/kernel/libkernel.a(timer.c.obj)
                0x0000000000010b9a                k_timer_init
 .text.z_impl_k_timer_stop
                0x0000000000010bb2       0x38 zephyr/kernel/libkernel.a(timer.c.obj)
                0x0000000000010bb2                z_impl_k_timer_stop
 .text.memcpy   0x0000000000010bea       0x1a c:\ncs\toolchains\b8b84efebd\opt\zephyr-sdk\arm-zephyr-eabi\bin\../lib/gcc/../../picolibc/arm-zephyr-eabi/lib/thumb/v8-m.main/nofp\libc.a(memcpy.c.o)
                0x0000000000010bea                __aeabi_memcpy
                0x0000000000010bea                __aeabi_memcpy4
                0x0000000000010bea                __aeabi_memcpy8
                0x0000000000010bea                memcpy
 .text.memset   0x0000000000010c04       0x10 c:\ncs\toolchains\b8b84efebd\opt\zephyr-sdk\arm-zephyr-eabi\bin\../lib/gcc/../../picolibc/arm-zephyr-eabi/lib/thumb/v8-m.main/nofp\libc.a(memset.c.o)
                0x0000000000010c04                memset
 .text.strnlen  0x0000000000010c14       0x18 c:\ncs\toolchains\b8b84efebd\opt\zephyr-sdk\arm-zephyr-eabi\bin\../lib/gcc/../../picolibc/arm-zephyr-eabi/lib/thumb/v8-m.main/nofp\libc.a(libc_string_strnlen.c.o)
                0x0000000000010c14                strnlen
 .text.__ultoa_invert
                0x0000000000010c2c       0xac c:\ncs\toolchains\b8b84efebd\opt\zephyr-sdk\arm-zephyr-eabi\bin\../lib/gcc/../../picolibc/arm-zephyr-eabi/lib/thumb/v8-m.main/nofp\libc.a(libc_tinystdio_vflprintf.c.o)
 .text.__file_str_put
                0x0000000000010cd8       0x10 c:\ncs\toolchains\b8b84efebd\opt\zephyr-sdk\arm-zephyr-eabi\bin\../lib/gcc/../../picolibc/arm-zephyr-eabi/lib/thumb/v8-m.main/nofp\libc.a(libc_tinystdio_filestrput.c.o)
                0x0000000000010cd8                __file_str_put
 *(SORT_BY_ALIGNMENT(.TEXT.*))
 .TEXT.__aeabi_read_tp
                0x0000000000010ce8        0xc zephyr/arch/arch/arm/core/cortex_m/libarch__arm__core__cortex_m.a(__aeabi_read_tp.S.obj)
                0x0000000000010ce8                __aeabi_read_tp
 *(SORT_BY_ALIGNMENT(.gnu.linkonce.t.*))
 *(SORT_BY_ALIGNMENT(.glue_7t))
 .glue_7t       0x0000000000010cf4        0x0 linker stubs
 *(SORT_BY_ALIGNMENT(.glue_7))
 .glue_7        0x0000000000010cf4        0x0 linker stubs
 *(SORT_BY_ALIGNMENT(.vfp11_veneer))
 .vfp11_veneer  0x0000000000010cf4        0x0 linker stubs
 *(SORT_BY_ALIGNMENT(.v4_bx))
 .v4_bx         0x0000000000010cf4        0x0 linker stubs
                0x0000000000010cf4                . = ALIGN (0x4)
                0x0000000000010cf4                __text_region_end = .

.ARM.exidx      0x0000000000010cf4        0x8
                0x0000000000010cf4                __exidx_start = .
 *(SORT_BY_ALIGNMENT(.ARM.exidx*) SORT_BY_ALIGNMENT(gnu.linkonce.armexidx.*))
 .ARM.exidx     0x0000000000010cf4        0x8 c:\ncs\toolchains\b8b84efebd\opt\zephyr-sdk\arm-zephyr-eabi\bin\../lib/gcc/../../picolibc/arm-zephyr-eabi/lib/thumb/v8-m.main/nofp\libc.a(strlen.S.o)
 .ARM.exidx     0x0000000000010cfc        0x0 c:/ncs/toolchains/b8b84efebd/opt/zephyr-sdk/arm-zephyr-eabi/bin/../lib/gcc/arm-zephyr-eabi/12.2.0/thumb/v8-m.main/nofp\libgcc.a(_udivmoddi4.o)
                                          0x8 (size before relaxing)
                0x0000000000010cfc                __exidx_end = .
                0x0000000000010cfc                __rodata_region_start = .

initlevel       0x0000000000010cfc       0x68
                0x0000000000010cfc                __init_start = .
                0x0000000000010cfc                __init_EARLY_start = .
 *(SORT_BY_NAME(SORT_BY_ALIGNMENT(.z_init_EARLY_P_?_*)))
 *(SORT_BY_NAME(SORT_BY_ALIGNMENT(.z_init_EARLY_P_??_*)))
 *(SORT_BY_NAME(SORT_BY_ALIGNMENT(.z_init_EARLY_P_???_*)))
                0x0000000000010cfc                __init_PRE_KERNEL_1_start = .
 *(SORT_BY_NAME(SORT_BY_ALIGNMENT(.z_init_PRE_KERNEL_1_P_?_*)))
 .z_init_PRE_KERNEL_1_P_0_SUB_0_
                0x0000000000010cfc        0x8 modules/nrf/modules/trusted-firmware-m/lib..__nrf__modules__trusted-firmware-m.a(fault.c.obj)
 *(SORT_BY_NAME(SORT_BY_ALIGNMENT(.z_init_PRE_KERNEL_1_P_??_*)))
 .z_init_PRE_KERNEL_1_P_30_SUB_00075_
                0x0000000000010d04        0x8 zephyr/drivers/clock_control/libdrivers__clock_control.a(clock_control_nrf.c.obj)
 .z_init_PRE_KERNEL_1_P_40_SUB_00015_
                0x0000000000010d0c        0x8 zephyr/drivers/gpio/libdrivers__gpio.a(gpio_nrfx.c.obj)
 .z_init_PRE_KERNEL_1_P_40_SUB_00035_
                0x0000000000010d14        0x8 zephyr/drivers/gpio/libdrivers__gpio.a(gpio_nrfx.c.obj)
 .z_init_PRE_KERNEL_1_P_50_SUB_00112_
                0x0000000000010d1c        0x8 zephyr/drivers/serial/libdrivers__serial.a(uart_nrfx_uarte.c.obj)
 .z_init_PRE_KERNEL_1_P_60_SUB_0_
                0x0000000000010d24        0x8 zephyr/drivers/console/libdrivers__console.a(uart_console.c.obj)
 *(SORT_BY_NAME(SORT_BY_ALIGNMENT(.z_init_PRE_KERNEL_1_P_???_*)))
                0x0000000000010d2c                __init_PRE_KERNEL_2_start = .
 *(SORT_BY_NAME(SORT_BY_ALIGNMENT(.z_init_PRE_KERNEL_2_P_?_*)))
 .z_init_PRE_KERNEL_2_P_0_SUB_0_
                0x0000000000010d2c        0x8 zephyr/drivers/timer/libdrivers__timer.a(nrf_rtc_timer.c.obj)
 *(SORT_BY_NAME(SORT_BY_ALIGNMENT(.z_init_PRE_KERNEL_2_P_??_*)))
 *(SORT_BY_NAME(SORT_BY_ALIGNMENT(.z_init_PRE_KERNEL_2_P_???_*)))
                0x0000000000010d34                __init_POST_KERNEL_start = .
 *(SORT_BY_NAME(SORT_BY_ALIGNMENT(.z_init_POST_KERNEL_P_?_*)))
 .z_init_POST_KERNEL_P_0_SUB_0_
                0x0000000000010d34        0x8 zephyr/libzephyr.a(log_core.c.obj)
 *(SORT_BY_NAME(SORT_BY_ALIGNMENT(.z_init_POST_KERNEL_P_??_*)))
 .z_init_POST_KERNEL_P_35_SUB_0_
                0x0000000000010d3c        0x8 zephyr/lib/libc/common/liblib__libc__common.a(malloc.c.obj)
 .z_init_POST_KERNEL_P_40_SUB_0_
                0x0000000000010d44        0x8 modules/trusted-firmware-m/libtfm_api.a(interface.c.obj)
 .z_init_POST_KERNEL_P_40_SUB_0_
                0x0000000000010d4c        0x8 zephyr/kernel/libkernel.a(system_work_q.c.obj)
 .z_init_POST_KERNEL_P_50_SUB_00012_
                0x0000000000010d54        0x8 zephyr/drivers/adc/libdrivers__adc.a(adc_nrfx_saadc.c.obj)
 .z_init_POST_KERNEL_P_50_SUB_0_
                0x0000000000010d5c        0x8 modules/nrf/subsys/nrf_security/src/zephyr/libmbedtls_zephyr.a(psa_crypto_init.c.obj)
 *(SORT_BY_NAME(SORT_BY_ALIGNMENT(.z_init_POST_KERNEL_P_???_*)))
                0x0000000000010d64                __init_APPLICATION_start = .
 *(SORT_BY_NAME(SORT_BY_ALIGNMENT(.z_init_APPLICATION_P_?_*)))
 *(SORT_BY_NAME(SORT_BY_ALIGNMENT(.z_init_APPLICATION_P_??_*)))
 *(SORT_BY_NAME(SORT_BY_ALIGNMENT(.z_init_APPLICATION_P_???_*)))
                0x0000000000010d64                __init_SMP_start = .
 *(SORT_BY_NAME(SORT_BY_ALIGNMENT(.z_init_SMP_P_?_*)))
 *(SORT_BY_NAME(SORT_BY_ALIGNMENT(.z_init_SMP_P_??_*)))
 *(SORT_BY_NAME(SORT_BY_ALIGNMENT(.z_init_SMP_P_???_*)))
                0x0000000000010d64                __init_end = .

device_area     0x0000000000010d64       0xa0
                0x0000000000010d64                _device_list_start = .
 *(SORT_BY_NAME(SORT_BY_ALIGNMENT(._device.static.*_?_*)))
 *(SORT_BY_NAME(SORT_BY_ALIGNMENT(._device.static.*_??_*)))
 ._device.static.1_30_
                0x0000000000010d64       0x20 zephyr/drivers/clock_control/libdrivers__clock_control.a(clock_control_nrf.c.obj)
                0x0000000000010d64                __device_dts_ord_75
 ._device.static.1_40_
                0x0000000000010d84       0x40 zephyr/drivers/gpio/libdrivers__gpio.a(gpio_nrfx.c.obj)
                0x0000000000010d84                __device_dts_ord_35
                0x0000000000010da4                __device_dts_ord_15
 ._device.static.1_50_
                0x0000000000010dc4       0x20 zephyr/drivers/serial/libdrivers__serial.a(uart_nrfx_uarte.c.obj)
                0x0000000000010dc4                __device_dts_ord_112
 ._device.static.3_50_
                0x0000000000010de4       0x20 zephyr/drivers/adc/libdrivers__adc.a(adc_nrfx_saadc.c.obj)
                0x0000000000010de4                __device_dts_ord_12
 *(SORT_BY_NAME(SORT_BY_ALIGNMENT(._device.static.*_???_*)))
 *(SORT_BY_NAME(SORT_BY_ALIGNMENT(._device.static.*_????_*)))
 *(SORT_BY_NAME(SORT_BY_ALIGNMENT(._device.static.*_?????_*)))
                0x0000000000010e04                _device_list_end = .

sw_isr_table    0x0000000000010e04      0x228
                0x0000000000010e04                . = ALIGN (0x4)
 *(SORT_BY_ALIGNMENT(.gnu.linkonce.sw_isr_table*))
 .gnu.linkonce.sw_isr_table
                0x0000000000010e04      0x228 zephyr/CMakeFiles/zephyr_final.dir/isr_tables.c.obj
                0x0000000000010e04                _sw_isr_table

initlevel_error
                0x0000000000010cfc        0x0
 *(SORT_BY_NAME(SORT_BY_ALIGNMENT(.z_init_*)))
                0x0000000000000001                ASSERT ((SIZEOF (initlevel_error) == 0x0), Undefined initialization levels used.)

app_shmem_regions
                0x000000000001102c        0x0
                0x000000000001102c                __app_shmem_regions_start = .
 *(SORT_BY_NAME(SORT_BY_ALIGNMENT(.app_regions.*)))
                0x000000000001102c                __app_shmem_regions_end = .

k_p4wq_initparam_area
                0x000000000001102c        0x0
                0x000000000001102c                _k_p4wq_initparam_list_start = .
 *(SORT_BY_NAME(SORT_BY_ALIGNMENT(._k_p4wq_initparam.static.*)))
                0x000000000001102c                _k_p4wq_initparam_list_end = .

_static_thread_data_area
                0x000000000001102c        0x0
                0x000000000001102c                __static_thread_data_list_start = .
 *(SORT_BY_NAME(SORT_BY_ALIGNMENT(.__static_thread_data.static.*)))
                0x000000000001102c                __static_thread_data_list_end = .

device_deps     0x000000000001102c        0x0
                0x000000000001102c                __device_deps_start = .
 *(SORT_BY_NAME(SORT_BY_ALIGNMENT(.__device_deps_pass2*)))
                0x000000000001102c                __device_deps_end = .

adc_driver_api_area
                0x000000000001102c        0xc
                0x000000000001102c                _adc_driver_api_list_start = .
 *(SORT_BY_NAME(SORT_BY_ALIGNMENT(._adc_driver_api.static.*)))
 ._adc_driver_api.static.adc_nrfx_driver_api_
                0x000000000001102c        0xc zephyr/drivers/adc/libdrivers__adc.a(adc_nrfx_saadc.c.obj)
                0x0000000000011038                _adc_driver_api_list_end = .

gpio_driver_api_area
                0x0000000000011038       0x24
                0x0000000000011038                _gpio_driver_api_list_start = .
 *(SORT_BY_NAME(SORT_BY_ALIGNMENT(._gpio_driver_api.static.*)))
 ._gpio_driver_api.static.gpio_nrfx_drv_api_funcs_
                0x0000000000011038       0x24 zephyr/drivers/gpio/libdrivers__gpio.a(gpio_nrfx.c.obj)
                0x000000000001105c                _gpio_driver_api_list_end = .

shared_irq_driver_api_area
                0x000000000001105c        0x0
                0x000000000001105c                _shared_irq_driver_api_list_start = .
 *(SORT_BY_NAME(SORT_BY_ALIGNMENT(._shared_irq_driver_api.static.*)))
                0x000000000001105c                _shared_irq_driver_api_list_end = .

crypto_driver_api_area
                0x000000000001105c        0x0
                0x000000000001105c                _crypto_driver_api_list_start = .
 *(SORT_BY_NAME(SORT_BY_ALIGNMENT(._crypto_driver_api.static.*)))
                0x000000000001105c                _crypto_driver_api_list_end = .

auxdisplay_driver_api_area
                0x000000000001105c        0x0
                0x000000000001105c                _auxdisplay_driver_api_list_start = .
 *(SORT_BY_NAME(SORT_BY_ALIGNMENT(._auxdisplay_driver_api.static.*)))
                0x000000000001105c                _auxdisplay_driver_api_list_end = .

bbram_driver_api_area
                0x000000000001105c        0x0
                0x000000000001105c                _bbram_driver_api_list_start = .
 *(SORT_BY_NAME(SORT_BY_ALIGNMENT(._bbram_driver_api.static.*)))
                0x000000000001105c                _bbram_driver_api_list_end = .

bt_hci_driver_api_area
                0x000000000001105c        0x0
                0x000000000001105c                _bt_hci_driver_api_list_start = .
 *(SORT_BY_NAME(SORT_BY_ALIGNMENT(._bt_hci_driver_api.static.*)))
                0x000000000001105c                _bt_hci_driver_api_list_end = .

can_driver_api_area
                0x000000000001105c        0x0
                0x000000000001105c                _can_driver_api_list_start = .
 *(SORT_BY_NAME(SORT_BY_ALIGNMENT(._can_driver_api.static.*)))
                0x000000000001105c                _can_driver_api_list_end = .

cellular_driver_api_area
                0x000000000001105c        0x0
                0x000000000001105c                _cellular_driver_api_list_start = .
 *(SORT_BY_NAME(SORT_BY_ALIGNMENT(._cellular_driver_api.static.*)))
                0x000000000001105c                _cellular_driver_api_list_end = .

charger_driver_api_area
                0x000000000001105c        0x0
                0x000000000001105c                _charger_driver_api_list_start = .
 *(SORT_BY_NAME(SORT_BY_ALIGNMENT(._charger_driver_api.static.*)))
                0x000000000001105c                _charger_driver_api_list_end = .

clock_control_driver_api_area
                0x000000000001105c       0x1c
                0x000000000001105c                _clock_control_driver_api_list_start = .
 *(SORT_BY_NAME(SORT_BY_ALIGNMENT(._clock_control_driver_api.static.*)))
 ._clock_control_driver_api.static.clock_control_api_
                0x000000000001105c       0x1c zephyr/drivers/clock_control/libdrivers__clock_control.a(clock_control_nrf.c.obj)
                0x0000000000011078                _clock_control_driver_api_list_end = .

comparator_driver_api_area
                0x0000000000011078        0x0
                0x0000000000011078                _comparator_driver_api_list_start = .
 *(SORT_BY_NAME(SORT_BY_ALIGNMENT(._comparator_driver_api.static.*)))
                0x0000000000011078                _comparator_driver_api_list_end = .

coredump_driver_api_area
                0x0000000000011078        0x0
                0x0000000000011078                _coredump_driver_api_list_start = .
 *(SORT_BY_NAME(SORT_BY_ALIGNMENT(._coredump_driver_api.static.*)))
                0x0000000000011078                _coredump_driver_api_list_end = .

counter_driver_api_area
                0x0000000000011078        0x0
                0x0000000000011078                _counter_driver_api_list_start = .
 *(SORT_BY_NAME(SORT_BY_ALIGNMENT(._counter_driver_api.static.*)))
                0x0000000000011078                _counter_driver_api_list_end = .

dac_driver_api_area
                0x0000000000011078        0x0
                0x0000000000011078                _dac_driver_api_list_start = .
 *(SORT_BY_NAME(SORT_BY_ALIGNMENT(._dac_driver_api.static.*)))
                0x0000000000011078                _dac_driver_api_list_end = .

dai_driver_api_area
                0x0000000000011078        0x0
                0x0000000000011078                _dai_driver_api_list_start = .
 *(SORT_BY_NAME(SORT_BY_ALIGNMENT(._dai_driver_api.static.*)))
                0x0000000000011078                _dai_driver_api_list_end = .

display_driver_api_area
                0x0000000000011078        0x0
                0x0000000000011078                _display_driver_api_list_start = .
 *(SORT_BY_NAME(SORT_BY_ALIGNMENT(._display_driver_api.static.*)))
                0x0000000000011078                _display_driver_api_list_end = .

dma_driver_api_area
                0x0000000000011078        0x0
                0x0000000000011078                _dma_driver_api_list_start = .
 *(SORT_BY_NAME(SORT_BY_ALIGNMENT(._dma_driver_api.static.*)))
                0x0000000000011078                _dma_driver_api_list_end = .

edac_driver_api_area
                0x0000000000011078        0x0
                0x0000000000011078                _edac_driver_api_list_start = .
 *(SORT_BY_NAME(SORT_BY_ALIGNMENT(._edac_driver_api.static.*)))
                0x0000000000011078                _edac_driver_api_list_end = .

eeprom_driver_api_area
                0x0000000000011078        0x0
                0x0000000000011078                _eeprom_driver_api_list_start = .
 *(SORT_BY_NAME(SORT_BY_ALIGNMENT(._eeprom_driver_api.static.*)))
                0x0000000000011078                _eeprom_driver_api_list_end = .

emul_bbram_driver_api_area
                0x0000000000011078        0x0
                0x0000000000011078                _emul_bbram_driver_api_list_start = .
 *(SORT_BY_NAME(SORT_BY_ALIGNMENT(._emul_bbram_driver_api.static.*)))
                0x0000000000011078                _emul_bbram_driver_api_list_end = .

fuel_gauge_emul_driver_api_area
                0x0000000000011078        0x0
                0x0000000000011078                _fuel_gauge_emul_driver_api_list_start = .
 *(SORT_BY_NAME(SORT_BY_ALIGNMENT(._fuel_gauge_emul_driver_api.static.*)))
                0x0000000000011078                _fuel_gauge_emul_driver_api_list_end = .

emul_sensor_driver_api_area
                0x0000000000011078        0x0
                0x0000000000011078                _emul_sensor_driver_api_list_start = .
 *(SORT_BY_NAME(SORT_BY_ALIGNMENT(._emul_sensor_driver_api.static.*)))
                0x0000000000011078                _emul_sensor_driver_api_list_end = .

entropy_driver_api_area
                0x0000000000011078        0x0
                0x0000000000011078                _entropy_driver_api_list_start = .
 *(SORT_BY_NAME(SORT_BY_ALIGNMENT(._entropy_driver_api.static.*)))
                0x0000000000011078                _entropy_driver_api_list_end = .

espi_driver_api_area
                0x0000000000011078        0x0
                0x0000000000011078                _espi_driver_api_list_start = .
 *(SORT_BY_NAME(SORT_BY_ALIGNMENT(._espi_driver_api.static.*)))
                0x0000000000011078                _espi_driver_api_list_end = .

espi_saf_driver_api_area
                0x0000000000011078        0x0
                0x0000000000011078                _espi_saf_driver_api_list_start = .
 *(SORT_BY_NAME(SORT_BY_ALIGNMENT(._espi_saf_driver_api.static.*)))
                0x0000000000011078                _espi_saf_driver_api_list_end = .

flash_driver_api_area
                0x0000000000011078        0x0