Archive member included to satisfy reference by file (symbol)

app/libapp.a(main.c.obj)      (--whole-archive)
app/libapp.a(my_lbs.c.obj)    (--whole-archive)
zephyr/libzephyr.a(heap.c.obj)
                              (--whole-archive)
zephyr/libzephyr.a(cbprintf_packaged.c.obj)
                              (--whole-archive)
zephyr/libzephyr.a(printk.c.obj)
                              (--whole-archive)
zephyr/libzephyr.a(sem.c.obj)
                              (--whole-archive)
zephyr/libzephyr.a(thread_entry.c.obj)
                              (--whole-archive)
zephyr/libzephyr.a(cbprintf_complete.c.obj)
                              (--whole-archive)
zephyr/libzephyr.a(assert.c.obj)
                              (--whole-archive)
zephyr/libzephyr.a(mpsc_pbuf.c.obj)
                              (--whole-archive)
zephyr/libzephyr.a(dec.c.obj)
                              (--whole-archive)
zephyr/libzephyr.a(hex.c.obj)
                              (--whole-archive)
zephyr/libzephyr.a(rb.c.obj)  (--whole-archive)
zephyr/libzephyr.a(timeutil.c.obj)
                              (--whole-archive)
zephyr/libzephyr.a(bitarray.c.obj)
                              (--whole-archive)
zephyr/libzephyr.a(onoff.c.obj)
                              (--whole-archive)
zephyr/libzephyr.a(notify.c.obj)
                              (--whole-archive)
zephyr/libzephyr.a(ring_buffer.c.obj)
                              (--whole-archive)
zephyr/libzephyr.a(last_section_id.c.obj)
                              (--whole-archive)
zephyr/libzephyr.a(configs.c.obj)
                              (--whole-archive)
zephyr/libzephyr.a(ipc_service.c.obj)
                              (--whole-archive)
zephyr/libzephyr.a(ipc_rpmsg_static_vrings.c.obj)
                              (--whole-archive)
zephyr/libzephyr.a(ipc_rpmsg.c.obj)
                              (--whole-archive)
zephyr/libzephyr.a(ipc_static_vrings.c.obj)
                              (--whole-archive)
zephyr/libzephyr.a(log_core.c.obj)
                              (--whole-archive)
zephyr/libzephyr.a(log_mgmt.c.obj)
                              (--whole-archive)
zephyr/libzephyr.a(log_cache.c.obj)
                              (--whole-archive)
zephyr/libzephyr.a(log_msg.c.obj)
                              (--whole-archive)
zephyr/libzephyr.a(log_output.c.obj)
                              (--whole-archive)
zephyr/libzephyr.a(log_backend_uart.c.obj)
                              (--whole-archive)
zephyr/libzephyr.a(mem_attr.c.obj)
                              (--whole-archive)
zephyr/libzephyr.a(tracing_none.c.obj)
                              (--whole-archive)
zephyr/libzephyr.a(banner.c.obj)
                              (--whole-archive)
zephyr/libzephyr.a(hci_vs_sdc.c.obj)
                              (--whole-archive)
zephyr/libzephyr.a(host_extensions.c.obj)
                              (--whole-archive)
zephyr/libzephyr.a(flash_map_partition_manager.c.obj)
                              (--whole-archive)
zephyr/arch/common/libarch__common.a(sw_isr_common.c.obj)
                              (--whole-archive)
zephyr/arch/arch/arm/core/libarch__arm__core.a(fatal.c.obj)
                              (--whole-archive)
zephyr/arch/arch/arm/core/libarch__arm__core.a(nmi.c.obj)
                              (--whole-archive)
zephyr/arch/arch/arm/core/libarch__arm__core.a(nmi_on_reset.S.obj)
                              (--whole-archive)
zephyr/arch/arch/arm/core/libarch__arm__core.a(tls.c.obj)
                              (--whole-archive)
zephyr/arch/arch/arm/core/cortex_m/libarch__arm__core__cortex_m.a(exc_exit.c.obj)
                              (--whole-archive)
zephyr/arch/arch/arm/core/cortex_m/libarch__arm__core__cortex_m.a(fault.c.obj)
                              (--whole-archive)
zephyr/arch/arch/arm/core/cortex_m/libarch__arm__core__cortex_m.a(fault_s.S.obj)
                              (--whole-archive)
zephyr/arch/arch/arm/core/cortex_m/libarch__arm__core__cortex_m.a(fpu.c.obj)
                              (--whole-archive)
zephyr/arch/arch/arm/core/cortex_m/libarch__arm__core__cortex_m.a(reset.S.obj)
                              (--whole-archive)
zephyr/arch/arch/arm/core/cortex_m/libarch__arm__core__cortex_m.a(scb.c.obj)
                              (--whole-archive)
zephyr/arch/arch/arm/core/cortex_m/libarch__arm__core__cortex_m.a(thread_abort.c.obj)
                              (--whole-archive)
zephyr/arch/arch/arm/core/cortex_m/libarch__arm__core__cortex_m.a(vector_table.S.obj)
                              (--whole-archive)
zephyr/arch/arch/arm/core/cortex_m/libarch__arm__core__cortex_m.a(swap_helper.S.obj)
                              (--whole-archive)
zephyr/arch/arch/arm/core/cortex_m/libarch__arm__core__cortex_m.a(irq_manage.c.obj)
                              (--whole-archive)
zephyr/arch/arch/arm/core/cortex_m/libarch__arm__core__cortex_m.a(prep_c.c.obj)
                              (--whole-archive)
[...]
Memory Configuration

Name             Origin             Length             Attributes
FLASH            0x0000000000008000 0x00000000000f8000 xr
RAM              0x0000000020008000 0x0000000000068000 xw
IDT_LIST         0x00000000ffff7fff 0x0000000000008000 xw
*default*        0x0000000000000000 0xffffffffffffffff

Linker script and memory map

                0x0000000000015838                vfprintf = __l_vfprintf
                0x0000000000000000                vfscanf = __l_vfscanf
LOAD zephyr/CMakeFiles/zephyr_final.dir/misc/empty_file.c.obj
LOAD zephyr/CMakeFiles/zephyr_final.dir/isr_tables.c.obj
LOAD zephyr/CMakeFiles/offsets.dir/./arch/arm/core/offsets/offsets.c.obj
LOAD tfm/api_ns/interface/lib/s_veneers.o
LOAD app/libapp.a
LOAD zephyr/libzephyr.a
LOAD zephyr/arch/common/libarch__common.a
LOAD zephyr/arch/arch/arm/core/libarch__arm__core.a
LOAD zephyr/arch/arch/arm/core/cortex_m/libarch__arm__core__cortex_m.a
LOAD zephyr/arch/arch/arm/core/cortex_m/cmse/libarch__arm__core__cortex_m__cmse.a
LOAD zephyr/arch/arch/arm/core/mpu/libarch__arm__core__mpu.a
LOAD zephyr/lib/libc/picolibc/liblib__libc__picolibc.a
LOAD zephyr/lib/libc/common/liblib__libc__common.a
LOAD zephyr/lib/net_buf/liblib__net_buf.a
LOAD zephyr/soc/soc/nrf5340/libsoc__nordic.a
LOAD zephyr/subsys/random/libsubsys__random.a
LOAD zephyr/subsys/bluetooth/common/libsubsys__bluetooth__common.a
LOAD zephyr/subsys/bluetooth/host/libsubsys__bluetooth__host.a
LOAD zephyr/drivers/bluetooth/libdrivers__bluetooth.a
LOAD zephyr/drivers/clock_control/libdrivers__clock_control.a
LOAD zephyr/drivers/console/libdrivers__console.a
LOAD zephyr/drivers/entropy/libdrivers__entropy.a
LOAD zephyr/drivers/gpio/libdrivers__gpio.a
LOAD zephyr/drivers/mbox/libdrivers__mbox.a
LOAD zephyr/drivers/pinctrl/libdrivers__pinctrl.a
LOAD zephyr/drivers/serial/libdrivers__serial.a
LOAD zephyr/drivers/timer/libdrivers__timer.a
LOAD modules/nrf/lib/dk_buttons_and_leds/lib..__nrf__lib__dk_buttons_and_leds.a
LOAD modules/nrf/subsys/nrf_security/src/zephyr/libmbedtls_zephyr.a
LOAD modules/nrf/modules/trusted-firmware-m/lib..__nrf__modules__trusted-firmware-m.a
LOAD modules/nrf/modules/trusted-firmware-m/libtfm_api_nrf.a
LOAD modules/trusted-firmware-m/libtfm_api.a
LOAD modules/hal_nordic/modules/hal_nordic/nrfx/libmodules__hal_nordic__nrfx.a
LOAD modules/libmetal/libmetal/lib/libmetal.a
LOAD modules/open-amp/open-amp/lib/libopen_amp.a
LOAD zephyr/kernel/libkernel.a
LOAD modules/nrf/subsys/nrf_security/src/libmbedcrypto.a
LOAD modules/nrf/subsys/nrf_security/src/libmbedcrypto_base.a
LOAD modules/nrf/subsys/nrf_security/src/libnrf_security_utils.a
LOAD zephyr/kernel/libkernel.a
LOAD C:/ncs/v3.1.1/nrfxlib/crypto/nrf_oberon/lib/cortex-m33/soft-float/liboberon_mbedtls_3.0.17.a
LOAD C:/ncs/v3.1.1/nrfxlib/crypto/nrf_oberon/lib/cortex-m33/soft-float/liboberon_3.0.17.a
LOAD zephyr/arch/common/libisr_tables.a
LOAD c:\ncs\toolchains\b8b84efebd\opt\zephyr-sdk\arm-zephyr-eabi\bin\../lib/gcc/../../picolibc/arm-zephyr-eabi/lib/thumb/v8-m.main/nofp\libc.a
LOAD c:/ncs/toolchains/b8b84efebd/opt/zephyr-sdk/arm-zephyr-eabi/bin/../lib/gcc/arm-zephyr-eabi/12.2.0/thumb/v8-m.main/nofp\libgcc.a
                0x0000000000000020                _region_min_align = 0x20

.rel.plt        0x0000000000008000        0x0
 *(SORT_BY_ALIGNMENT(.rel.plt))
                [!provide]                        PROVIDE (__rel_iplt_start = .)
 *(SORT_BY_ALIGNMENT(.rel.iplt))
 .rel.iplt      0x0000000000008000        0x0 zephyr/CMakeFiles/zephyr_final.dir/isr_tables.c.obj
                [!provide]                        PROVIDE (__rel_iplt_end = .)

.rela.plt       0x0000000000000000        0x0
 *(SORT_BY_ALIGNMENT(.rela.plt))
                [!provide]                        PROVIDE (__rela_iplt_start = .)
 *(SORT_BY_ALIGNMENT(.rela.iplt))
                [!provide]                        PROVIDE (__rela_iplt_end = .)

.rel.dyn
 *(SORT_BY_ALIGNMENT(.rel.*))

.rela.dyn
 *(SORT_BY_ALIGNMENT(.rela.*))

/DISCARD/
 *(SORT_BY_ALIGNMENT(.plt))

/DISCARD/
 *(SORT_BY_ALIGNMENT(.iplt))
                0x0000000000008000                __rom_region_start = 0x8000

rom_start       0x0000000000008000      0x154
                0x0000000000008000                __rom_start_address = .
 FILL mask 0x00
                0x0000000000008000                . = (. + (0x0 - (. - __rom_start_address)))
                0x0000000000008000                . = ALIGN (0x4)
                0x0000000000008000                . = ALIGN (0x80)
                0x0000000000008000                . = ALIGN (0x200)
                0x0000000000008000                _vector_start = .
 *(SORT_BY_ALIGNMENT(.exc_vector_table))
 *(SORT_BY_ALIGNMENT(.exc_vector_table.*))
 .exc_vector_table._vector_table_section
                0x0000000000008000       0x40 zephyr/arch/arch/arm/core/cortex_m/libarch__arm__core__cortex_m.a(vector_table.S.obj)
                0x0000000000008000                _vector_table
 *(SORT_BY_ALIGNMENT(.vectors))
                0x0000000000008154                _vector_end = .
                0x0000000000008040                . = ALIGN (0x4)
 *(SORT_BY_ALIGNMENT(.gnu.linkonce.irq_vector_table*))
 .gnu.linkonce.irq_vector_table
                0x0000000000008040      0x114 zephyr/CMakeFiles/zephyr_final.dir/isr_tables.c.obj
                0x0000000000008040                _irq_vector_table
                0x0000000000008154                _vector_end = .

text            0x0000000000008154    0x1244c
                0x0000000000008154                __text_region_start = .
 *(SORT_BY_ALIGNMENT(.text))
 .text          0x0000000000008154       0x14 c:\ncs\toolchains\b8b84efebd\opt\zephyr-sdk\arm-zephyr-eabi\bin\../lib/gcc/../../picolibc/arm-zephyr-eabi/lib/thumb/v8-m.main/nofp\libc.a(strcmp.S.o)
                0x0000000000008154                strcmp
 .text          0x0000000000008168       0x10 c:\ncs\toolchains\b8b84efebd\opt\zephyr-sdk\arm-zephyr-eabi\bin\../lib/gcc/../../picolibc/arm-zephyr-eabi/lib/thumb/v8-m.main/nofp\libc.a(strcpy.S.o)
                0x0000000000008168                strcpy
 .text          0x0000000000008178       0x10 c:\ncs\toolchains\b8b84efebd\opt\zephyr-sdk\arm-zephyr-eabi\bin\../lib/gcc/../../picolibc/arm-zephyr-eabi/lib/thumb/v8-m.main/nofp\libc.a(strlen.S.o)
                0x0000000000008178                strlen
 *(SORT_BY_ALIGNMENT(.text.*))
 .text.app_button_cb
                0x0000000000008188        0xc app/libapp.a(main.c.obj)
 .text.on_disconnected
                0x0000000000008194       0x18 app/libapp.a(main.c.obj)
 .text.on_connected
                0x00000000000081ac       0x28 app/libapp.a(main.c.obj)
 .text.adv_work_handler
                0x00000000000081d4       0x44 app/libapp.a(main.c.obj)
 .text.button_changed
                0x0000000000008218       0x1c app/libapp.a(main.c.obj)
 .text.send_data_thread
                0x0000000000008234       0x28 app/libapp.a(main.c.obj)
                0x0000000000008234                send_data_thread
 .text.recycled_cb
                0x000000000000825c       0x1c app/libapp.a(main.c.obj)
 .text.main     0x0000000000008278       0xc8 app/libapp.a(main.c.obj)
                0x0000000000008278                main
 .text.mylbsbc_ccc_cfg_changed
                0x0000000000008340       0x10 app/libapp.a(my_lbs.c.obj)
 .text.mylbsbc_ccc_mysensor_cfg_changed
                0x0000000000008350       0x10 app/libapp.a(my_lbs.c.obj)
 .text.write_led
                0x0000000000008360       0x3c app/libapp.a(my_lbs.c.obj)
 .text.read_button
                0x000000000000839c       0x44 app/libapp.a(my_lbs.c.obj)
 .text.my_lbs_init
                0x00000000000083e0       0x14 app/libapp.a(my_lbs.c.obj)
                0x00000000000083e0                my_lbs_init
 .text.my_lbs_send_button_state_indicate
                0x00000000000083f4       0x44 app/libapp.a(my_lbs.c.obj)
                0x00000000000083f4                my_lbs_send_button_state_indicate
 .text.my_lbs_send_sensor_notify
                0x0000000000008438       0x40 app/libapp.a(my_lbs.c.obj)
                0x0000000000008438                my_lbs_send_sensor_notify
 .text.cbvprintf_package
                0x0000000000008478      0x3a4 zephyr/libzephyr.a(cbprintf_packaged.c.obj)
                0x0000000000008478                cbvprintf_package
 .text.cbprintf_package_convert
                0x000000000000881c      0x3cc zephyr/libzephyr.a(cbprintf_packaged.c.obj)
                0x000000000000881c                cbprintf_package_convert
 .text.__printk_hook_install
                0x0000000000008be8        0xc zephyr/libzephyr.a(printk.c.obj)
                0x0000000000008be8                __printk_hook_install
 .text.z_thread_entry
                0x0000000000008bf4       0x34 zephyr/libzephyr.a(thread_entry.c.obj)
                0x0000000000008bf4                z_thread_entry
 .text.process_event
                0x0000000000008c28      0x21c zephyr/libzephyr.a(onoff.c.obj)
 .text.ipc_service_open_instance
                0x0000000000008e44       0x40 zephyr/libzephyr.a(ipc_service.c.obj)
                0x0000000000008e44                ipc_service_open_instance
 .text.ipc_service_close_instance
                0x0000000000008e84       0x40 zephyr/libzephyr.a(ipc_service.c.obj)
                0x0000000000008e84                ipc_service_close_instance
 .text.ipc_service_register_endpoint
                0x0000000000008ec4       0x44 zephyr/libzephyr.a(ipc_service.c.obj)
                0x0000000000008ec4                ipc_service_register_endpoint
 .text.ipc_service_deregister_endpoint
                0x0000000000008f08       0x58 zephyr/libzephyr.a(ipc_service.c.obj)
                0x0000000000008f08                ipc_service_deregister_endpoint
 .text.ipc_service_send
                0x0000000000008f60       0x5c zephyr/libzephyr.a(ipc_service.c.obj)
                0x0000000000008f60                ipc_service_send
 .text.shared_memory_prepare
                0x0000000000008fbc       0x14 zephyr/libzephyr.a(ipc_rpmsg_static_vrings.c.obj)
 .text.advertise_ept
                0x0000000000008fd0       0x44 zephyr/libzephyr.a(ipc_rpmsg_static_vrings.c.obj)
 .text.get_ept  0x0000000000009014       0x28 zephyr/libzephyr.a(ipc_rpmsg_static_vrings.c.obj)
 .text.open     0x000000000000903c      0x1b0 zephyr/libzephyr.a(ipc_rpmsg_static_vrings.c.obj)
 .text.bound_cb
                0x00000000000091ec       0x30 zephyr/libzephyr.a(ipc_rpmsg_static_vrings.c.obj)
 .text.send     0x000000000000921c       0x4c zephyr/libzephyr.a(ipc_rpmsg_static_vrings.c.obj)
 .text.register_ept
                0x0000000000009268       0xec zephyr/libzephyr.a(ipc_rpmsg_static_vrings.c.obj)
 .text.deregister_ept
                0x0000000000009354       0x44 zephyr/libzephyr.a(ipc_rpmsg_static_vrings.c.obj)
 .text.ns_bind_cb
                0x0000000000009398       0x6c zephyr/libzephyr.a(ipc_rpmsg.c.obj)
 .text.ipc_rpmsg_register_ept
                0x0000000000009404       0x3c zephyr/libzephyr.a(ipc_rpmsg.c.obj)
                0x0000000000009404                ipc_rpmsg_register_ept
 .text.ipc_rpmsg_init
                0x0000000000009440       0x70 zephyr/libzephyr.a(ipc_rpmsg.c.obj)
                0x0000000000009440                ipc_rpmsg_init
 .text.ipc_static_vrings_init
                0x00000000000094b0       0xbc zephyr/libzephyr.a(ipc_static_vrings.c.obj)
                0x00000000000094b0                ipc_static_vrings_init
 .text.activate_foreach_backend
                0x000000000000956c       0x64 zephyr/libzephyr.a(log_core.c.obj)
 .text.enable_logger
                0x00000000000095d0       0x5c zephyr/libzephyr.a(log_core.c.obj)
 .text.log_process_thread_timer_expiry_fn
                0x000000000000962c        0xc zephyr/libzephyr.a(log_core.c.obj)
 .text.z_log_init
                0x0000000000009638       0x98 zephyr/libzephyr.a(log_core.c.obj)
 .text.log_format_func_t_get
                0x00000000000096d0        0xc zephyr/libzephyr.a(log_core.c.obj)
                0x00000000000096d0                log_format_func_t_get
 .text.log_set_timestamp_func
                0x00000000000096dc       0x20 zephyr/libzephyr.a(log_core.c.obj)
                0x00000000000096dc                log_set_timestamp_func
 .text.z_log_notify_backend_enabled
                0x00000000000096fc       0x1c zephyr/libzephyr.a(log_core.c.obj)
                0x00000000000096fc                z_log_notify_backend_enabled
 .text.z_log_dropped
                0x0000000000009718       0x3c zephyr/libzephyr.a(log_core.c.obj)
                0x0000000000009718                z_log_dropped
 .text.z_log_dropped_read_and_clear
                0x0000000000009754       0x18 zephyr/libzephyr.a(log_core.c.obj)
                0x0000000000009754                z_log_dropped_read_and_clear
 .text.dropped_notify
                0x000000000000976c       0x30 zephyr/libzephyr.a(log_core.c.obj)
                0x000000000000976c                dropped_notify
 .text.z_log_msg_init
                0x000000000000979c       0x20 zephyr/libzephyr.a(log_core.c.obj)
                0x000000000000979c                z_log_msg_init
 .text.log_core_init
                0x00000000000097bc       0x50 zephyr/libzephyr.a(log_core.c.obj)
                0x00000000000097bc                log_core_init
 .text.z_log_msg_alloc
                0x000000000000980c       0x10 zephyr/libzephyr.a(log_core.c.obj)
                0x000000000000980c                z_log_msg_alloc
 .text.z_log_msg_local_claim
                0x000000000000981c        0xc zephyr/libzephyr.a(log_core.c.obj)
                0x000000000000981c                z_log_msg_local_claim
 .text.z_log_msg_free
                0x0000000000009828       0x10 zephyr/libzephyr.a(log_core.c.obj)
                0x0000000000009828                z_log_msg_free
 .text.z_log_msg_pending
                0x0000000000009838        0xc zephyr/libzephyr.a(log_core.c.obj)
                0x0000000000009838                z_log_msg_pending
 .text.z_impl_log_process
                0x0000000000009844       0xb8 zephyr/libzephyr.a(log_core.c.obj)
                0x0000000000009844                z_impl_log_process
 .text.z_impl_log_panic
                0x00000000000098fc       0x44 zephyr/libzephyr.a(log_core.c.obj)
                0x00000000000098fc                z_impl_log_panic
 .text.log_process_thread_func
                0x0000000000009940       0xa4 zephyr/libzephyr.a(log_core.c.obj)
 .text.z_log_msg_post_finalize
                0x00000000000099e4       0x78 zephyr/libzephyr.a(log_core.c.obj)
 .text.z_log_msg_commit
                0x0000000000009a5c       0x24 zephyr/libzephyr.a(log_core.c.obj)
                0x0000000000009a5c                z_log_msg_commit
 .text.log_source_name_get
                0x0000000000009a80       0x1c zephyr/libzephyr.a(log_mgmt.c.obj)
                0x0000000000009a80                log_source_name_get
 .text.z_impl_z_log_msg_static_create
                0x0000000000009a9c      0x108 zephyr/libzephyr.a(log_msg.c.obj)
                0x0000000000009a9c                z_impl_z_log_msg_static_create
 .text.z_log_msg_runtime_vcreate
                0x0000000000009ba4       0xa0 zephyr/libzephyr.a(log_msg.c.obj)
                0x0000000000009ba4                z_log_msg_runtime_vcreate
 .text.log_msg_get_source_id
                0x0000000000009c44       0x18 zephyr/libzephyr.a(log_msg.c.obj)
                0x0000000000009c44                log_msg_get_source_id
 .text.print_formatted
                0x0000000000009c5c       0x24 zephyr/libzephyr.a(log_output.c.obj)
 .text.newline_print
                0x0000000000009c80       0x1c zephyr/libzephyr.a(log_output.c.obj)
 .text.log_output_process
                0x0000000000009c9c      0x2d4 zephyr/libzephyr.a(log_output.c.obj)
                0x0000000000009c9c                log_output_process
 .text.log_output_dropped_process
                0x0000000000009f70       0x58 zephyr/libzephyr.a(log_output.c.obj)
                0x0000000000009f70                log_output_dropped_process
 .text.log_output_timestamp_freq_set
                0x0000000000009fc8       0x2c zephyr/libzephyr.a(log_output.c.obj)
                0x0000000000009fc8                log_output_timestamp_freq_set
 .text.char_out
                0x0000000000009ff4       0x24 zephyr/libzephyr.a(log_backend_uart.c.obj)
 .text.mem_attr_get_regions
                0x000000000000a018        0xc zephyr/libzephyr.a(mem_attr.c.obj)
                0x000000000000a018                mem_attr_get_regions
 .text.boot_banner
                0x000000000000a024       0x1c zephyr/libzephyr.a(banner.c.obj)
                0x000000000000a024                boot_banner
 .text.z_arm_fatal_error
                0x000000000000a040       0xb8 zephyr/arch/arch/arm/core/libarch__arm__core.a(fatal.c.obj)
                0x000000000000a040                z_arm_fatal_error
 .text.z_SysNmiOnReset
                0x000000000000a0f8        0x8 zephyr/arch/arch/arm/core/libarch__arm__core.a(nmi_on_reset.S.obj)
                0x000000000000a0f8                z_SysNmiOnReset
 .text.arch_tls_stack_setup
                0x000000000000a100       0x40 zephyr/arch/arch/arm/core/libarch__arm__core.a(tls.c.obj)
                0x000000000000a100                arch_tls_stack_setup
 .text._HandlerModeExit
                0x000000000000a140       0x20 zephyr/arch/arch/arm/core/cortex_m/libarch__arm__core__cortex_m.a(exc_exit.c.obj)
                0x000000000000a140                z_arm_int_exit
                0x000000000000a140                z_arm_exc_exit
 .text.mem_manage_fault.constprop.0
                0x000000000000a160       0xd0 zephyr/arch/arch/arm/core/cortex_m/libarch__arm__core__cortex_m.a(fault.c.obj)
 .text.usage_fault.constprop.0
                0x000000000000a230       0xbc zephyr/arch/arch/arm/core/cortex_m/libarch__arm__core__cortex_m.a(fault.c.obj)
 .text.bus_fault.constprop.0
                0x000000000000a2ec       0xd0 zephyr/arch/arch/arm/core/cortex_m/libarch__arm__core__cortex_m.a(fault.c.obj)
 .text.z_arm_fault
                0x000000000000a3bc      0x1e0 zephyr/arch/arch/arm/core/cortex_m/libarch__arm__core__cortex_m.a(fault.c.obj)
                0x000000000000a3bc                z_arm_fault
 .text.z_arm_fault_init
                0x000000000000a59c       0x20 zephyr/arch/arch/arm/core/cortex_m/libarch__arm__core__cortex_m.a(fault.c.obj)
                0x000000000000a59c                z_arm_fault_init
 .text.__fault  0x000000000000a5bc       0x14 zephyr/arch/arch/arm/core/cortex_m/libarch__arm__core__cortex_m.a(fault_s.S.obj)
                0x000000000000a5bc                z_arm_usage_fault
                0x000000000000a5bc                z_arm_mpu_fault
                0x000000000000a5bc                z_arm_exc_spurious
                0x000000000000a5bc                z_arm_debug_monitor
                0x000000000000a5bc                z_arm_hard_fault
                0x000000000000a5bc                z_arm_bus_fault
 .text._reset_section
                0x000000000000a5d0       0x60 zephyr/arch/arch/arm/core/cortex_m/libarch__arm__core__cortex_m.a(reset.S.obj)
                0x000000000000a5d0                __start
                0x000000000000a5d0                z_arm_reset
 .text.z_arm_clear_arm_mpu_config
                0x000000000000a630       0x24 zephyr/arch/arch/arm/core/cortex_m/libarch__arm__core__cortex_m.a(scb.c.obj)
                0x000000000000a630                z_arm_clear_arm_mpu_config
 .text.z_arm_init_arch_hw_at_boot
                0x000000000000a654       0x4c zephyr/arch/arch/arm/core/cortex_m/libarch__arm__core__cortex_m.a(scb.c.obj)
                0x000000000000a654                z_arm_init_arch_hw_at_boot
 .text.z_impl_k_thread_abort
                0x000000000000a6a0       0x2c zephyr/arch/arch/arm/core/cortex_m/libarch__arm__core__cortex_m.a(thread_abort.c.obj)
                0x000000000000a6a0                z_impl_k_thread_abort
 .text.z_arm_pendsv
                0x000000000000a6cc       0x68 zephyr/arch/arch/arm/core/cortex_m/libarch__arm__core__cortex_m.a(swap_helper.S.obj)
                0x000000000000a6cc                z_arm_pendsv
 .text.z_arm_svc
                0x000000000000a734       0x24 zephyr/arch/arch/arm/core/cortex_m/libarch__arm__core__cortex_m.a(swap_helper.S.obj)
                0x000000000000a734                z_arm_svc
 .text.arm_irq_enable
                0x000000000000a758       0x1c zephyr/arch/arch/arm/core/cortex_m/libarch__arm__core__cortex_m.a(irq_manage.c.obj)
                0x000000000000a758                arm_irq_enable
 .text.arm_irq_disable
                0x000000000000a774       0x28 zephyr/arch/arch/arm/core/cortex_m/libarch__arm__core__cortex_m.a(irq_manage.c.obj)
                0x000000000000a774                arm_irq_disable
 .text.arm_irq_is_enabled
                0x000000000000a79c       0x1c zephyr/arch/arch/arm/core/cortex_m/libarch__arm__core__cortex_m.a(irq_manage.c.obj)
                0x000000000000a79c                arm_irq_is_enabled
 .text.arm_irq_priority_set
                0x000000000000a7b8       0x2c zephyr/arch/arch/arm/core/cortex_m/libarch__arm__core__cortex_m.a(irq_manage.c.obj)
                0x000000000000a7b8                arm_irq_priority_set
 .text.relocate_vector_table
                0x000000000000a7e4       0x1c zephyr/arch/arch/arm/core/cortex_m/libarch__arm__core__cortex_m.a(prep_c.c.obj)
                0x000000000000a7e4                relocate_vector_table
 .text.z_prep_c
                0x000000000000a800       0x28 zephyr/arch/arch/arm/core/cortex_m/libarch__arm__core__cortex_m.a(prep_c.c.obj)
                0x000000000000a800                z_prep_c
 .text.arch_new_thread
                0x000000000000a828       0x40 zephyr/arch/arch/arm/core/cortex_m/libarch__arm__core__cortex_m.a(thread.c.obj)
                0x000000000000a828                arch_new_thread
 .text.arch_switch_to_main_thread
                0x000000000000a868       0x40 zephyr/arch/arch/arm/core/cortex_m/libarch__arm__core__cortex_m.a(thread.c.obj)
                0x000000000000a868                arch_switch_to_main_thread
 .text.z_arm_cpu_idle_init
                0x000000000000a8a8        0xc zephyr/arch/arch/arm/core/cortex_m/libarch__arm__core__cortex_m.a(cpu_idle.c.obj)
                0x000000000000a8a8                z_arm_cpu_idle_init
 .text.z_arm_interrupt_init
                0x000000000000a8b4       0x18 zephyr/arch/arch/arm/core/cortex_m/libarch__arm__core__cortex_m.a(irq_init.c.obj)
                0x000000000000a8b4                z_arm_interrupt_init
 .text._isr_wrapper
                0x000000000000a8cc       0x24 zephyr/arch/arch/arm/core/cortex_m/libarch__arm__core__cortex_m.a(isr_wrapper.c.obj)
                0x000000000000a8cc                _isr_wrapper
 .text.z_arm_configure_static_mpu_regions
                0x000000000000a8f0       0x38 zephyr/arch/arch/arm/core/mpu/libarch__arm__core__mpu.a(arm_core_mpu.c.obj)
                0x000000000000a8f0                z_arm_configure_static_mpu_regions
 .text.region_init
                0x000000000000a928       0x34 zephyr/arch/arch/arm/core/mpu/libarch__arm__core__mpu.a(arm_mpu.c.obj)
 .text.region_allocate_and_init
                0x000000000000a95c       0x38 zephyr/arch/arch/arm/core/mpu/libarch__arm__core__mpu.a(arm_mpu.c.obj)
 .text.mpu_configure_regions_and_partition.constprop.0
                0x000000000000a994      0x164 zephyr/arch/arch/arm/core/mpu/libarch__arm__core__mpu.a(arm_mpu.c.obj)
 .text.arm_core_mpu_enable
                0x000000000000aaf8       0x18 zephyr/arch/arch/arm/core/mpu/libarch__arm__core__mpu.a(arm_mpu.c.obj)
                0x000000000000aaf8                arm_core_mpu_enable
 .text.arm_core_mpu_disable
                0x000000000000ab10       0x14 zephyr/arch/arch/arm/core/mpu/libarch__arm__core__mpu.a(arm_mpu.c.obj)
                0x000000000000ab10                arm_core_mpu_disable
 .text.arm_core_mpu_configure_static_mpu_regions
                0x000000000000ab24       0x14 zephyr/arch/arch/arm/core/mpu/libarch__arm__core__mpu.a(arm_mpu.c.obj)
                0x000000000000ab24                arm_core_mpu_configure_static_mpu_regions
 .text.arm_core_mpu_mark_areas_for_dynamic_regions
                0x000000000000ab38       0xb8 zephyr/arch/arch/arm/core/mpu/libarch__arm__core__mpu.a(arm_mpu.c.obj)
                0x000000000000ab38                arm_core_mpu_mark_areas_for_dynamic_regions
 .text.z_arm_mpu_init
                0x000000000000abf0      0x11c zephyr/arch/arch/arm/core/mpu/libarch__arm__core__mpu.a(arm_mpu.c.obj)
                0x000000000000abf0                z_arm_mpu_init
 .text.cbvprintf
                0x000000000000ad0c       0x38 zephyr/lib/libc/picolibc/liblib__libc__picolibc.a(cbprintf.c.obj)
                0x000000000000ad0c                cbvprintf
 .text._exit    0x000000000000ad44       0x10 zephyr/lib/libc/picolibc/liblib__libc__picolibc.a(exit.c.obj)
                0x000000000000ad44                _exit
 .text.z_impl_zephyr_fputc
                0x000000000000ad54       0x10 zephyr/lib/libc/picolibc/liblib__libc__picolibc.a(stdio.c.obj)
                0x000000000000ad54                z_impl_zephyr_fputc
 .text.__stdout_hook_install
                0x000000000000ad64       0x18 zephyr/lib/libc/picolibc/liblib__libc__picolibc.a(stdio.c.obj)
                0x000000000000ad64                __stdout_hook_install
 .text.malloc_prepare
                0x000000000000ad7c       0x24 zephyr/lib/libc/common/liblib__libc__common.a(malloc.c.obj)
 .text.net_buf_destroy
                0x000000000000ada0       0x38 zephyr/lib/net_buf/liblib__net_buf.a(buf.c.obj)
 .text.net_buf_pool_get
                0x000000000000add8       0x10 zephyr/lib/net_buf/liblib__net_buf.a(buf.c.obj)
                0x000000000000add8                net_buf_pool_get
 .text.net_buf_id
                0x000000000000ade8       0x20 zephyr/lib/net_buf/liblib__net_buf.a(buf.c.obj)
                0x000000000000ade8                net_buf_id
 .text.fixed_data_alloc
                0x000000000000ae08       0x24 zephyr/lib/net_buf/liblib__net_buf.a(buf.c.obj)
 .text.net_buf_alloc_len
                0x000000000000ae2c       0xfc zephyr/lib/net_buf/liblib__net_buf.a(buf.c.obj)
                0x000000000000ae2c                net_buf_alloc_len
 .text.net_buf_unref
                0x000000000000af28       0x38 zephyr/lib/net_buf/liblib__net_buf.a(buf.c.obj)
                0x000000000000af28                net_buf_unref
 .text.z_arm_on_enter_cpu_idle
                0x000000000000af60       0x68 zephyr/soc/soc/nrf5340/libsoc__nordic.a(soc.c.obj)
                0x000000000000af60                z_arm_on_enter_cpu_idle
 .text.soc_late_init_hook
                0x000000000000afc8       0x58 zephyr/soc/soc/nrf5340/libsoc__nordic.a(soc.c.obj)
                0x000000000000afc8                soc_late_init_hook
 .text.arch_busy_wait
                0x000000000000b020       0x24 zephyr/soc/soc/nrf5340/libsoc__nordic.a(soc.c.obj)
                0x000000000000b020                arch_busy_wait
 .text.onoff_stop
                0x000000000000b044       0x24 zephyr/soc/soc/nrf5340/libsoc__nordic.a(nrf53_cpunet_mgmt.c.obj)
 .text.onoff_start
                0x000000000000b068       0x70 zephyr/soc/soc/nrf5340/libsoc__nordic.a(nrf53_cpunet_mgmt.c.obj)
 .text.nrf53_cpunet_mgmt_init
                0x000000000000b0d8       0x10 zephyr/soc/soc/nrf5340/libsoc__nordic.a(nrf53_cpunet_mgmt.c.obj)
                0x000000000000b0d8                nrf53_cpunet_mgmt_init
 .text.nrf53_cpunet_enable
                0x000000000000b0e8       0x34 zephyr/soc/soc/nrf5340/libsoc__nordic.a(nrf53_cpunet_mgmt.c.obj)
                0x000000000000b0e8                nrf53_cpunet_enable
 .text.xoshiro128_initialize
                0x000000000000b11c       0x18 zephyr/subsys/random/libsubsys__random.a(random_xoshiro128.c.obj)
 .text.bt_hex   0x000000000000b134       0x44 zephyr/subsys/bluetooth/common/libsubsys__bluetooth__common.a(bt_str.c.obj)
                0x000000000000b134                bt_hex
 .text.bt_addr_le_str
                0x000000000000b178       0x7c zephyr/subsys/bluetooth/common/libsubsys__bluetooth__common.a(bt_str.c.obj)
                0x000000000000b178                bt_addr_le_str
 .text.long_wq_init
                0x000000000000b1f4       0x38 zephyr/subsys/bluetooth/host/libsubsys__bluetooth__host.a(long_wq.c.obj)
 .text.bt_long_wq_schedule
                0x000000000000b22c        0xc zephyr/subsys/bluetooth/host/libsubsys__bluetooth__host.a(long_wq.c.obj)
                0x000000000000b22c                bt_long_wq_schedule
 .text.uuid_to_uuid128
                0x000000000000b238       0x78 zephyr/subsys/bluetooth/host/libsubsys__bluetooth__host.a(uuid.c.obj)
 .text.buf_rx_freed_notify
                0x000000000000b2b0       0x20 zephyr/subsys/bluetooth/host/libsubsys__bluetooth__host.a(buf.c.obj)
 .text.bt_buf_get_rx
                0x000000000000b2d0       0x50 zephyr/subsys/bluetooth/host/libsubsys__bluetooth__host.a(buf.c.obj)
                0x000000000000b2d0                bt_buf_get_rx
 .text.bt_buf_get_evt
                0x000000000000b320       0x3c zephyr/subsys/bluetooth/host/libsubsys__bluetooth__host.a(buf.c.obj)
                0x000000000000b320                bt_buf_get_evt
 .text.hci_data_buf_overflow
                0x000000000000b35c       0x18 zephyr/subsys/bluetooth/host/libsubsys__bluetooth__host.a(hci_core.c.obj)
 .text.hci_disconn_complete_prio
                0x000000000000b374       0x4c zephyr/subsys/bluetooth/host/libsubsys__bluetooth__host.a(hci_core.c.obj)
 .text.hci_disconn_complete
                0x000000000000b3c0       0x44 zephyr/subsys/bluetooth/host/libsubsys__bluetooth__host.a(hci_core.c.obj)
 .text.le_phy_update_complete
                0x000000000000b404       0x34 zephyr/subsys/bluetooth/host/libsubsys__bluetooth__host.a(hci_core.c.obj)
 .text.hci_hardware_error
                0x000000000000b438       0x24 zephyr/subsys/bluetooth/host/libsubsys__bluetooth__host.a(hci_core.c.obj)
 .text.rx_queue_put
                0x000000000000b45c       0x3c zephyr/subsys/bluetooth/host/libsubsys__bluetooth__host.a(hci_core.c.obj)
 .text.find_pending_connect.part.0
                0x000000000000b498       0x2c zephyr/subsys/bluetooth/host/libsubsys__bluetooth__host.a(hci_core.c.obj)
 .text.le_conn_param_neg_reply.part.0
                0x000000000000b4c4       0x14 zephyr/subsys/bluetooth/host/libsubsys__bluetooth__host.a(hci_core.c.obj)
 .text.handle_event.part.0
                0x000000000000b4d8       0x48 zephyr/subsys/bluetooth/host/libsubsys__bluetooth__host.a(hci_core.c.obj)
 .text.le_remote_feat_complete
                0x000000000000b520       0x54 zephyr/subsys/bluetooth/host/libsubsys__bluetooth__host.a(hci_core.c.obj)
 .text.enh_conn_complete_error_handle
                0x000000000000b574       0x80 zephyr/subsys/bluetooth/host/libsubsys__bluetooth__host.a(hci_core.c.obj)
 .text.hci_cmd_done.part.0
                0x000000000000b5f4      0x128 zephyr/subsys/bluetooth/host/libsubsys__bluetooth__host.a(hci_core.c.obj)
 .text.handle_event_common
                0x000000000000b71c       0x50 zephyr/subsys/bluetooth/host/libsubsys__bluetooth__host.a(hci_core.c.obj)
 .text.rx_work_handler
                0x000000000000b76c      0x140 zephyr/subsys/bluetooth/host/libsubsys__bluetooth__host.a(hci_core.c.obj)
 .text.hci_le_meta_event
                0x000000000000b8ac       0x20 zephyr/subsys/bluetooth/host/libsubsys__bluetooth__host.a(hci_core.c.obj)
 .text.hci_vendor_event
                0x000000000000b8cc       0x68 zephyr/subsys/bluetooth/host/libsubsys__bluetooth__host.a(hci_core.c.obj)
 .text.hci_num_completed_packets
                0x000000000000b934       0xf4 zephyr/subsys/bluetooth/host/libsubsys__bluetooth__host.a(hci_core.c.obj)
 .text.le_conn_update_complete
                0x000000000000ba28      0x118 zephyr/subsys/bluetooth/host/libsubsys__bluetooth__host.a(hci_core.c.obj)
 .text.hci_reset_complete
                0x000000000000bb40       0x1c zephyr/subsys/bluetooth/host/libsubsys__bluetooth__host.a(hci_core.c.obj)
 .text.bt_hci_cmd_state_set_init
                0x000000000000bb5c       0x24 zephyr/subsys/bluetooth/host/libsubsys__bluetooth__host.a(hci_core.c.obj)
                0x000000000000bb5c                bt_hci_cmd_state_set_init
 .text.bt_hci_cmd_alloc
                0x000000000000bb80       0x50 zephyr/subsys/bluetooth/host/libsubsys__bluetooth__host.a(hci_core.c.obj)
                0x000000000000bb80                bt_hci_cmd_alloc
 .text.bt_hci_get_ver_str
                0x000000000000bbd0       0x3c zephyr/subsys/bluetooth/host/libsubsys__bluetooth__host.a(hci_core.c.obj)
                0x000000000000bbd0                bt_hci_get_ver_str
 .text.bt_send  0x000000000000bc0c       0x14 zephyr/subsys/bluetooth/host/libsubsys__bluetooth__host.a(hci_core.c.obj)
                0x000000000000bc0c                bt_send
 .text.hci_event_prio
                0x000000000000bc20       0xa4 zephyr/subsys/bluetooth/host/libsubsys__bluetooth__host.a(hci_core.c.obj)
                0x000000000000bc20                hci_event_prio
 .text.bt_hci_recv
                0x000000000000bcc4       0x5c zephyr/subsys/bluetooth/host/libsubsys__bluetooth__host.a(hci_core.c.obj)
                0x000000000000bcc4                bt_hci_recv
 .text.bt_finalize_init
                0x000000000000bd20      0x164 zephyr/subsys/bluetooth/host/libsubsys__bluetooth__host.a(hci_core.c.obj)
                0x000000000000bd20                bt_finalize_init
 .text.bt_get_name
                0x000000000000be84        0x8 zephyr/subsys/bluetooth/host/libsubsys__bluetooth__host.a(hci_core.c.obj)
                0x000000000000be84                bt_get_name
 .text.bt_tx_irq_raise
                0x000000000000be8c        0xc zephyr/subsys/bluetooth/host/libsubsys__bluetooth__host.a(hci_core.c.obj)
                0x000000000000be8c                bt_tx_irq_raise
 .text.bt_hci_cmd_send
                0x000000000000be98       0x9c zephyr/subsys/bluetooth/host/libsubsys__bluetooth__host.a(hci_core.c.obj)
                0x000000000000be98                bt_hci_cmd_send
 .text.bt_hci_host_num_completed_packets
                0x000000000000bf34       0xdc zephyr/subsys/bluetooth/host/libsubsys__bluetooth__host.a(hci_core.c.obj)
                0x000000000000bf34                bt_hci_host_num_completed_packets
 .text.le_conn_param_req
                0x000000000000c010       0xc4 zephyr/subsys/bluetooth/host/libsubsys__bluetooth__host.a(hci_core.c.obj)
 .text.process_pending_cmd
                0x000000000000c0d4       0xd8 zephyr/subsys/bluetooth/host/libsubsys__bluetooth__host.a(hci_core.c.obj)
 .text.bt_hci_cmd_send_sync
                0x000000000000c1ac      0x1bc zephyr/subsys/bluetooth/host/libsubsys__bluetooth__host.a(hci_core.c.obj)
                0x000000000000c1ac                bt_hci_cmd_send_sync
 .text.bt_init  0x000000000000c368      0x4f0 zephyr/subsys/bluetooth/host/libsubsys__bluetooth__host.a(hci_core.c.obj)
 .text.init_work
                0x000000000000c858       0x18 zephyr/subsys/bluetooth/host/libsubsys__bluetooth__host.a(hci_core.c.obj)
 .text.bt_enable
                0x000000000000c870       0xd0 zephyr/subsys/bluetooth/host/libsubsys__bluetooth__host.a(hci_core.c.obj)
                0x000000000000c870                bt_enable
 .text.bt_hci_le_rand
                0x000000000000c940       0x58 zephyr/subsys/bluetooth/host/libsubsys__bluetooth__host.a(hci_core.c.obj)
                0x000000000000c940                bt_hci_le_rand
 .text.bt_hci_le_enh_conn_complete
                0x000000000000c998      0x1ac zephyr/subsys/bluetooth/host/libsubsys__bluetooth__host.a(hci_core.c.obj)
                0x000000000000c998                bt_hci_le_enh_conn_complete
 .text.le_legacy_conn_complete
                0x000000000000cb44       0x7c zephyr/subsys/bluetooth/host/libsubsys__bluetooth__host.a(hci_core.c.obj)
 .text.hci_cmd_status
                0x000000000000cbc0       0x34 zephyr/subsys/bluetooth/host/libsubsys__bluetooth__host.a(hci_core.c.obj)
 .text.hci_cmd_complete
                0x000000000000cbf4       0x78 zephyr/subsys/bluetooth/host/libsubsys__bluetooth__host.a(hci_core.c.obj)
 .text.id_find  0x000000000000cc6c       0x30 zephyr/subsys/bluetooth/host/libsubsys__bluetooth__host.a(id.c.obj)
 .text.set_random_address
                0x000000000000cc9c       0x78 zephyr/subsys/bluetooth/host/libsubsys__bluetooth__host.a(id.c.obj)
 .text.id_create.constprop.0
                0x000000000000cd14       0x74 zephyr/subsys/bluetooth/host/libsubsys__bluetooth__host.a(id.c.obj)
 .text.bt_id_create
                0x000000000000cd88       0x98 zephyr/subsys/bluetooth/host/libsubsys__bluetooth__host.a(id.c.obj)
                0x000000000000cd88                bt_id_create
 .text.bt_id_read_public_addr
                0x000000000000ce20       0x88 zephyr/subsys/bluetooth/host/libsubsys__bluetooth__host.a(id.c.obj)
                0x000000000000ce20                bt_id_read_public_addr
 .text.bt_setup_public_id_addr
                0x000000000000cea8       0x20 zephyr/subsys/bluetooth/host/libsubsys__bluetooth__host.a(id.c.obj)
                0x000000000000cea8                bt_setup_public_id_addr
 .text.bt_setup_random_id_addr
                0x000000000000cec8       0xd8 zephyr/subsys/bluetooth/host/libsubsys__bluetooth__host.a(id.c.obj)
                0x000000000000cec8                bt_setup_random_id_addr
 .text.bt_id_set_adv_own_addr
                0x000000000000cfa0       0xe0 zephyr/subsys/bluetooth/host/libsubsys__bluetooth__host.a(id.c.obj)
                0x000000000000cfa0                bt_id_set_adv_own_addr
 .text.bt_id_init
                0x000000000000d080       0x54 zephyr/subsys/bluetooth/host/libsubsys__bluetooth__host.a(id.c.obj)
                0x000000000000d080                bt_id_init
 .text.hci_set_ad
                0x000000000000d0d4       0xd8 zephyr/subsys/bluetooth/host/libsubsys__bluetooth__host.a(adv.c.obj)
 .text.adv_is_directed
                0x000000000000d1ac       0x18 zephyr/subsys/bluetooth/host/libsubsys__bluetooth__host.a(adv.c.obj)
 .text.le_adv_start_add_conn
                0x000000000000d1c4       0x60 zephyr/subsys/bluetooth/host/libsubsys__bluetooth__host.a(adv.c.obj)
 .text.valid_adv_param
                0x000000000000d224       0x84 zephyr/subsys/bluetooth/host/libsubsys__bluetooth__host.a(adv.c.obj)
 .text.bt_le_adv_lookup_legacy
                0x000000000000d2a8        0x8 zephyr/subsys/bluetooth/host/libsubsys__bluetooth__host.a(adv.c.obj)
                0x000000000000d2a8                bt_le_adv_lookup_legacy
 .text.bt_le_adv_start_legacy
                0x000000000000d2b0      0x27c zephyr/subsys/bluetooth/host/libsubsys__bluetooth__host.a(adv.c.obj)
                0x000000000000d2b0                bt_le_adv_start_legacy
 .text.bt_le_adv_start
                0x000000000000d52c       0x64 zephyr/subsys/bluetooth/host/libsubsys__bluetooth__host.a(adv.c.obj)
                0x000000000000d52c                bt_le_adv_start
 .text.bt_le_adv_stop
                0x000000000000d590       0x78 zephyr/subsys/bluetooth/host/libsubsys__bluetooth__host.a(adv.c.obj)
                0x000000000000d590                bt_le_adv_stop
 .text.adv_timeout
                0x000000000000d608       0x24 zephyr/subsys/bluetooth/host/libsubsys__bluetooth__host.a(adv.c.obj)
 .text.bt_le_adv_resume
                0x000000000000d62c       0xe0 zephyr/subsys/bluetooth/host/libsubsys__bluetooth__host.a(adv.c.obj)
                0x000000000000d62c                bt_le_adv_resume
 .text.bt_crypto_init
                0x000000000000d70c       0x24 zephyr/subsys/bluetooth/host/libsubsys__bluetooth__host.a(crypto_psa.c.obj)
                0x000000000000d70c                bt_crypto_init
 .text.bt_rand  0x000000000000d730       0x24 zephyr/subsys/bluetooth/host/libsubsys__bluetooth__host.a(crypto_psa.c.obj)
                0x000000000000d730                bt_rand
 .text.notify_connected
                0x000000000000d754       0x40 zephyr/subsys/bluetooth/host/libsubsys__bluetooth__host.a(conn.c.obj)
 .text.frag_destroy
                0x000000000000d794       0x20 zephyr/subsys/bluetooth/host/libsubsys__bluetooth__host.a(conn.c.obj)
                0x000000000000d794                frag_destroy
 .text.conn_tx_destroy
                0x000000000000d7b4       0x2c zephyr/subsys/bluetooth/host/libsubsys__bluetooth__host.a(conn.c.obj)
 .text.recycled_work_handler
                0x000000000000d7e0       0x54 zephyr/subsys/bluetooth/host/libsubsys__bluetooth__host.a(conn.c.obj)
 .text.tx_notify_process
                0x000000000000d834       0x60 zephyr/subsys/bluetooth/host/libsubsys__bluetooth__host.a(conn.c.obj)
 .text.perform_auto_initiated_procedures.part.0
                0x000000000000d894       0x88 zephyr/subsys/bluetooth/host/libsubsys__bluetooth__host.a(conn.c.obj)
 .text.bt_conn_get_pkts
                0x000000000000d91c       0x18 zephyr/subsys/bluetooth/host/libsubsys__bluetooth__host.a(conn.c.obj)
                0x000000000000d91c                bt_conn_get_pkts
 .text.bt_conn_tx_notify
                0x000000000000d934       0x48 zephyr/subsys/bluetooth/host/libsubsys__bluetooth__host.a(conn.c.obj)
                0x000000000000d934                bt_conn_tx_notify
 .text.bt_conn_new
                0x000000000000d97c       0x5c zephyr/subsys/bluetooth/host/libsubsys__bluetooth__host.a(conn.c.obj)
                0x000000000000d97c                bt_conn_new
 .text.bt_conn_recv
                0x000000000000d9d8       0xfc zephyr/subsys/bluetooth/host/libsubsys__bluetooth__host.a(conn.c.obj)
                0x000000000000d9d8                bt_conn_recv
 .text.bt_conn_data_ready
                0x000000000000dad4       0x4c zephyr/subsys/bluetooth/host/libsubsys__bluetooth__host.a(conn.c.obj)
                0x000000000000dad4                bt_conn_data_ready
 .text.get_conn_ready
                0x000000000000db20       0xfc zephyr/subsys/bluetooth/host/libsubsys__bluetooth__host.a(conn.c.obj)
                0x000000000000db20                get_conn_ready
 .text.bt_conn_unref
                0x000000000000dc1c       0x4c zephyr/subsys/bluetooth/host/libsubsys__bluetooth__host.a(conn.c.obj)
                0x000000000000dc1c                bt_conn_unref
 .text.bt_conn_set_state
                0x000000000000dc68      0x1c4 zephyr/subsys/bluetooth/host/libsubsys__bluetooth__host.a(conn.c.obj)
                0x000000000000dc68                bt_conn_set_state
 .text.bt_conn_lookup_handle
                0x000000000000de2c       0x40 zephyr/subsys/bluetooth/host/libsubsys__bluetooth__host.a(conn.c.obj)
                0x000000000000de2c                bt_conn_lookup_handle
 .text.bt_conn_foreach
                0x000000000000de6c       0x30 zephyr/subsys/bluetooth/host/libsubsys__bluetooth__host.a(conn.c.obj)
                0x000000000000de6c                bt_conn_foreach
 .text.auto_initiated_procedures
                0x000000000000de9c       0x10 zephyr/subsys/bluetooth/host/libsubsys__bluetooth__host.a(conn.c.obj)
 .text.bt_conn_index
                0x000000000000deac       0x18 zephyr/subsys/bluetooth/host/libsubsys__bluetooth__host.a(conn.c.obj)
                0x000000000000deac                bt_conn_index
 .text.bt_conn_create_pdu_timeout
                0x000000000000dec4       0x70 zephyr/subsys/bluetooth/host/libsubsys__bluetooth__host.a(conn.c.obj)
                0x000000000000dec4                bt_conn_create_pdu_timeout
 .text.bt_conn_connected
                0x000000000000df34       0x20 zephyr/subsys/bluetooth/host/libsubsys__bluetooth__host.a(conn.c.obj)
                0x000000000000df34                bt_conn_connected
 .text.bt_conn_tx_processor
                0x000000000000df54      0x260 zephyr/subsys/bluetooth/host/libsubsys__bluetooth__host.a(conn.c.obj)
                0x000000000000df54                bt_conn_tx_processor
 .text.notify_le_param_updated
                0x000000000000e1b4       0x8c zephyr/subsys/bluetooth/host/libsubsys__bluetooth__host.a(conn.c.obj)
                0x000000000000e1b4                notify_le_param_updated
 .text.le_param_req
                0x000000000000e240       0x78 zephyr/subsys/bluetooth/host/libsubsys__bluetooth__host.a(conn.c.obj)
                0x000000000000e240                le_param_req
 .text.bt_conn_cb_register
                0x000000000000e2b8       0x30 zephyr/subsys/bluetooth/host/libsubsys__bluetooth__host.a(conn.c.obj)
                0x000000000000e2b8                bt_conn_cb_register
 .text.bt_conn_add_le
                0x000000000000e2e8       0x54 zephyr/subsys/bluetooth/host/libsubsys__bluetooth__host.a(conn.c.obj)
                0x000000000000e2e8                bt_conn_add_le
 .text.bt_conn_lookup_addr_le
                0x000000000000e33c       0x34 zephyr/subsys/bluetooth/host/libsubsys__bluetooth__host.a(conn.c.obj)
                0x000000000000e33c                bt_conn_lookup_addr_le
 .text.bt_conn_exists_le
                0x000000000000e370       0x70 zephyr/subsys/bluetooth/host/libsubsys__bluetooth__host.a(conn.c.obj)
                0x000000000000e370                bt_conn_exists_le
 .text.bt_conn_lookup_state_le
                0x000000000000e3e0       0x44 zephyr/subsys/bluetooth/host/libsubsys__bluetooth__host.a(conn.c.obj)
                0x000000000000e3e0                bt_conn_lookup_state_le
 .text.send_conn_le_param_update
                0x000000000000e424       0x68 zephyr/subsys/bluetooth/host/libsubsys__bluetooth__host.a(conn.c.obj)
 .text.deferred_work
                0x000000000000e48c      0x100 zephyr/subsys/bluetooth/host/libsubsys__bluetooth__host.a(conn.c.obj)
 .text.bt_conn_lookup_index
                0x000000000000e58c       0x10 zephyr/subsys/bluetooth/host/libsubsys__bluetooth__host.a(conn.c.obj)
                0x000000000000e58c                bt_conn_lookup_index
 .text.bt_conn_init
                0x000000000000e59c       0x44 zephyr/subsys/bluetooth/host/libsubsys__bluetooth__host.a(conn.c.obj)
                0x000000000000e59c                bt_conn_init
 .text.l2cap_create_le_sig_pdu.part.0
                0x000000000000e5e0       0x1c zephyr/subsys/bluetooth/host/libsubsys__bluetooth__host.a(l2cap.c.obj)
 .text.l2cap_accept.part.0
                0x000000000000e5fc       0x30 zephyr/subsys/bluetooth/host/libsubsys__bluetooth__host.a(l2cap.c.obj)
 .text.l2cap_accept
                0x000000000000e62c       0x1c zephyr/subsys/bluetooth/host/libsubsys__bluetooth__host.a(l2cap.c.obj)
 .text.bt_l2cap_connected
                0x000000000000e648       0x98 zephyr/subsys/bluetooth/host/libsubsys__bluetooth__host.a(l2cap.c.obj)
                0x000000000000e648                bt_l2cap_connected
 .text.bt_l2cap_create_pdu_timeout
                0x000000000000e6e0       0x34 zephyr/subsys/bluetooth/host/libsubsys__bluetooth__host.a(l2cap.c.obj)
                0x000000000000e6e0                bt_l2cap_create_pdu_timeout
 .text.bt_l2cap_send_pdu
                0x000000000000e714       0x5c zephyr/subsys/bluetooth/host/libsubsys__bluetooth__host.a(l2cap.c.obj)
                0x000000000000e714                bt_l2cap_send_pdu
 .text.l2cap_data_pull
                0x000000000000e770      0x108 zephyr/subsys/bluetooth/host/libsubsys__bluetooth__host.a(l2cap.c.obj)
                0x000000000000e770                l2cap_data_pull
 .text.l2cap_recv.part.0
                0x000000000000e878       0xa4 zephyr/subsys/bluetooth/host/libsubsys__bluetooth__host.a(l2cap.c.obj)
 .text.l2cap_recv
                0x000000000000e91c       0x24 zephyr/subsys/bluetooth/host/libsubsys__bluetooth__host.a(l2cap.c.obj)
 .text.bt_l2cap_recv
                0x000000000000e940       0x58 zephyr/subsys/bluetooth/host/libsubsys__bluetooth__host.a(l2cap.c.obj)
                0x000000000000e940                bt_l2cap_recv
 .text.bt_l2cap_update_conn_param
                0x000000000000e998       0x50 zephyr/subsys/bluetooth/host/libsubsys__bluetooth__host.a(l2cap.c.obj)
                0x000000000000e998                bt_l2cap_update_conn_param
 .text.att_op_get_type
                0x000000000000e9e8       0x74 zephyr/subsys/bluetooth/host/libsubsys__bluetooth__host.a(att.c.obj)
 .text.bt_att_released
                0x000000000000ea5c        0xc zephyr/subsys/bluetooth/host/libsubsys__bluetooth__host.a(att.c.obj)
 .text.bt_att_connected
                0x000000000000ea68       0x38 zephyr/subsys/bluetooth/host/libsubsys__bluetooth__host.a(att.c.obj)
 .text.bt_addr_le_to_str.constprop.0.isra.0
                0x000000000000eaa0       0x78 zephyr/subsys/bluetooth/host/libsubsys__bluetooth__host.a(att.c.obj)
 .text.read_group_cb
                0x000000000000eb18       0xb8 zephyr/subsys/bluetooth/host/libsubsys__bluetooth__host.a(att.c.obj)
 .text.bt_att_accept
                0x000000000000ebd0      0x120 zephyr/subsys/bluetooth/host/libsubsys__bluetooth__host.a(att.c.obj)
 .text.read_type_cb
                0x000000000000ecf0       0xac zephyr/subsys/bluetooth/host/libsubsys__bluetooth__host.a(att.c.obj)
 .text.bt_att_chan_create_pdu
                0x000000000000ed9c       0xbc zephyr/subsys/bluetooth/host/libsubsys__bluetooth__host.a(att.c.obj)
 .text.find_type_cb
                0x000000000000ee58      0x164 zephyr/subsys/bluetooth/host/libsubsys__bluetooth__host.a(att.c.obj)
 .text.chan_send
                0x000000000000efbc       0xe0 zephyr/subsys/bluetooth/host/libsubsys__bluetooth__host.a(att.c.obj)
 .text.att_tx_destroy
                0x000000000000f09c      0x10c zephyr/subsys/bluetooth/host/libsubsys__bluetooth__host.a(att.c.obj)
 .text.bt_att_recv
                0x000000000000f1a8       0xc8 zephyr/subsys/bluetooth/host/libsubsys__bluetooth__host.a(att.c.obj)
 .text.att_write_rsp.constprop.0
                0x000000000000f270       0xc0 zephyr/subsys/bluetooth/host/libsubsys__bluetooth__host.a(att.c.obj)
 .text.att_get  0x000000000000f330       0x4c zephyr/subsys/bluetooth/host/libsubsys__bluetooth__host.a(att.c.obj)
 .text.bt_att_create_pdu
                0x000000000000f37c       0x64 zephyr/subsys/bluetooth/host/libsubsys__bluetooth__host.a(att.c.obj)
                0x000000000000f37c                bt_att_create_pdu
 .text.bt_att_create_rsp_pdu
                0x000000000000f3e0       0x60 zephyr/subsys/bluetooth/host/libsubsys__bluetooth__host.a(att.c.obj)
                0x000000000000f3e0                bt_att_create_rsp_pdu
 .text.att_read_group_req
                0x000000000000f440       0xf0 zephyr/subsys/bluetooth/host/libsubsys__bluetooth__host.a(att.c.obj)
 .text.att_read_mult_vl_req
                0x000000000000f530       0x9c zephyr/subsys/bluetooth/host/libsubsys__bluetooth__host.a(att.c.obj)
 .text.att_read_mult_req
                0x000000000000f5cc       0x9c zephyr/subsys/bluetooth/host/libsubsys__bluetooth__host.a(att.c.obj)
 .text.att_read_rsp
                0x000000000000f668       0x90 zephyr/subsys/bluetooth/host/libsubsys__bluetooth__host.a(att.c.obj)
 .text.att_read_type_req
                0x000000000000f6f8      0x114 zephyr/subsys/bluetooth/host/libsubsys__bluetooth__host.a(att.c.obj)
 .text.att_find_type_req
                0x000000000000f80c       0xc0 zephyr/subsys/bluetooth/host/libsubsys__bluetooth__host.a(att.c.obj)
 .text.att_find_info_req
                0x000000000000f8cc       0x6c zephyr/subsys/bluetooth/host/libsubsys__bluetooth__host.a(att.c.obj)
 .text.bt_att_req_alloc
                0x000000000000f938       0x5c zephyr/subsys/bluetooth/host/libsubsys__bluetooth__host.a(att.c.obj)
                0x000000000000f938                bt_att_req_alloc
 .text.bt_att_req_free
                0x000000000000f994       0x20 zephyr/subsys/bluetooth/host/libsubsys__bluetooth__host.a(att.c.obj)
                0x000000000000f994                bt_att_req_free
 .text.att_handle_rsp
                0x000000000000f9b4       0x84 zephyr/subsys/bluetooth/host/libsubsys__bluetooth__host.a(att.c.obj)
 .text.bt_att_disconnected
                0x000000000000fa38       0xc0 zephyr/subsys/bluetooth/host/libsubsys__bluetooth__host.a(att.c.obj)
 .text.att_disconnect
                0x000000000000faf8       0x40 zephyr/subsys/bluetooth/host/libsubsys__bluetooth__host.a(att.c.obj)
 .text.att_timeout
                0x000000000000fb38       0x58 zephyr/subsys/bluetooth/host/libsubsys__bluetooth__host.a(att.c.obj)
 .text.bt_att_set_tx_meta_data
                0x000000000000fb90       0x24 zephyr/subsys/bluetooth/host/libsubsys__bluetooth__host.a(att.c.obj)
                0x000000000000fb90                bt_att_set_tx_meta_data
 .text.db_hash_update
                0x000000000000fbb4       0x24 zephyr/subsys/bluetooth/host/libsubsys__bluetooth__host.a(gatt.c.obj)
 .text.find_cf_cfg
                0x000000000000fbd8       0x30 zephyr/subsys/bluetooth/host/libsubsys__bluetooth__host.a(gatt.c.obj)
 .text.find_sc_cfg
                0x000000000000fc08       0x24 zephyr/subsys/bluetooth/host/libsubsys__bluetooth__host.a(gatt.c.obj)
 .text.find_ccc_cfg
                0x000000000000fc2c       0x28 zephyr/subsys/bluetooth/host/libsubsys__bluetooth__host.a(gatt.c.obj)
 .text.bt_gatt_attr_write_ccc
                0x000000000000fc54       0xbc zephyr/subsys/bluetooth/host/libsubsys__bluetooth__host.a(gatt.c.obj)
                0x000000000000fc54                bt_gatt_attr_write_ccc
 .text.clear_cf_cfg
                0x000000000000fd10       0x28 zephyr/subsys/bluetooth/host/libsubsys__bluetooth__host.a(gatt.c.obj)
 .text.sc_save  0x000000000000fd38       0x60 zephyr/subsys/bluetooth/host/libsubsys__bluetooth__host.a(gatt.c.obj)
 .text.bt_gatt_attr_read.part.0
                0x000000000000fd98       0x1c zephyr/subsys/bluetooth/host/libsubsys__bluetooth__host.a(gatt.c.obj)
 .text.read_ppcp
                0x000000000000fdb4       0x28 zephyr/subsys/bluetooth/host/libsubsys__bluetooth__host.a(gatt.c.obj)
 .text.disconnected_cb
                0x000000000000fddc       0xa0 zephyr/subsys/bluetooth/host/libsubsys__bluetooth__host.a(gatt.c.obj)
 .text.cf_write
                0x000000000000fe7c       0x98 zephyr/subsys/bluetooth/host/libsubsys__bluetooth__host.a(gatt.c.obj)
 .text.sc_indicate_rsp
                0x000000000000ff14       0x4c zephyr/subsys/bluetooth/host/libsubsys__bluetooth__host.a(gatt.c.obj)
 .text.bt_gatt_init
                0x000000000000ff60       0x78 zephyr/subsys/bluetooth/host/libsubsys__bluetooth__host.a(gatt.c.obj)
                0x000000000000ff60                bt_gatt_init
 .text.bt_gatt_attr_get_handle
                0x000000000000ffd8       0x60 zephyr/subsys/bluetooth/host/libsubsys__bluetooth__host.a(gatt.c.obj)
                0x000000000000ffd8                bt_gatt_attr_get_handle
 .text.bt_gatt_foreach_attr_type
                0x0000000000010038       0xb4 zephyr/subsys/bluetooth/host/libsubsys__bluetooth__host.a(gatt.c.obj)
                0x0000000000010038                bt_gatt_foreach_attr_type
 .text.db_hash_gen
                0x00000000000100ec       0xcc zephyr/subsys/bluetooth/host/libsubsys__bluetooth__host.a(gatt.c.obj)
 .text.db_hash_read
                0x00000000000101b8       0x64 zephyr/subsys/bluetooth/host/libsubsys__bluetooth__host.a(gatt.c.obj)
 .text.db_hash_process
                0x000000000001021c       0x14 zephyr/subsys/bluetooth/host/libsubsys__bluetooth__host.a(gatt.c.obj)
 .text.bt_gatt_attr_next
                0x0000000000010230       0x24 zephyr/subsys/bluetooth/host/libsubsys__bluetooth__host.a(gatt.c.obj)
                0x0000000000010230                bt_gatt_attr_next
 .text.bt_gatt_is_subscribed
                0x0000000000010254      0x17c zephyr/subsys/bluetooth/host/libsubsys__bluetooth__host.a(gatt.c.obj)
                0x0000000000010254                bt_gatt_is_subscribed
 .text.gatt_indicate
                0x00000000000103d0       0xcc zephyr/subsys/bluetooth/host/libsubsys__bluetooth__host.a(gatt.c.obj)
 .text.bt_gatt_indicate
                0x000000000001049c       0xf0 zephyr/subsys/bluetooth/host/libsubsys__bluetooth__host.a(gatt.c.obj)
                0x000000000001049c                bt_gatt_indicate
 .text.sc_process
                0x000000000001058c       0x60 zephyr/subsys/bluetooth/host/libsubsys__bluetooth__host.a(gatt.c.obj)
 .text.update_ccc
                0x00000000000105ec       0xf4 zephyr/subsys/bluetooth/host/libsubsys__bluetooth__host.a(gatt.c.obj)
 .text.gatt_notify
                0x00000000000106e0       0x98 zephyr/subsys/bluetooth/host/libsubsys__bluetooth__host.a(gatt.c.obj)
 .text.bt_gatt_notify_cb
                0x0000000000010778       0xe8 zephyr/subsys/bluetooth/host/libsubsys__bluetooth__host.a(gatt.c.obj)
                0x0000000000010778                bt_gatt_notify_cb
 .text.notify_cb
                0x0000000000010860      0x110 zephyr/subsys/bluetooth/host/libsubsys__bluetooth__host.a(gatt.c.obj)
 .text.bt_gatt_connected
                0x0000000000010970       0x20 zephyr/subsys/bluetooth/host/libsubsys__bluetooth__host.a(gatt.c.obj)
                0x0000000000010970                bt_gatt_connected
 .text.bt_gatt_att_max_mtu_changed
                0x0000000000010990       0x28 zephyr/subsys/bluetooth/host/libsubsys__bluetooth__host.a(gatt.c.obj)
                0x0000000000010990                bt_gatt_att_max_mtu_changed
 .text.bt_gatt_disconnected
                0x00000000000109b8       0x48 zephyr/subsys/bluetooth/host/libsubsys__bluetooth__host.a(gatt.c.obj)
                0x00000000000109b8                bt_gatt_disconnected
 .text.bt_smp_accept.part.0
                0x0000000000010a00       0x30 zephyr/subsys/bluetooth/host/libsubsys__bluetooth__host.a(smp_null.c.obj)
 .text.bt_smp_accept
                0x0000000000010a30       0x1c zephyr/subsys/bluetooth/host/libsubsys__bluetooth__host.a(smp_null.c.obj)
 .text.bt_ipc_send
                0x0000000000010a4c       0x4c zephyr/drivers/bluetooth/libdrivers__bluetooth.a(ipc.c.obj)
 .text.hci_ept_recv
                0x0000000000010a98      0x210 zephyr/drivers/bluetooth/libdrivers__bluetooth.a(ipc.c.obj)
 .text.bt_ipc_open
                0x0000000000010ca8       0x7c zephyr/drivers/bluetooth/libdrivers__bluetooth.a(ipc.c.obj)
 .text.bt_ipc_close
                0x0000000000010d24       0x50 zephyr/drivers/bluetooth/libdrivers__bluetooth.a(ipc.c.obj)
 .text.onoff_stop
                0x0000000000010d74       0x30 zephyr/drivers/clock_control/libdrivers__clock_control.a(clock_control_nrf.c.obj)
 .text.onoff_start
                0x0000000000010da4       0x44 zephyr/drivers/clock_control/libdrivers__clock_control.a(clock_control_nrf.c.obj)
 .text.generic_hfclk_stop
                0x0000000000010de8       0x34 zephyr/drivers/clock_control/libdrivers__clock_control.a(clock_control_nrf.c.obj)
 .text.clk_init
                0x0000000000010e1c       0x64 zephyr/drivers/clock_control/libdrivers__clock_control.a(clock_control_nrf.c.obj)
 .text.api_blocking_start
                0x0000000000010e80       0x3c zephyr/drivers/clock_control/libdrivers__clock_control.a(clock_control_nrf.c.obj)
 .text.clkstarted_handle.constprop.0
                0x0000000000010ebc       0x4c zephyr/drivers/clock_control/libdrivers__clock_control.a(clock_control_nrf.c.obj)
 .text.generic_hfclk_start
                0x0000000000010f08       0x7c zephyr/drivers/clock_control/libdrivers__clock_control.a(clock_control_nrf.c.obj)
 .text.clock_event_handler
                0x0000000000010f84       0x34 zephyr/drivers/clock_control/libdrivers__clock_control.a(clock_control_nrf.c.obj)
 .text.z_nrf_clock_control_lf_on
                0x0000000000010fb8       0xf4 zephyr/drivers/clock_control/libdrivers__clock_control.a(clock_control_nrf.c.obj)
                0x0000000000010fb8                z_nrf_clock_control_lf_on
 .text.uart_console_init
                0x00000000000110ac       0x28 zephyr/drivers/console/libdrivers__console.a(uart_console.c.obj)
 .text.console_out
                0x00000000000110d4       0x28 zephyr/drivers/console/libdrivers__console.a(uart_console.c.obj)
 .text.gpio_nrfx_pin_interrupt_configure
                0x00000000000110fc      0x120 zephyr/drivers/gpio/libdrivers__gpio.a(gpio_nrfx.c.obj)
 .text.nrfx_gpio_handler
                0x000000000001121c       0x4c zephyr/drivers/gpio/libdrivers__gpio.a(gpio_nrfx.c.obj)
 .text.gpio_nrfx_init
                0x0000000000011268       0x48 zephyr/drivers/gpio/libdrivers__gpio.a(gpio_nrfx.c.obj)
 .text.gpio_nrfx_pin_configure
                0x00000000000112b0      0x18c zephyr/drivers/gpio/libdrivers__gpio.a(gpio_nrfx.c.obj)
 .text.mbox_nrf_init
                0x000000000001143c       0x9c zephyr/drivers/mbox/libdrivers__mbox.a(mbox_nrfx_ipc.c.obj)
 .text.mbox_nrf_set_enabled
                0x00000000000114d8       0x94 zephyr/drivers/mbox/libdrivers__mbox.a(mbox_nrfx_ipc.c.obj)
 .text.mbox_nrf_send
                0x000000000001156c       0x44 zephyr/drivers/mbox/libdrivers__mbox.a(mbox_nrfx_ipc.c.obj)
 .text.mbox_dispatcher
                0x00000000000115b0       0x60 zephyr/drivers/mbox/libdrivers__mbox.a(mbox_nrfx_ipc.c.obj)
 .text.nrf_gpio_pin_port_decode
                0x0000000000011610       0x24 zephyr/drivers/pinctrl/libdrivers__pinctrl.a(pinctrl_nrf.c.obj)
 .text.pinctrl_configure_pins
                0x0000000000011634      0x1a0 zephyr/drivers/pinctrl/libdrivers__pinctrl.a(pinctrl_nrf.c.obj)
                0x0000000000011634                pinctrl_configure_pins
 .text.uarte_nrfx_poll_out
                0x00000000000117d4       0xb4 zephyr/drivers/serial/libdrivers__serial.a(uart_nrfx_uarte.c.obj)
 .text.uarte_0_init
                0x0000000000011888      0x11c zephyr/drivers/serial/libdrivers__serial.a(uart_nrfx_uarte.c.obj)
 .text.compare_int_lock
                0x00000000000119a4       0x40 zephyr/drivers/timer/libdrivers__timer.a(nrf_rtc_timer.c.obj)
 .text.sys_clock_timeout_handler
                0x00000000000119e4       0x48 zephyr/drivers/timer/libdrivers__timer.a(nrf_rtc_timer.c.obj)
 .text.compare_int_unlock
                0x0000000000011a2c       0x4c zephyr/drivers/timer/libdrivers__timer.a(nrf_rtc_timer.c.obj)
 .text.z_nrf_rtc_timer_read
                0x0000000000011a78       0x44 zephyr/drivers/timer/libdrivers__timer.a(nrf_rtc_timer.c.obj)
                0x0000000000011a78                z_nrf_rtc_timer_read
 .text.compare_set
                0x0000000000011abc      0x124 zephyr/drivers/timer/libdrivers__timer.a(nrf_rtc_timer.c.obj)
 .text.sys_clock_driver_init
                0x0000000000011be0       0x90 zephyr/drivers/timer/libdrivers__timer.a(nrf_rtc_timer.c.obj)
 .text.rtc_nrf_isr
                0x0000000000011c70       0xd0 zephyr/drivers/timer/libdrivers__timer.a(nrf_rtc_timer.c.obj)
                0x0000000000011c70                rtc_nrf_isr
 .text.sys_clock_set_timeout
                0x0000000000011d40       0x5c zephyr/drivers/timer/libdrivers__timer.a(nrf_rtc_timer.c.obj)
                0x0000000000011d40                sys_clock_set_timeout
 .text.sys_clock_elapsed
                0x0000000000011d9c       0x14 zephyr/drivers/timer/libdrivers__timer.a(nrf_rtc_timer.c.obj)
                0x0000000000011d9c                sys_clock_elapsed
 .text.dk_set_led.part.0
                0x0000000000011db0       0x18 modules/nrf/lib/dk_buttons_and_leds/lib..__nrf__lib__dk_buttons_and_leds.a(dk_buttons_and_leds.c.obj)
 .text.get_buttons.part.0
                0x0000000000011dc8       0x18 modules/nrf/lib/dk_buttons_and_leds/lib..__nrf__lib__dk_buttons_and_leds.a(dk_buttons_and_leds.c.obj)
 .text.get_buttons
                0x0000000000011de0       0x5c modules/nrf/lib/dk_buttons_and_leds/lib..__nrf__lib__dk_buttons_and_leds.a(dk_buttons_and_leds.c.obj)
 .text.dk_set_leds_state.part.0
                0x0000000000011e3c       0x58 modules/nrf/lib/dk_buttons_and_leds/lib..__nrf__lib__dk_buttons_and_leds.a(dk_buttons_and_leds.c.obj)
 .text.callback_ctrl
                0x0000000000011e94       0xa4 modules/nrf/lib/dk_buttons_and_leds/lib..__nrf__lib__dk_buttons_and_leds.a(dk_buttons_and_leds.c.obj)
 .text.button_pressed
                0x0000000000011f38       0x6c modules/nrf/lib/dk_buttons_and_leds/lib..__nrf__lib__dk_buttons_and_leds.a(dk_buttons_and_leds.c.obj)
 .text.buttons_scan_fn
                0x0000000000011fa4      0x104 modules/nrf/lib/dk_buttons_and_leds/lib..__nrf__lib__dk_buttons_and_leds.a(dk_buttons_and_leds.c.obj)
 .text.dk_leds_init
                0x00000000000120a8       0x40 modules/nrf/lib/dk_buttons_and_leds/lib..__nrf__lib__dk_buttons_and_leds.a(dk_buttons_and_leds.c.obj)
                0x00000000000120a8                dk_leds_init
 .text.dk_read_buttons
                0x00000000000120e8       0x20 modules/nrf/lib/dk_buttons_and_leds/lib..__nrf__lib__dk_buttons_and_leds.a(dk_buttons_and_leds.c.obj)
                0x00000000000120e8                dk_read_buttons
 .text.dk_buttons_init
                0x0000000000012108      0x11c modules/nrf/lib/dk_buttons_and_leds/lib..__nrf__lib__dk_buttons_and_leds.a(dk_buttons_and_leds.c.obj)
                0x0000000000012108                dk_buttons_init
 .text.dk_set_led
                0x0000000000012224       0x3c modules/nrf/lib/dk_buttons_and_leds/lib..__nrf__lib__dk_buttons_and_leds.a(dk_buttons_and_leds.c.obj)
                0x0000000000012224                dk_set_led
 .text.mbedtls_platform_set_calloc_free
                0x0000000000012260       0x14 modules/nrf/subsys/nrf_security/src/zephyr/libmbedtls_zephyr.a(platform.c.obj)
                0x0000000000012260                mbedtls_platform_set_calloc_free
 .text._heap_init
                0x0000000000012274       0x10 modules/nrf/subsys/nrf_security/src/zephyr/libmbedtls_zephyr.a(mbedtls_heap.c.obj)
                0x0000000000012274                _heap_init
 .text.ns_fault_init
                0x0000000000012284       0x30 modules/nrf/modules/trusted-firmware-m/lib..__nrf__modules__trusted-firmware-m.a(fault.c.obj)
 .text.arm_fault
                0x00000000000122b4      0x24c modules/nrf/modules/trusted-firmware-m/lib..__nrf__modules__trusted-firmware-m.a(fault.c.obj)
                0x00000000000122b4                arm_fault
 .text.tfm_ns_fault_handler_callback
                0x0000000000012500       0x48 modules/nrf/modules/trusted-firmware-m/lib..__nrf__modules__trusted-firmware-m.a(fault.c.obj)
                0x0000000000012500                tfm_ns_fault_handler_callback
 .text.tfm_ns_interface_dispatch
                0x0000000000012548       0x64 modules/trusted-firmware-m/libtfm_api.a(interface.c.obj)
                0x0000000000012548                tfm_ns_interface_dispatch
 .text.tfm_platform_ioctl
                0x00000000000125ac       0x4c modules/trusted-firmware-m/libtfm_api.a(tfm_platform_api.c.obj)
                0x00000000000125ac                tfm_platform_ioctl
 .text.psa_import_key
                0x00000000000125f8       0x58 modules/trusted-firmware-m/libtfm_api.a(tfm_crypto_api.c.obj)
                0x00000000000125f8                psa_import_key
 .text.psa_destroy_key
                0x0000000000012650       0x3c modules/trusted-firmware-m/libtfm_api.a(tfm_crypto_api.c.obj)
                0x0000000000012650                psa_destroy_key
 .text.psa_mac_sign_setup
                0x000000000001268c       0x4c modules/trusted-firmware-m/libtfm_api.a(tfm_crypto_api.c.obj)
                0x000000000001268c                psa_mac_sign_setup
 .text.psa_mac_update
                0x00000000000126d8       0x44 modules/trusted-firmware-m/libtfm_api.a(tfm_crypto_api.c.obj)
                0x00000000000126d8                psa_mac_update
 .text.psa_mac_sign_finish
                0x000000000001271c       0x5c modules/trusted-firmware-m/libtfm_api.a(tfm_crypto_api.c.obj)
                0x000000000001271c                psa_mac_sign_finish
 .text.psa_generate_random
                0x0000000000012778       0x48 modules/trusted-firmware-m/libtfm_api.a(tfm_crypto_api.c.obj)
                0x0000000000012778                psa_generate_random
 .text.psa_call
                0x00000000000127c0       0x34 modules/trusted-firmware-m/libtfm_api.a(tfm_tz_psa_ns_api.c.obj)
                0x00000000000127c0                psa_call
 .text.nrfx_flag32_alloc
                0x00000000000127f4       0x40 modules/hal_nordic/modules/hal_nordic/nrfx/libmodules__hal_nordic__nrfx.a(nrfx_flag32_allocator.c.obj)
                0x00000000000127f4                nrfx_flag32_alloc
 .text.nrfx_flag32_free
                0x0000000000012834       0x38 modules/hal_nordic/modules/hal_nordic/nrfx/libmodules__hal_nordic__nrfx.a(nrfx_flag32_allocator.c.obj)
                0x0000000000012834                nrfx_flag32_free
 .text.nrfx_gppi_channels_enable
                0x000000000001286c        0xc modules/hal_nordic/modules/hal_nordic/nrfx/libmodules__hal_nordic__nrfx.a(nrfx_gppi_dppi.c.obj)
                0x000000000001286c                nrfx_gppi_channels_enable
 .text.nrfx_gppi_channel_alloc
                0x0000000000012878        0xc modules/hal_nordic/modules/hal_nordic/nrfx/libmodules__hal_nordic__nrfx.a(nrfx_gppi_dppi.c.obj)
                0x0000000000012878                nrfx_gppi_channel_alloc
 .text.clock_stop
                0x0000000000012884       0xfc modules/hal_nordic/modules/hal_nordic/nrfx/libmodules__hal_nordic__nrfx.a(nrfx_clock.c.obj)
 .text.nrfx_clock_init
                0x0000000000012980       0x20 modules/hal_nordic/modules/hal_nordic/nrfx/libmodules__hal_nordic__nrfx.a(nrfx_clock.c.obj)
                0x0000000000012980                nrfx_clock_init
 .text.nrfx_clock_enable
                0x00000000000129a0       0x30 modules/hal_nordic/modules/hal_nordic/nrfx/libmodules__hal_nordic__nrfx.a(nrfx_clock.c.obj)
                0x00000000000129a0                nrfx_clock_enable
 .text.nrfx_clock_start
                0x00000000000129d0       0xd8 modules/hal_nordic/modules/hal_nordic/nrfx/libmodules__hal_nordic__nrfx.a(nrfx_clock.c.obj)
                0x00000000000129d0                nrfx_clock_start
 .text.nrfx_power_clock_irq_handler
                0x0000000000012aa8       0x74 modules/hal_nordic/modules/hal_nordic/nrfx/libmodules__hal_nordic__nrfx.a(nrfx_clock.c.obj)
                0x0000000000012aa8                nrfx_power_clock_irq_handler
 .text.nrfx_dppi_channel_alloc
                0x0000000000012b1c       0x10 modules/hal_nordic/modules/hal_nordic/nrfx/libmodules__hal_nordic__nrfx.a(nrfx_dppi.c.obj)
                0x0000000000012b1c                nrfx_dppi_channel_alloc
 .text.nrf_gpio_pin_port_decode
                0x0000000000012b2c       0x24 modules/hal_nordic/modules/hal_nordic/nrfx/libmodules__hal_nordic__nrfx.a(nrfx_gpiote.c.obj)
 .text.get_pin_idx
                0x0000000000012b50       0x14 modules/hal_nordic/modules/hal_nordic/nrfx/libmodules__hal_nordic__nrfx.a(nrfx_gpiote.c.obj)
 .text.call_handler.constprop.0
                0x0000000000012b64       0x40 modules/hal_nordic/modules/hal_nordic/nrfx/libmodules__hal_nordic__nrfx.a(nrfx_gpiote.c.obj)
 .text.pin_te_get.constprop.0
                0x0000000000012ba4       0x18 modules/hal_nordic/modules/hal_nordic/nrfx/libmodules__hal_nordic__nrfx.a(nrfx_gpiote.c.obj)
 .text.pin_is_output.constprop.0
                0x0000000000012bbc       0x18 modules/hal_nordic/modules/hal_nordic/nrfx/libmodules__hal_nordic__nrfx.a(nrfx_gpiote.c.obj)
 .text.pin_in_use_by_te.constprop.0
                0x0000000000012bd4       0x18 modules/hal_nordic/modules/hal_nordic/nrfx/libmodules__hal_nordic__nrfx.a(nrfx_gpiote.c.obj)
 .text.latch_pending_read_and_check
                0x0000000000012bec       0x3c modules/hal_nordic/modules/hal_nordic/nrfx/libmodules__hal_nordic__nrfx.a(nrfx_gpiote.c.obj)
 .text.release_handler.isra.0
                0x0000000000012c28       0x58 modules/hal_nordic/modules/hal_nordic/nrfx/libmodules__hal_nordic__nrfx.a(nrfx_gpiote.c.obj)
 .text.__nrfy_internal_gpiote_events_process.constprop.0
                0x0000000000012c80       0x64 modules/hal_nordic/modules/hal_nordic/nrfx/libmodules__hal_nordic__nrfx.a(nrfx_gpiote.c.obj)
 .text.pin_uninit
                0x0000000000012ce4       0x84 modules/hal_nordic/modules/hal_nordic/nrfx/libmodules__hal_nordic__nrfx.a(nrfx_gpiote.c.obj)
 .text.nrfx_gpiote_input_configure
                0x0000000000012d68      0x180 modules/hal_nordic/modules/hal_nordic/nrfx/libmodules__hal_nordic__nrfx.a(nrfx_gpiote.c.obj)
                0x0000000000012d68                nrfx_gpiote_input_configure
 .text.nrfx_gpiote_output_configure
                0x0000000000012ee8      0x104 modules/hal_nordic/modules/hal_nordic/nrfx/libmodules__hal_nordic__nrfx.a(nrfx_gpiote.c.obj)
                0x0000000000012ee8                nrfx_gpiote_output_configure
 .text.nrfx_gpiote_global_callback_set
                0x0000000000012fec        0xc modules/hal_nordic/modules/hal_nordic/nrfx/libmodules__hal_nordic__nrfx.a(nrfx_gpiote.c.obj)
                0x0000000000012fec                nrfx_gpiote_global_callback_set
 .text.nrfx_gpiote_channel_get
                0x0000000000012ff8       0x34 modules/hal_nordic/modules/hal_nordic/nrfx/libmodules__hal_nordic__nrfx.a(nrfx_gpiote.c.obj)
                0x0000000000012ff8                nrfx_gpiote_channel_get
 .text.nrfx_gpiote_init
                0x000000000001302c       0x48 modules/hal_nordic/modules/hal_nordic/nrfx/libmodules__hal_nordic__nrfx.a(nrfx_gpiote.c.obj)
                0x000000000001302c                nrfx_gpiote_init
 .text.nrfx_gpiote_init_check
                0x0000000000013074       0x14 modules/hal_nordic/modules/hal_nordic/nrfx/libmodules__hal_nordic__nrfx.a(nrfx_gpiote.c.obj)
                0x0000000000013074                nrfx_gpiote_init_check
 .text.nrfx_gpiote_channel_free
                0x0000000000013088       0x10 modules/hal_nordic/modules/hal_nordic/nrfx/libmodules__hal_nordic__nrfx.a(nrfx_gpiote.c.obj)
                0x0000000000013088                nrfx_gpiote_channel_free
 .text.nrfx_gpiote_channel_alloc
                0x0000000000013098       0x10 modules/hal_nordic/modules/hal_nordic/nrfx/libmodules__hal_nordic__nrfx.a(nrfx_gpiote.c.obj)
                0x0000000000013098                nrfx_gpiote_channel_alloc
 .text.nrfx_gpiote_trigger_enable
                0x00000000000130a8       0xa8 modules/hal_nordic/modules/hal_nordic/nrfx/libmodules__hal_nordic__nrfx.a(nrfx_gpiote.c.obj)
                0x00000000000130a8                nrfx_gpiote_trigger_enable
 .text.nrfx_gpiote_1_irq_handler
                0x0000000000013150      0x1a8 modules/hal_nordic/modules/hal_nordic/nrfx/libmodules__hal_nordic__nrfx.a(nrfx_gpiote.c.obj)
                0x0000000000013150                nrfx_gpiote_1_irq_handler
 .text.nrfx_ipc_init
                0x00000000000132f8       0x30 modules/hal_nordic/modules/hal_nordic/nrfx/libmodules__hal_nordic__nrfx.a(nrfx_ipc.c.obj)
                0x00000000000132f8                nrfx_ipc_init
 .text.nrfx_ipc_config_load
                0x0000000000013328       0x40 modules/hal_nordic/modules/hal_nordic/nrfx/libmodules__hal_nordic__nrfx.a(nrfx_ipc.c.obj)
                0x0000000000013328                nrfx_ipc_config_load
 .text.nrfx_ipc_receive_event_enable
                0x0000000000013368       0x10 modules/hal_nordic/modules/hal_nordic/nrfx/libmodules__hal_nordic__nrfx.a(nrfx_ipc.c.obj)
                0x0000000000013368                nrfx_ipc_receive_event_enable
 .text.nrfx_ipc_receive_event_disable
                0x0000000000013378       0x10 modules/hal_nordic/modules/hal_nordic/nrfx/libmodules__hal_nordic__nrfx.a(nrfx_ipc.c.obj)
                0x0000000000013378                nrfx_ipc_receive_event_disable
 .text.nrfx_ipc_irq_handler
                0x0000000000013388       0x40 modules/hal_nordic/modules/hal_nordic/nrfx/libmodules__hal_nordic__nrfx.a(nrfx_ipc.c.obj)
                0x0000000000013388                nrfx_ipc_irq_handler
 .text.metal_generic_dev_open
                0x00000000000133c8       0x40 modules/libmetal/libmetal/lib/libmetal.a(device.c.obj)
                0x00000000000133c8                metal_generic_dev_open
 .text.metal_bus_unregister
                0x0000000000013408       0x3c modules/libmetal/libmetal/lib/libmetal.a(device.c.obj)
                0x0000000000013408                metal_bus_unregister
 .text.metal_bus_find
                0x0000000000013444       0x3c modules/libmetal/libmetal/lib/libmetal.a(device.c.obj)
                0x0000000000013444                metal_bus_find
 .text.metal_bus_register
                0x0000000000013480       0x5c modules/libmetal/libmetal/lib/libmetal.a(device.c.obj)
                0x0000000000013480                metal_bus_register
 .text.metal_init
                0x00000000000134dc       0x4c modules/libmetal/libmetal/lib/libmetal.a(init.c.obj)
                0x00000000000134dc                metal_init
 .text.metal_finish
                0x0000000000013528       0x24 modules/libmetal/libmetal/lib/libmetal.a(init.c.obj)
                0x0000000000013528                metal_finish
 .text.metal_sys_init
                0x000000000001354c       0x10 modules/libmetal/libmetal/lib/libmetal.a(init.c.obj)
                0x000000000001354c                metal_sys_init
 .text.metal_sys_finish
                0x000000000001355c        0xc modules/libmetal/libmetal/lib/libmetal.a(init.c.obj)
                0x000000000001355c                metal_sys_finish
 .text.metal_zephyr_log_handler
                0x0000000000013568       0x3c modules/libmetal/libmetal/lib/libmetal.a(log.c.obj)
                0x0000000000013568                metal_zephyr_log_handler
 .text.virtio_create_virtqueues
                0x00000000000135a4       0xbc modules/open-amp/open-amp/lib/libopen_amp.a(virtio.c.obj)
                0x00000000000135a4                virtio_create_virtqueues
 .text.virtqueue_free
                0x0000000000013660       0x38 modules/open-amp/open-amp/lib/libopen_amp.a(virtqueue.c.obj)
                0x0000000000013660                virtqueue_free
 .text.virtqueue_add_consumed_buffer
                0x0000000000013698       0x38 modules/open-amp/open-amp/lib/libopen_amp.a(virtqueue.c.obj)
                0x0000000000013698                virtqueue_add_consumed_buffer
 .text.rpmsg_send_offchannel_raw
                0x00000000000136d0       0x2c modules/open-amp/open-amp/lib/libopen_amp.a(rpmsg.c.obj)
                0x00000000000136d0                rpmsg_send_offchannel_raw
 .text.rpmsg_send_offchannel_nocopy
                0x00000000000136fc       0x2c modules/open-amp/open-amp/lib/libopen_amp.a(rpmsg.c.obj)
                0x00000000000136fc                rpmsg_send_offchannel_nocopy
 .text.rpmsg_create_ept
                0x0000000000013728      0x114 modules/open-amp/open-amp/lib/libopen_amp.a(rpmsg.c.obj)
                0x0000000000013728                rpmsg_create_ept
 .text.rpmsg_virtio_buf_held_dec_test
                0x000000000001383c       0x38 modules/open-amp/open-amp/lib/libopen_amp.a(rpmsg_virtio.c.obj)
 .text.rpmsg_virtio_get_tx_buffer_size
                0x0000000000013874       0x4c modules/open-amp/open-amp/lib/libopen_amp.a(rpmsg_virtio.c.obj)
                0x0000000000013874                rpmsg_virtio_get_tx_buffer_size
 .text.rpmsg_virtio_get_rx_buffer_size
                0x00000000000138c0       0x4c modules/open-amp/open-amp/lib/libopen_amp.a(rpmsg_virtio.c.obj)
                0x00000000000138c0                rpmsg_virtio_get_rx_buffer_size
 .text.rpmsg_virtio_send_offchannel_raw
                0x000000000001390c       0x5c modules/open-amp/open-amp/lib/libopen_amp.a(rpmsg_virtio.c.obj)
 .text.rpmsg_init_vdev_with_config
                0x0000000000013968      0x2a0 modules/open-amp/open-amp/lib/libopen_amp.a(rpmsg_virtio.c.obj)
                0x0000000000013968                rpmsg_init_vdev_with_config
 .text.rpmsg_init_vdev
                0x0000000000013c08       0x2c modules/open-amp/open-amp/lib/libopen_amp.a(rpmsg_virtio.c.obj)
                0x0000000000013c08                rpmsg_init_vdev
 .text.k_sys_fatal_error_handler
                0x0000000000013c34       0x20 zephyr/kernel/libkernel.a(fatal.c.obj)
                0x0000000000013c34                k_sys_fatal_error_handler
 .text.z_fatal_error
                0x0000000000013c54       0xe8 zephyr/kernel/libkernel.a(fatal.c.obj)
                0x0000000000013c54                z_fatal_error
 .text.z_sys_init_run_level
                0x0000000000013d3c       0x30 zephyr/kernel/libkernel.a(init.c.obj)
 .text.bg_thread_main
                0x0000000000013d6c       0xc4 zephyr/kernel/libkernel.a(init.c.obj)
 .text.z_bss_zero
                0x0000000000013e30       0x18 zephyr/kernel/libkernel.a(init.c.obj)
                0x0000000000013e30                z_bss_zero
 .text.z_init_cpu
                0x0000000000013e48       0x68 zephyr/kernel/libkernel.a(init.c.obj)
                0x0000000000013e48                z_init_cpu
 .text.z_cstart
                0x0000000000013eb0       0xd8 zephyr/kernel/libkernel.a(init.c.obj)
                0x0000000000013eb0                z_cstart
 .text.statics_init
                0x0000000000013f88       0x24 zephyr/kernel/libkernel.a(kheap.c.obj)
 .text.init_mem_slab_obj_core_list
                0x0000000000013fac       0x24 zephyr/kernel/libkernel.a(mem_slab.c.obj)
 .text.k_mem_slab_alloc
                0x0000000000013fd0       0x5c zephyr/kernel/libkernel.a(mem_slab.c.obj)
                0x0000000000013fd0                k_mem_slab_alloc
 .text.z_impl_k_mutex_lock
                0x000000000001402c       0xf0 zephyr/kernel/libkernel.a(mutex.c.obj)
                0x000000000001402c                z_impl_k_mutex_lock
 .text.z_impl_k_mutex_unlock
                0x000000000001411c       0xa0 zephyr/kernel/libkernel.a(mutex.c.obj)
                0x000000000001411c                z_impl_k_mutex_unlock
 .text.z_impl_k_queue_get
                0x00000000000141bc       0x64 zephyr/kernel/libkernel.a(queue.c.obj)
                0x00000000000141bc                z_impl_k_queue_get
 .text.z_impl_k_sem_give
                0x0000000000014220       0x74 zephyr/kernel/libkernel.a(sem.c.obj)
                0x0000000000014220                z_impl_k_sem_give
 .text.z_impl_k_sem_take
                0x0000000000014294       0x4c zephyr/kernel/libkernel.a(sem.c.obj)
                0x0000000000014294                z_impl_k_sem_take
 .text.k_sys_work_q_init
                0x00000000000142e0       0x2c zephyr/kernel/libkernel.a(system_work_q.c.obj)
 .text.work_queue_main
                0x000000000001430c      0x14c zephyr/kernel/libkernel.a(work.c.obj)
 .text.cancel_sync_locked
                0x0000000000014458       0x3c zephyr/kernel/libkernel.a(work.c.obj)
 .text.submit_to_queue_locked
                0x0000000000014494       0xb8 zephyr/kernel/libkernel.a(work.c.obj)
 .text.work_flush_locked
                0x000000000001454c       0x78 zephyr/kernel/libkernel.a(work.c.obj)
 .text.k_work_submit
                0x00000000000145c4        0xc zephyr/kernel/libkernel.a(work.c.obj)
                0x00000000000145c4                k_work_submit
 .text.k_work_queue_start
                0x00000000000145d0       0x80 zephyr/kernel/libkernel.a(work.c.obj)
                0x00000000000145d0                k_work_queue_start
 .text.k_work_queue_drain
                0x0000000000014650       0x78 zephyr/kernel/libkernel.a(work.c.obj)
                0x0000000000014650                k_work_queue_drain
 .text.k_work_schedule_for_queue
                0x00000000000146c8       0x54 zephyr/kernel/libkernel.a(work.c.obj)
                0x00000000000146c8                k_work_schedule_for_queue
 .text.k_work_schedule
                0x000000000001471c        0xc zephyr/kernel/libkernel.a(work.c.obj)
                0x000000000001471c                k_work_schedule
 .text.k_work_reschedule_for_queue
                0x0000000000014728       0x5c zephyr/kernel/libkernel.a(work.c.obj)
                0x0000000000014728                k_work_reschedule_for_queue
 .text.k_work_reschedule
                0x0000000000014784        0xc zephyr/kernel/libkernel.a(work.c.obj)
                0x0000000000014784                k_work_reschedule
 .text.z_setup_new_thread
                0x0000000000014790       0x7c zephyr/kernel/libkernel.a(thread.c.obj)
                0x0000000000014790                z_setup_new_thread
 .text.z_impl_k_thread_create
                0x000000000001480c       0x58 zephyr/kernel/libkernel.a(thread.c.obj)
                0x000000000001480c                z_impl_k_thread_create
 .text.z_dummy_thread_init
                0x0000000000014864       0x20 zephyr/kernel/libkernel.a(thread.c.obj)
                0x0000000000014864                z_dummy_thread_init
 .text.z_swap_irqlock
                0x0000000000014884       0x30 zephyr/kernel/libkernel.a(sched.c.obj)
 .text.ready_thread
                0x00000000000148b4       0x84 zephyr/kernel/libkernel.a(sched.c.obj)
 .text.unready_thread
                0x0000000000014938       0x54 zephyr/kernel/libkernel.a(sched.c.obj)
 .text.add_thread_timeout
                0x000000000001498c       0x1c zephyr/kernel/libkernel.a(sched.c.obj)
 .text.move_thread_to_end_of_prio_q
                0x00000000000149a8       0x90 zephyr/kernel/libkernel.a(sched.c.obj)
                0x00000000000149a8                move_thread_to_end_of_prio_q
 .text.z_pend_curr
                0x0000000000014a38       0x44 zephyr/kernel/libkernel.a(sched.c.obj)
                0x0000000000014a38                z_pend_curr
 .text.z_thread_prio_set
                0x0000000000014a7c       0xe4 zephyr/kernel/libkernel.a(sched.c.obj)
                0x0000000000014a7c                z_thread_prio_set
 .text.z_reschedule
                0x0000000000014b60       0x24 zephyr/kernel/libkernel.a(sched.c.obj)
                0x0000000000014b60                z_reschedule
 .text.z_reschedule_irqlock
                0x0000000000014b84       0x28 zephyr/kernel/libkernel.a(sched.c.obj)
                0x0000000000014b84                z_reschedule_irqlock
 .text.k_sched_lock
                0x0000000000014bac       0x28 zephyr/kernel/libkernel.a(sched.c.obj)
                0x0000000000014bac                k_sched_lock
 .text.k_sched_unlock
                0x0000000000014bd4       0x68 zephyr/kernel/libkernel.a(sched.c.obj)
                0x0000000000014bd4                k_sched_unlock
 .text.z_sched_init
                0x0000000000014c3c       0x10 zephyr/kernel/libkernel.a(sched.c.obj)
                0x0000000000014c3c                z_sched_init
 .text.z_impl_k_yield
                0x0000000000014c4c       0x88 zephyr/kernel/libkernel.a(sched.c.obj)
                0x0000000000014c4c                z_impl_k_yield
 .text.z_tick_sleep
                0x0000000000014cd4       0x78 zephyr/kernel/libkernel.a(sched.c.obj)
 .text.z_impl_k_wakeup
                0x0000000000014d4c       0x48 zephyr/kernel/libkernel.a(sched.c.obj)
                0x0000000000014d4c                z_impl_k_wakeup
 .text.z_impl_k_sched_current_thread_query
                0x0000000000014d94        0xc zephyr/kernel/libkernel.a(sched.c.obj)
                0x0000000000014d94                z_impl_k_sched_current_thread_query
 .text.z_thread_abort
                0x0000000000014da0      0x138 zephyr/kernel/libkernel.a(sched.c.obj)
                0x0000000000014da0                z_thread_abort
 .text.z_sched_wait
                0x0000000000014ed8       0x24 zephyr/kernel/libkernel.a(sched.c.obj)
                0x0000000000014ed8                z_sched_wait
 .text.slice_timeout
                0x0000000000014efc       0x20 zephyr/kernel/libkernel.a(timeslicing.c.obj)
 .text.thread_is_sliceable
                0x0000000000014f1c       0x3c zephyr/kernel/libkernel.a(timeslicing.c.obj)
                0x0000000000014f1c                thread_is_sliceable
 .text.z_reset_time_slice
                0x0000000000014f58       0x50 zephyr/kernel/libkernel.a(timeslicing.c.obj)
                0x0000000000014f58                z_reset_time_slice
 .text.z_time_slice
                0x0000000000014fa8       0x60 zephyr/kernel/libkernel.a(timeslicing.c.obj)
                0x0000000000014fa8                z_time_slice
 .text.z_data_copy
                0x0000000000015008       0x38 zephyr/kernel/libkernel.a(xip.c.obj)
                0x0000000000015008                z_data_copy
 .text.first    0x0000000000015040       0x10 zephyr/kernel/libkernel.a(timeout.c.obj)
 .text.elapsed  0x0000000000015050       0x14 zephyr/kernel/libkernel.a(timeout.c.obj)
 .text.remove_timeout
                0x0000000000015064       0x38 zephyr/kernel/libkernel.a(timeout.c.obj)
 .text.z_add_timeout
                0x000000000001509c      0x124 zephyr/kernel/libkernel.a(timeout.c.obj)
                0x000000000001509c                z_add_timeout
 .text.sys_clock_announce
                0x00000000000151c0       0xbc zephyr/kernel/libkernel.a(timeout.c.obj)
                0x00000000000151c0                sys_clock_announce
 .text.sys_clock_tick_get
                0x000000000001527c       0x30 zephyr/kernel/libkernel.a(timeout.c.obj)
                0x000000000001527c                sys_clock_tick_get
 .text.z_timer_expiration_handler
                0x00000000000152ac       0xe0 zephyr/kernel/libkernel.a(timer.c.obj)
                0x00000000000152ac                z_timer_expiration_handler
 .text.z_impl_k_timer_start
                0x000000000001538c       0x74 zephyr/kernel/libkernel.a(timer.c.obj)
                0x000000000001538c                z_impl_k_timer_start
 .text.z_impl_k_poll_signal_raise
                0x0000000000015400       0x50 zephyr/kernel/libkernel.a(poll.c.obj)
                0x0000000000015400                z_impl_k_poll_signal_raise
 .text.z_thread_alloc_helper
                0x0000000000015450       0x38 zephyr/kernel/libkernel.a(mempool.c.obj)
 .text.k_malloc
                0x0000000000015488       0x14 zephyr/kernel/libkernel.a(mempool.c.obj)
                0x0000000000015488                k_malloc
 .text.k_thread_system_pool_assign
                0x000000000001549c        0xc zephyr/kernel/libkernel.a(mempool.c.obj)
                0x000000000001549c                k_thread_system_pool_assign
 .text.z_thread_malloc
                0x00000000000154a8       0x10 zephyr/kernel/libkernel.a(mempool.c.obj)
                0x00000000000154a8                z_thread_malloc
 .text.verify_header
                0x00000000000154b8       0x40 modules/nrf/subsys/nrf_security/src/libmbedcrypto.a(memory_buffer_alloc.c.obj)
 .text.verify_chain
                0x00000000000154f8       0x3c modules/nrf/subsys/nrf_security/src/libmbedcrypto.a(memory_buffer_alloc.c.obj)
 .text.buffer_alloc_calloc
                0x0000000000015534       0xec modules/nrf/subsys/nrf_security/src/libmbedcrypto.a(memory_buffer_alloc.c.obj)
 .text.buffer_alloc_free
                0x0000000000015620       0xfc modules/nrf/subsys/nrf_security/src/libmbedcrypto.a(memory_buffer_alloc.c.obj)
 .text.mbedtls_memory_buffer_alloc_init
                0x000000000001571c       0x68 modules/nrf/subsys/nrf_security/src/libmbedcrypto.a(memory_buffer_alloc.c.obj)
                0x000000000001571c                mbedtls_memory_buffer_alloc_init
 .text.exit     0x0000000000015784       0x1c c:\ncs\toolchains\b8b84efebd\opt\zephyr-sdk\arm-zephyr-eabi\bin\../lib/gcc/../../picolibc/arm-zephyr-eabi/lib/thumb/v8-m.main/nofp\libc.a(libc_stdlib_pico-exit.c.o)
                0x0000000000015784                exit
 .text.puts     0x00000000000157a0       0x40 c:\ncs\toolchains\b8b84efebd\opt\zephyr-sdk\arm-zephyr-eabi\bin\../lib/gcc/../../picolibc/arm-zephyr-eabi/lib/thumb/v8-m.main/nofp\libc.a(libc_tinystdio_puts.c.o)
                0x00000000000157a0                puts
 .text.snprintf
                0x00000000000157e0       0x58 c:\ncs\toolchains\b8b84efebd\opt\zephyr-sdk\arm-zephyr-eabi\bin\../lib/gcc/../../picolibc/arm-zephyr-eabi/lib/thumb/v8-m.main/nofp\libc.a(libc_tinystdio_snprintf.c.o)
                0x00000000000157e0                snprintf
 .text.__l_vfprintf
                0x0000000000015838      0x4b4 c:\ncs\toolchains\b8b84efebd\opt\zephyr-sdk\arm-zephyr-eabi\bin\../lib/gcc/../../picolibc/arm-zephyr-eabi/lib/thumb/v8-m.main/nofp\libc.a(libc_tinystdio_vflprintf.c.o)
                0x0000000000015838                __l_vfprintf
 .text.__libc_fini_array
                0x0000000000015cec       0x2c c:\ncs\toolchains\b8b84efebd\opt\zephyr-sdk\arm-zephyr-eabi\bin\../lib/gcc/../../picolibc/arm-zephyr-eabi/lib/thumb/v8-m.main/nofp\libc.a(libc_misc_fini.c.o)
                0x0000000000015cec                __libc_fini_array
 .text._OffsetAbsSyms
                0x0000000000015d18        0x2 zephyr/CMakeFiles/offsets.dir/./arch/arm/core/offsets/offsets.c.obj
                0x0000000000015d18                _OffsetAbsSyms
 .text.app_led_cb
                0x0000000000015d1a        0x8 app/libapp.a(main.c.obj)
 .text.indicate_cb
                0x0000000000015d22        0x2 app/libapp.a(my_lbs.c.obj)
 .text.chunk_field
                0x0000000000015d24       0x16 zephyr/libzephyr.a(heap.c.obj)
 .text.chunk_set
                0x0000000000015d3a       0x16 zephyr/libzephyr.a(heap.c.obj)
 .text.chunk_size
                0x0000000000015d50        0xc zephyr/libzephyr.a(heap.c.obj)
 .text.set_chunk_used
                0x0000000000015d5c       0x30 zephyr/libzephyr.a(heap.c.obj)
 .text.set_chunk_size
                0x0000000000015d8c        0x8 zephyr/libzephyr.a(heap.c.obj)
 .text.mem_to_chunkid
                0x0000000000015d94       0x14 zephyr/libzephyr.a(heap.c.obj)
 .text.bucket_idx.isra.0
                0x0000000000015da8       0x1c zephyr/libzephyr.a(heap.c.obj)
 .text.free_list_remove_bidx
                0x0000000000015dc4       0x5c zephyr/libzephyr.a(heap.c.obj)
 .text.free_list_remove
                0x0000000000015e20       0x2e zephyr/libzephyr.a(heap.c.obj)
 .text.alloc_chunk
                0x0000000000015e4e       0x74 zephyr/libzephyr.a(heap.c.obj)
 .text.split_chunks
                0x0000000000015ec2       0x4e zephyr/libzephyr.a(heap.c.obj)
 .text.merge_chunks
                0x0000000000015f10       0x3c zephyr/libzephyr.a(heap.c.obj)
 .text.free_list_add
                0x0000000000015f4c       0x84 zephyr/libzephyr.a(heap.c.obj)
 .text.free_chunk
                0x0000000000015fd0       0x84 zephyr/libzephyr.a(heap.c.obj)
 .text.sys_heap_free
                0x0000000000016054       0x24 zephyr/libzephyr.a(heap.c.obj)
                0x0000000000016054                sys_heap_free